[2026-09-16T04:21:17Z] === ENRICH ITERATION 3 START | repo=mhammond/pywin32 sha=58f58184 ===
[2026-09-16T04:21:17Z] [iter=3] PHASE START: enrich repo=mhammond/pywin32 sha=58f58184 runlog=/home/runner/work/forx/forx/storage/aggregate/lsp/logs/58f58184-enrich-iter-003.log output=/home/runner/work/forx/forx/storage/aggregate/lsp/58f58184e4374cca9d177a5ca31c95705367df68.nq.gz
[2026-09-16T04:21:17Z] [iter=3] Step 1: Loading AST into disk-backed store mem_mb=78 MB
[2026-09-16T04:23:07Z] [iter=3] AST store loaded triples=10183057 load_secs=106 mem_mb=1043 MB
[2026-09-16T04:23:07Z] [iter=3] Step 2: Finding LSP targets mem_mb=1043 MB
[2026-09-16T04:23:25Z] [iter=3] LSP targets found call_sites=74876 imports=0 extends=601 implements=0 secs=18
[2026-09-16T04:23:28Z] [iter=3] Loaded checkpoint partial graph triples=66187
[2026-09-16T04:23:39Z] [iter=3] Step 2.7: Building position index (one-shot, shared across resolvers) mem_mb=1043 MB
[2026-09-16T04:24:46Z] [iter=3] Position index built positions=736586 nodes_with_types=918193 secs=67 mem_mb=1907 MB
[2026-09-16T04:24:46Z] [iter=3] Step 3: Starting LSP resolution mem_mb=1907 MB already_completed_types=[] already_completed_files=251
[2026-09-16T04:24:46Z] [iter=3] Resolving target type target_type=call_site count=74876
[2026-09-16T04:24:48Z] [iter=3] HEARTBEAT target_type=call_site elapsed_min=3.5 files_done=0 resolved=0 errors=0 current=Pythonwin/Scintilla/src/LexCPP.cxx
[2026-09-16T04:29:07Z] [iter=3] HEARTBEAT target_type=call_site elapsed_min=7.8 files_done=1 resolved=1 errors=60 current=com/win32comext/directsound/src/PyIDirectSoundBuffer.cpp
[2026-09-16T04:30:07Z] [iter=3] HEARTBEAT target_type=call_site elapsed_min=8.8 files_done=2 resolved=1 errors=74 current=com/win32comext/axdebug/src/PyIEnumDebugExpressionContexts.cpp
[2026-09-16T04:30:37Z] [iter=3] HEARTBEAT target_type=call_site elapsed_min=9.3 files_done=3 resolved=1 errors=81 current=com/win32comext/shell/src/PyIExtractIconW.cpp
[2026-09-16T04:32:38Z] [iter=3] HEARTBEAT target_type=call_site elapsed_min=11.4 files_done=5 resolved=13 errors=109 current=com/win32com/src/extensions/PyICreateTypeLib2.cpp
[2026-09-16T04:34:40Z] [iter=3] HEARTBEAT target_type=call_site elapsed_min=13.4 files_done=7 resolved=19 errors=137 current=com/win32com/src/PyStorage.cpp
[2026-09-16T04:35:19Z] [iter=3] HEARTBEAT target_type=call_site elapsed_min=14.0 files_done=9 resolved=19 errors=146 current=win32/src/wincerapi_reg.cpp
[2026-09-16T04:36:59Z] [iter=3] HEARTBEAT target_type=call_site elapsed_min=15.7 files_done=10 resolved=26 errors=169 current=win32/src/win32file_comm.cpp
[2026-09-16T04:41:41Z] [iter=3] HEARTBEAT target_type=call_site elapsed_min=20.4 files_done=11 resolved=26 errors=234 current=com/win32com/src/extensions/PyTYPEATTR.cpp
[2026-09-16T04:42:51Z] [iter=3] HEARTBEAT target_type=call_site elapsed_min=21.6 files_done=12 resolved=26 errors=250 current=com/win32comext/shell/src/PyIEnumIDList.cpp
[2026-09-16T04:43:26Z] [iter=3] HEARTBEAT target_type=call_site elapsed_min=22.1 files_done=15 resolved=26 errors=258 current=com/win32comext/axscript/src/AXScript.cpp
[2026-09-16T04:46:27Z] [iter=3] HEARTBEAT target_type=call_site elapsed_min=25.2 files_done=16 resolved=26 errors=300 current=Pythonwin/pythonview.cpp
[2026-09-16T04:47:36Z] [iter=3] HEARTBEAT target_type=call_site elapsed_min=26.3 files_done=17 resolved=26 errors=316 current=com/win32comext/internet/src/PyIInternetBindInfo.cpp
[2026-09-16T04:52:51Z] [iter=3] HEARTBEAT target_type=call_site elapsed_min=31.6 files_done=22 resolved=35 errors=389 current=Pythonwin/Scintilla/src/LexAsn1.cxx
[2026-09-16T04:54:43Z] [iter=3] HEARTBEAT target_type=call_site elapsed_min=33.4 files_done=23 resolved=35 errors=415 current=com/win32comext/shell/src/PyIShellIconOverlayIdentifier.cpp
[2026-09-16T04:55:26Z] [iter=3] HEARTBEAT target_type=call_site elapsed_min=34.1 files_done=25 resolved=35 errors=425 current=win32/src/PerfMon/PerfCounterDefn.cpp
[2026-09-16T04:56:39Z] [iter=3] HEARTBEAT target_type=call_site elapsed_min=35.4 files_done=27 resolved=35 errors=442 current=Pythonwin/pythonwin.cpp
[2026-09-16T04:58:09Z] [iter=3] HEARTBEAT target_type=call_site elapsed_min=36.9 files_done=31 resolved=35 errors=463 current=Pythonwin/Scintilla/src/LexPLM.cxx
[2026-09-16T05:03:46Z] [iter=3] HEARTBEAT target_type=call_site elapsed_min=42.5 files_done=34 resolved=52 errors=542 current=com/win32comext/directsound/src/directsound.cpp
[2026-09-16T05:05:58Z] [iter=3] HEARTBEAT target_type=call_site elapsed_min=44.7 files_done=36 resolved=59 errors=689 current=Pythonwin/Scintilla/include/SString.h
[2026-09-16T05:07:24Z] [iter=3] HEARTBEAT target_type=call_site elapsed_min=46.1 files_done=37 resolved=59 errors=709 current=Pythonwin/Scintilla/src/LexAPDL.cxx
[2026-09-16T05:09:24Z] [iter=3] HEARTBEAT target_type=call_site elapsed_min=48.1 files_done=38 resolved=66 errors=737 current=com/win32com/src/PyIBase.cpp
[2026-09-16T05:11:07Z] [iter=3] HEARTBEAT target_type=call_site elapsed_min=49.8 files_done=41 resolved=66 errors=761 current=com/win32comext/shell/src/PyIShellView.cpp
[2026-09-16T05:12:11Z] [iter=3] HEARTBEAT target_type=call_site elapsed_min=50.9 files_done=42 resolved=66 errors=776 current=com/win32comext/internet/src/PyIInternetProtocolSink.cpp
[2026-09-16T05:12:41Z] [iter=3] HEARTBEAT target_type=call_site elapsed_min=51.4 files_done=43 resolved=66 errors=783 current=Pythonwin/Scintilla/src/LexOthers.cxx
[2026-09-16T05:16:34Z] [iter=3] HEARTBEAT target_type=call_site elapsed_min=55.3 files_done=44 resolved=103 errors=837 current=com/win32comext/directsound/src/PyIDirectSoundCaptureBuffer.cpp
[2026-09-16T05:17:17Z] [iter=3] HEARTBEAT target_type=call_site elapsed_min=56.0 files_done=46 resolved=103 errors=847 current=Pythonwin/Scintilla/src/CharacterSet.h
[2026-09-16T05:19:02Z] [iter=3] HEARTBEAT target_type=call_site elapsed_min=57.7 files_done=48 resolved=108 errors=871 current=isapi/src/ControlBlock.h
[2026-09-16T05:21:03Z] [iter=3] HEARTBEAT target_type=call_site elapsed_min=59.8 files_done=51 resolved=120 errors=910 current=Pythonwin/Scintilla/src/LexProgress.cxx
[2026-09-16T05:23:45Z] [iter=3] HEARTBEAT target_type=call_site elapsed_min=62.5 files_done=52 resolved=126 errors=947 current=Pythonwin/Scintilla/src/LexLout.cxx
[2026-09-16T05:25:33Z] [iter=3] HEARTBEAT target_type=call_site elapsed_min=64.3 files_done=53 resolved=129 errors=972 current=Pythonwin/Scintilla/src/LexGAP.cxx
[2026-09-16T05:27:17Z] [iter=3] HEARTBEAT target_type=call_site elapsed_min=66.0 files_done=54 resolved=140 errors=996 current=com/win32comext/directsound/src/PyIDirectSoundNotify.cpp
[2026-09-16T05:27:52Z] [iter=3] HEARTBEAT target_type=call_site elapsed_min=66.6 files_done=56 resolved=140 errors=1004 current=com/win32comext/propsys/src/propsys.cpp
[2026-09-16T05:28:26Z] [iter=3] HEARTBEAT target_type=call_site elapsed_min=67.2 files_done=59 resolved=140 errors=1012 current=com/win32comext/axdebug/src/PyIDebugSyncOperation.cpp
[2026-09-16T05:28:57Z] [iter=3] HEARTBEAT target_type=call_site elapsed_min=67.7 files_done=60 resolved=140 errors=1019 current=Pythonwin/Scintilla/src/Partitioning.h
[2026-09-16T05:29:44Z] [iter=3] HEARTBEAT target_type=call_site elapsed_min=68.5 files_done=61 resolved=140 errors=1030 current=Pythonwin/Scintilla/src/LexR.cxx
[2026-09-16T05:31:18Z] [iter=3] HEARTBEAT target_type=call_site elapsed_min=70.0 files_done=62 resolved=144 errors=1052 current=com/win32com/src/extensions/PyIMoniker.cpp
[2026-09-16T05:31:49Z] [iter=3] HEARTBEAT target_type=call_site elapsed_min=70.5 files_done=68 resolved=144 errors=1059 current=com/win32com/src/extensions/PyILockBytes.cpp
[2026-09-16T05:33:23Z] [iter=3] HEARTBEAT target_type=call_site elapsed_min=72.1 files_done=71 resolved=144 errors=1081 current=com/win32comext/bits/src/PyIBackgroundCopyJob3.cpp
[2026-09-16T05:33:58Z] [iter=3] HEARTBEAT target_type=call_site elapsed_min=72.7 files_done=74 resolved=144 errors=1089 current=com/win32comext/axcontrol/src/AXControl.cpp
[2026-09-16T05:36:15Z] [iter=3] HEARTBEAT target_type=call_site elapsed_min=75.0 files_done=75 resolved=144 errors=1121 current=Pythonwin/Scintilla/src/LexCrontab.cxx
[2026-09-16T05:37:02Z] [iter=3] HEARTBEAT target_type=call_site elapsed_min=75.8 files_done=78 resolved=148 errors=1132 current=com/win32com/src/include/PyIMoniker.h
[2026-09-16T05:37:58Z] [iter=3] HEARTBEAT target_type=call_site elapsed_min=76.7 files_done=84 resolved=148 errors=1145 current=com/win32com/src/PyComHelpers.cpp
[2026-09-16T05:39:03Z] [iter=3] HEARTBEAT target_type=call_site elapsed_min=77.8 files_done=86 resolved=148 errors=1160 current=com/win32comext/shell/src/PyIDeskBand.cpp
[2026-09-16T05:39:42Z] [iter=3] HEARTBEAT target_type=call_site elapsed_min=78.4 files_done=91 resolved=156 errors=1169 current=com/TestSources/PyCOMTest/DSCArrayTest.h
[2026-09-16T05:42:17Z] [iter=3] HEARTBEAT target_type=call_site elapsed_min=81.0 files_done=93 resolved=160 errors=1205 current=Pythonwin/win32win.h
[2026-09-16T05:44:25Z] [iter=3] HEARTBEAT target_type=call_site elapsed_min=83.1 files_done=95 resolved=162 errors=1235 current=com/win32com/src/extensions/PyIDropTarget.cpp
[2026-09-16T05:47:38Z] [iter=3] HEARTBEAT target_type=call_site elapsed_min=86.3 files_done=97 resolved=166 errors=1279 current=com/win32comext/axdebug/src/PyIDebugExpression.cpp
[2026-09-16T05:48:08Z] [iter=3] HEARTBEAT target_type=call_site elapsed_min=86.9 files_done=100 resolved=166 errors=1286 current=com/win32comext/taskscheduler/src/PyITaskScheduler.cpp
[2026-09-16T05:48:43Z] [iter=3] HEARTBEAT target_type=call_site elapsed_min=87.4 files_done=101 resolved=166 errors=1294 current=com/win32comext/authorization/src/authorization.cpp
[2026-09-16T05:50:26Z] [iter=3] HEARTBEAT target_type=call_site elapsed_min=89.2 files_done=107 resolved=166 errors=1318 current=com/win32comext/directsound/src/PyIDirectSoundCapture.cpp
[2026-09-16T05:52:01Z] [iter=3] HEARTBEAT target_type=call_site elapsed_min=90.7 files_done=111 resolved=168 errors=1390 current=Pythonwin/Scintilla/src/LexNsis.cxx
[2026-09-16T05:54:46Z] [iter=3] HEARTBEAT target_type=call_site elapsed_min=93.5 files_done=112 resolved=171 errors=1428 current=com/win32comext/shell/src/PyIExtractIcon.cpp
[2026-09-16T05:57:53Z] [iter=3] HEARTBEAT target_type=call_site elapsed_min=96.6 files_done=114 resolved=184 errors=1471 current=com/win32com/src/extensions/PyICreateTypeLib.cpp
[2026-09-16T05:59:58Z] [iter=3] HEARTBEAT target_type=call_site elapsed_min=98.7 files_done=116 resolved=195 errors=1500 current=Pythonwin/Scintilla/src/Editor.h
[2026-09-16T06:00:33Z] [iter=3] HEARTBEAT target_type=call_site elapsed_min=99.3 files_done=119 resolved=195 errors=1508 current=Pythonwin/Scintilla/src/ExternalLexer.cxx
[2026-09-16T06:01:29Z] [iter=3] HEARTBEAT target_type=call_site elapsed_min=100.2 files_done=120 resolved=197 errors=1521 current=com/win32com/src/extensions/PyICatRegister.cpp
[2026-09-16T06:02:21Z] [iter=3] HEARTBEAT target_type=call_site elapsed_min=101.1 files_done=122 resolved=197 errors=1533 current=com/win32comext/axdebug/src/PyIMachineDebugManagerEvents.cpp
[2026-09-16T06:02:51Z] [iter=3] HEARTBEAT target_type=call_site elapsed_min=101.6 files_done=125 resolved=197 errors=1540 current=com/win32com/src/extensions/PyIEnumSTATPROPSTG.cpp
[2026-09-16T06:04:29Z] [iter=3] HEARTBEAT target_type=call_site elapsed_min=103.2 files_done=128 resolved=197 errors=1563 current=Pythonwin/Scintilla/src/LexMSSQL.cxx
[2026-09-16T06:06:17Z] [iter=3] HEARTBEAT target_type=call_site elapsed_min=105.0 files_done=129 resolved=205 errors=1588 current=com/win32comext/bits/src/PyIBackgroundCopyJob2.cpp
[2026-09-16T06:07:05Z] [iter=3] HEARTBEAT target_type=call_site elapsed_min=105.8 files_done=133 resolved=205 errors=1599 current=com/win32comext/axcontrol/src/PyIOleInPlaceSiteWindowless.cpp
[2026-09-16T06:08:53Z] [iter=3] HEARTBEAT target_type=call_site elapsed_min=107.6 files_done=134 resolved=205 errors=1624 current=com/win32comext/shell/src/PyIDefaultExtractIconInit.cpp
[2026-09-16T06:12:14Z] [iter=3] HEARTBEAT target_type=call_site elapsed_min=111.0 files_done=136 resolved=208 errors=1671 current=Pythonwin/win32ImageList.cpp
[2026-09-16T06:13:36Z] [iter=3] HEARTBEAT target_type=call_site elapsed_min=112.3 files_done=137 resolved=208 errors=1690 current=com/win32comext/axdebug/src/PyIDebugStackFrame.cpp
[2026-09-16T06:14:14Z] [iter=3] HEARTBEAT target_type=call_site elapsed_min=113.0 files_done=138 resolved=208 errors=1699 current=com/win32comext/internet/src/internet.cpp
[2026-09-16T06:17:12Z] [iter=3] HEARTBEAT target_type=call_site elapsed_min=115.9 files_done=139 resolved=208 errors=1740 current=Pythonwin/win32ctledit.cpp
[2026-09-16T06:18:37Z] [iter=3] HEARTBEAT target_type=call_site elapsed_min=117.3 files_done=140 resolved=208 errors=1760 current=Pythonwin/Scintilla/src/LexCmake.cxx
[2026-09-16T06:21:54Z] [iter=3] HEARTBEAT target_type=call_site elapsed_min=120.6 files_done=141 resolved=210 errors=1806 current=isapi/src/FilterContext.h
[2026-09-16T06:23:54Z] [iter=3] HEARTBEAT target_type=call_site elapsed_min=122.6 files_done=144 resolved=210 errors=1834 current=com/win32comext/axcontrol/src/PyIOleInPlaceObject.cpp
[2026-09-16T06:24:25Z] [iter=3] HEARTBEAT target_type=call_site elapsed_min=123.1 files_done=145 resolved=210 errors=1841 current=com/win32comext/axcontrol/src/PyISpecifyPropertyPages.cpp
[2026-09-16T06:25:12Z] [iter=3] HEARTBEAT target_type=call_site elapsed_min=123.9 files_done=148 resolved=210 errors=1852 current=com/win32comext/axscript/src/PyIObjectSafety.h
[2026-09-16T06:25:47Z] [iter=3] HEARTBEAT target_type=call_site elapsed_min=124.5 files_done=150 resolved=210 errors=1860 current=com/win32com/src/extensions/PyIBindCtx.cpp
[2026-09-16T06:27:08Z] [iter=3] HEARTBEAT target_type=call_site elapsed_min=125.9 files_done=153 resolved=210 errors=1879 current=com/win32comext/axcontrol/src/PyIViewObject2.cpp
[2026-09-16T06:27:38Z] [iter=3] HEARTBEAT target_type=call_site elapsed_min=126.4 files_done=157 resolved=210 errors=1886 current=com/win32com/src/extensions/PyGPropertyBag.cpp
[2026-09-16T06:33:06Z] [iter=3] HEARTBEAT target_type=call_site elapsed_min=131.8 files_done=160 resolved=210 errors=1962 current=com/win32comext/axscript/src/PyIActiveScriptError.cpp
[2026-09-16T06:33:45Z] [iter=3] HEARTBEAT target_type=call_site elapsed_min=132.5 files_done=171 resolved=210 errors=2033 current=com/win32comext/axscript/src/AXScript.h
[2026-09-16T06:34:33Z] [iter=3] HEARTBEAT target_type=call_site elapsed_min=133.3 files_done=175 resolved=210 errors=2044 current=win32/src/win32net/win32netgroup.cpp
[2026-09-16T06:36:25Z] [iter=3] HEARTBEAT target_type=call_site elapsed_min=135.1 files_done=176 resolved=210 errors=2070 current=com/win32com/src/extensions/PyIPersist.cpp
[2026-09-16T06:38:44Z] [iter=3] HEARTBEAT target_type=call_site elapsed_min=137.4 files_done=178 resolved=223 errors=2102 current=Pythonwin/Scintilla/src/Decoration.cxx
[2026-09-16T06:40:10Z] [iter=3] HEARTBEAT target_type=call_site elapsed_min=138.9 files_done=179 resolved=223 errors=2122 current=Pythonwin/Scintilla/src/StyleContext.h
[2026-09-16T06:40:40Z] [iter=3] HEARTBEAT target_type=call_site elapsed_min=139.4 files_done=181 resolved=223 errors=2129 current=com/win32comext/shell/src/PyIDockingWindow.cpp
[2026-09-16T06:42:15Z] [iter=3] HEARTBEAT target_type=call_site elapsed_min=141.0 files_done=185 resolved=223 errors=2151 current=win32/src/_win32sysloader.cpp
[2026-09-16T06:42:54Z] [iter=3] HEARTBEAT target_type=call_site elapsed_min=141.6 files_done=191 resolved=225 errors=2160 current=Pythonwin/win32gdi.h
[2026-09-16T06:44:17Z] [iter=3] HEARTBEAT target_type=call_site elapsed_min=143.0 files_done=194 resolved=226 errors=2179 current=com/TestSources/PyCOMTest/SimpleCounter.cpp
[2026-09-16T06:45:09Z] [iter=3] HEARTBEAT target_type=call_site elapsed_min=143.9 files_done=196 resolved=226 errors=2191 current=com/win32comext/shell/src/PyIUniformResourceLocator.cpp
[2026-09-16T06:46:36Z] [iter=3] HEARTBEAT target_type=call_site elapsed_min=145.3 files_done=198 resolved=226 errors=2211 current=com/win32comext/shell/src/PyIEnumExplorerCommand.cpp
[2026-09-16T06:47:11Z] [iter=3] HEARTBEAT target_type=call_site elapsed_min=145.9 files_done=201 resolved=226 errors=2219 current=com/win32comext/axdebug/src/PyIProcessDebugManager.cpp
[2026-09-16T06:47:54Z] [iter=3] HEARTBEAT target_type=call_site elapsed_min=146.6 files_done=202 resolved=226 errors=2229 current=com/win32comext/axdebug/src/PyIDebugStackFrameSniffer.cpp
[2026-09-16T06:49:04Z] [iter=3] HEARTBEAT target_type=call_site elapsed_min=147.8 files_done=205 resolved=226 errors=2245 current=com/win32comext/axcontrol/src/PyIOleInPlaceSiteEx.h
[2026-09-16T06:49:56Z] [iter=3] HEARTBEAT target_type=call_site elapsed_min=148.6 files_done=206 resolved=226 errors=2257 current=com/win32com/src/include/PyIEnumVARIANT.h
[2026-09-16T06:50:34Z] [iter=3] HEARTBEAT target_type=call_site elapsed_min=149.3 files_done=212 resolved=226 errors=2266 current=com/win32comext/axcontrol/src/PyIOleInPlaceSiteEx.cpp
[2026-09-16T06:51:30Z] [iter=3] HEARTBEAT target_type=call_site elapsed_min=150.2 files_done=214 resolved=226 errors=2279 current=com/win32com/src/include/PyIPersist.h
[2026-09-16T06:52:00Z] [iter=3] HEARTBEAT target_type=call_site elapsed_min=150.7 files_done=220 resolved=226 errors=2286 current=win32/src/stddde.h
[2026-09-16T06:52:30Z] [iter=3] HEARTBEAT target_type=call_site elapsed_min=151.2 files_done=225 resolved=226 errors=2293 current=Pythonwin/Scintilla/src/SVector.h
[2026-09-16T06:53:26Z] [iter=3] HEARTBEAT target_type=call_site elapsed_min=152.2 files_done=226 resolved=226 errors=2306 current=com/win32com/src/MiscTypes.cpp
[2026-09-16T06:54:13Z] [iter=3] HEARTBEAT target_type=call_site elapsed_min=152.9 files_done=232 resolved=226 errors=2317 current=com/win32comext/axcontrol/src/PyIObjectWithSite.cpp
[2026-09-16T06:54:47Z] [iter=3] HEARTBEAT target_type=call_site elapsed_min=153.5 files_done=235 resolved=226 errors=2325 current=com/win32comext/shell/src/PyIEmptyVolumeCache.h
[2026-09-16T06:55:22Z] [iter=3] HEARTBEAT target_type=call_site elapsed_min=154.1 files_done=240 resolved=227 errors=2333 current=com/win32com/src/extensions/PyGErrorLog.cpp
[2026-09-16T06:55:53Z] [iter=3] HEARTBEAT target_type=call_site elapsed_min=154.6 files_done=247 resolved=227 errors=2340 current=Pythonwin/Scintilla/include/KeyWords.h
[2026-09-16T06:56:23Z] [iter=3] HEARTBEAT target_type=call_site elapsed_min=155.1 files_done=254 resolved=228 errors=2347 current=com/win32com/src/extensions/PyIErrorLog.cpp
[2026-09-16T06:57:06Z] [iter=3] HEARTBEAT target_type=call_site elapsed_min=155.8 files_done=261 resolved=228 errors=2357 current=win32/Demos/c_extension/win32_extension.cpp
[2026-09-16T06:57:36Z] [iter=3] HEARTBEAT target_type=call_site elapsed_min=156.3 files_done=273 resolved=228 errors=2364 current=win32/src/PySecurityObjects.h
[2026-09-16T06:58:07Z] [iter=3] HEARTBEAT target_type=call_site elapsed_min=156.8 files_done=289 resolved=228 errors=2371 current=com/win32comext/authorization/src/PyGSecurityInformation.h
[2026-09-16T06:58:37Z] [iter=3] HEARTBEAT target_type=call_site elapsed_min=157.3 files_done=300 resolved=228 errors=2378 current=Pythonwin/win32ctrlTree.h
[2026-09-16T07:04:01Z] [iter=3] HEARTBEAT target_type=call_site elapsed_min=162.7 files_done=313 resolved=315 errors=2453 current=Pythonwin/pywin/Demos/openGLDemo.py
[2026-09-16T07:05:09Z] [iter=3] HEARTBEAT target_type=call_site elapsed_min=163.9 files_done=314 resolved=318 errors=2469 current=win32/Demos/GetSaveFileName.py
[2026-09-16T07:11:00Z] [iter=3] HEARTBEAT target_type=call_site elapsed_min=169.7 files_done=316 resolved=389 errors=2551 current=Pythonwin/pywin/framework/scriptutils.py
[2026-09-16T07:13:35Z] [iter=3] HEARTBEAT target_type=call_site elapsed_min=172.3 files_done=317 resolved=464 errors=2584 current=com/win32com/client/gencache.py
[2026-09-16T07:17:04Z] [iter=3] HEARTBEAT target_type=call_site elapsed_min=175.8 files_done=318 resolved=544 errors=2632 current=win32/test/handles.py
[2026-09-16T07:20:59Z] [iter=3] HEARTBEAT target_type=call_site elapsed_min=179.7 files_done=320 resolved=581 errors=2687 current=com/win32com/decimal_23.py
[2026-09-16T07:49:35Z] [iter=3] HEARTBEAT target_type=call_site elapsed_min=208.3 files_done=321 resolved=743 errors=3041 current=Pythonwin/pywin/docking/DockingBar.py
[2026-09-16T07:52:21Z] [iter=3] HEARTBEAT target_type=call_site elapsed_min=211.1 files_done=322 resolved=759 errors=3080 current=adodbapi/tests/dbapi20.py
[2026-09-16T07:55:43Z] [iter=3] HEARTBEAT target_type=call_site elapsed_min=214.4 files_done=323 resolved=937 errors=3127 current=com/win32com/server/policy.py
[2026-09-16T08:00:12Z] [iter=3] HEARTBEAT target_type=call_site elapsed_min=218.9 files_done=324 resolved=995 errors=3190 current=win32/Lib/sspi.py
[2026-09-16T08:01:15Z] [iter=3] HEARTBEAT target_type=call_site elapsed_min=220.0 files_done=325 resolved=1004 errors=3205 current=adodbapi/tests/adodbapitest.py
[2026-09-16T08:06:34Z] [iter=3] HEARTBEAT target_type=call_site elapsed_min=225.3 files_done=326 resolved=1096 errors=3280 current=isapi/threaded_extension.py
[2026-09-16T08:08:00Z] [iter=3] HEARTBEAT target_type=call_site elapsed_min=226.7 files_done=328 resolved=1129 errors=3300 current=com/win32comext/mapi/emsabtags.py
[2026-09-16T08:21:23Z] [iter=3] CHECKPOINT TRIGGERED elapsed_min=240.1 files_completed=579 new_files_this_iter=328 mem_mb=1957 MB
[2026-09-16T08:21:23Z] [iter=3] Writing partial enrichment graph path=/home/runner/work/forx/forx/storage/aggregate/lsp/58f58184e4374cca9d177a5ca31c95705367df68.nq.gz triples=98306
[2026-09-16T08:21:25Z] [iter=3] Checkpoint written, exiting with code 7
[2026-09-16T08:21:25Z] [iter=3] PHASE END: enrich (checkpointed) elapsed_s=14406 elapsed_min=240.1 files_completed=579
