[2026-09-16T13:02:33Z] === ENRICH ITERATION 5 START | repo=mhammond/pywin32 sha=58f58184 ===
[2026-09-16T13:02:33Z] [iter=5] PHASE START: enrich repo=mhammond/pywin32 sha=58f58184 runlog=/home/runner/work/forx/forx/storage/aggregate/lsp/logs/58f58184-enrich-iter-005.log output=/home/runner/work/forx/forx/storage/aggregate/lsp/58f58184e4374cca9d177a5ca31c95705367df68.nq.gz
[2026-09-16T13:02:33Z] [iter=5] Step 1: Loading AST into disk-backed store mem_mb=78 MB
[2026-09-16T13:04:19Z] [iter=5] AST store loaded triples=10183057 load_secs=101 mem_mb=1052 MB
[2026-09-16T13:04:19Z] [iter=5] Step 2: Finding LSP targets mem_mb=1052 MB
[2026-09-16T13:04:37Z] [iter=5] LSP targets found call_sites=74876 imports=0 extends=601 implements=0 secs=18
[2026-09-16T13:04:42Z] [iter=5] Loaded checkpoint partial graph triples=124179
[2026-09-16T13:04:54Z] [iter=5] Step 2.7: Building position index (one-shot, shared across resolvers) mem_mb=1052 MB
[2026-09-16T13:05:55Z] [iter=5] Position index built positions=736586 nodes_with_types=918193 secs=61 mem_mb=1980 MB
[2026-09-16T13:05:55Z] [iter=5] Step 3: Starting LSP resolution mem_mb=1980 MB already_completed_types=[] already_completed_files=624
[2026-09-16T13:05:55Z] [iter=5] Resolving target type target_type=call_site count=74876
[2026-09-16T13:05:59Z] [iter=5] HEARTBEAT target_type=call_site elapsed_min=3.4 files_done=0 resolved=0 errors=0 current=com/win32com/client/tlbrowse.py
[2026-09-16T13:07:00Z] [iter=5] HEARTBEAT target_type=call_site elapsed_min=4.4 files_done=1 resolved=12 errors=14 current=pywin32_postinstall.py
[2026-09-16T13:09:46Z] [iter=5] HEARTBEAT target_type=call_site elapsed_min=7.2 files_done=2 resolved=108 errors=52 current=Pythonwin/pywin/framework/interact.py
[2026-09-16T13:16:48Z] [iter=5] HEARTBEAT target_type=call_site elapsed_min=14.2 files_done=3 resolved=156 errors=150 current=com/win32comext/axdebug/codecontainer.py
[2026-09-16T13:18:57Z] [iter=5] HEARTBEAT target_type=call_site elapsed_min=16.4 files_done=4 resolved=181 errors=180 current=Pythonwin/pywin/framework/mdi_pychecker.py
[2026-09-16T13:21:41Z] [iter=5] HEARTBEAT target_type=call_site elapsed_min=19.1 files_done=5 resolved=295 errors=217 current=win32/Lib/win32verstamp.py
[2026-09-16T13:23:50Z] [iter=5] HEARTBEAT target_type=call_site elapsed_min=21.3 files_done=6 resolved=330 errors=247 current=Pythonwin/pywin/framework/editor/configui.py
[2026-09-16T13:28:15Z] [iter=5] HEARTBEAT target_type=call_site elapsed_min=25.7 files_done=7 resolved=335 errors=309 current=Pythonwin/pywin/scintilla/keycodes.py
[2026-09-16T13:30:06Z] [iter=5] HEARTBEAT target_type=call_site elapsed_min=27.5 files_done=8 resolved=352 errors=334 current=Pythonwin/pywin/Demos/app/customprint.py
[2026-09-16T13:30:57Z] [iter=5] HEARTBEAT target_type=call_site elapsed_min=28.4 files_done=9 resolved=357 errors=345 current=Pythonwin/pywin/idle/FormatParagraph.py
[2026-09-16T13:32:02Z] [iter=5] HEARTBEAT target_type=call_site elapsed_min=29.5 files_done=10 resolved=386 errors=360 current=Pythonwin/pywin/scintilla/bindings.py
[2026-09-16T13:33:03Z] [iter=5] HEARTBEAT target_type=call_site elapsed_min=30.5 files_done=11 resolved=395 errors=374 current=com/win32com/client/selecttlb.py
[2026-09-16T13:33:41Z] [iter=5] HEARTBEAT target_type=call_site elapsed_min=31.1 files_done=12 resolved=411 errors=383 current=com/win32comext/shell/demos/servers/folder_view.py
[2026-09-16T13:40:43Z] [iter=5] HEARTBEAT target_type=call_site elapsed_min=38.2 files_done=13 resolved=443 errors=482 current=Pythonwin/pywin/scintilla/config.py
[2026-09-16T13:43:56Z] [iter=5] HEARTBEAT target_type=call_site elapsed_min=41.4 files_done=14 resolved=502 errors=527 current=Pythonwin/pywin/Demos/ocx/ocxserialtest.py
[2026-09-16T13:44:43Z] [iter=5] HEARTBEAT target_type=call_site elapsed_min=42.2 files_done=15 resolved=505 errors=538 current=Pythonwin/pywin/idle/AutoIndent.py
[2026-09-16T13:48:24Z] [iter=5] HEARTBEAT target_type=call_site elapsed_min=45.8 files_done=16 resolved=536 errors=589 current=Pythonwin/pywin/scintilla/configui.py
[2026-09-16T13:51:24Z] [iter=5] HEARTBEAT target_type=call_site elapsed_min=48.8 files_done=17 resolved=543 errors=631 current=win32/test/test_win32file.py
[2026-09-16T13:52:26Z] [iter=5] HEARTBEAT target_type=call_site elapsed_min=49.9 files_done=19 resolved=775 errors=645 current=com/win32comext/shell/demos/IUniformResourceLocator.py
[2026-09-16T13:55:38Z] [iter=5] HEARTBEAT target_type=call_site elapsed_min=53.1 files_done=21 resolved=782 errors=690 current=Pythonwin/pywin/framework/toolmenu.py
[2026-09-16T13:56:12Z] [iter=5] HEARTBEAT target_type=call_site elapsed_min=53.6 files_done=23 resolved=796 errors=698 current=Pythonwin/pywin/framework/editor/editor.py
[2026-09-16T13:58:05Z] [iter=5] HEARTBEAT target_type=call_site elapsed_min=55.5 files_done=24 resolved=810 errors=724 current=win32/test/test_win32guistruct.py
[2026-09-16T13:59:01Z] [iter=5] HEARTBEAT target_type=call_site elapsed_min=56.5 files_done=25 resolved=858 errors=737 current=win32/Demos/win32gui_menu.py
[2026-09-16T14:00:42Z] [iter=5] HEARTBEAT target_type=call_site elapsed_min=58.1 files_done=27 resolved=915 errors=760 current=Pythonwin/pywin/dialogs/ideoptions.py
[2026-09-16T14:01:21Z] [iter=5] HEARTBEAT target_type=call_site elapsed_min=58.8 files_done=28 resolved=923 errors=769 current=com/win32com/client/genpy.py
[2026-09-16T14:06:45Z] [iter=5] HEARTBEAT target_type=call_site elapsed_min=64.2 files_done=29 resolved=1013 errors=842 current=win32/Demos/BackupRead_BackupWrite.py
[2026-09-16T14:07:45Z] [iter=5] HEARTBEAT target_type=call_site elapsed_min=65.2 files_done=31 resolved=1100 errors=856 current=com/win32comext/taskscheduler/test/test_addtask.py
[2026-09-16T14:09:02Z] [iter=5] HEARTBEAT target_type=call_site elapsed_min=66.5 files_done=37 resolved=1136 errors=874 current=Pythonwin/pywin/Demos/app/dojobapp.py
[2026-09-16T14:10:39Z] [iter=5] HEARTBEAT target_type=call_site elapsed_min=68.1 files_done=39 resolved=1178 errors=897 current=win32/Lib/win32serviceutil.py
[2026-09-16T14:14:37Z] [iter=5] HEARTBEAT target_type=call_site elapsed_min=72.1 files_done=40 resolved=1230 errors=953 current=com/win32com/test/testAXScript.py
[2026-09-16T14:15:23Z] [iter=5] HEARTBEAT target_type=call_site elapsed_min=72.8 files_done=42 resolved=1251 errors=964 current=com/win32com/demos/excelRTDServer.py
[2026-09-16T14:17:01Z] [iter=5] HEARTBEAT target_type=call_site elapsed_min=74.5 files_done=43 resolved=1275 errors=987 current=Pythonwin/pywin/framework/editor/document.py
[2026-09-16T14:19:00Z] [iter=5] HEARTBEAT target_type=call_site elapsed_min=76.4 files_done=44 resolved=1292 errors=1015 current=win32/Demos/cerapi.py
[2026-09-16T14:19:39Z] [iter=5] HEARTBEAT target_type=call_site elapsed_min=77.1 files_done=45 resolved=1301 errors=1024 current=win32/Demos/dde/ddeserver.py
[2026-09-16T14:20:22Z] [iter=5] HEARTBEAT target_type=call_site elapsed_min=77.8 files_done=47 resolved=1310 errors=1034 current=win32/Lib/win32gui_struct.py
[2026-09-16T14:23:04Z] [iter=5] HEARTBEAT target_type=call_site elapsed_min=80.5 files_done=48 resolved=1364 errors=1072 current=com/win32com/client/__init__.py
[2026-09-16T14:25:53Z] [iter=5] HEARTBEAT target_type=call_site elapsed_min=83.3 files_done=49 resolved=1404 errors=1111 current=com/win32com/test/testExplorer.py
[2026-09-16T14:26:44Z] [iter=5] HEARTBEAT target_type=call_site elapsed_min=84.2 files_done=50 resolved=1409 errors=1123 current=win32/test/test_security.py
[2026-09-16T14:28:13Z] [iter=5] HEARTBEAT target_type=call_site elapsed_min=85.7 files_done=53 resolved=1438 errors=1144 current=com/win32com/test/errorSemantics.py
[2026-09-16T14:31:07Z] [iter=5] HEARTBEAT target_type=call_site elapsed_min=88.6 files_done=54 resolved=1452 errors=1185 current=wince/Lib/ceshell.py
[2026-09-16T14:32:12Z] [iter=5] HEARTBEAT target_type=call_site elapsed_min=89.6 files_done=55 resolved=1493 errors=1200 current=Pythonwin/pywin/scintilla/IDLEenvironment.py
[2026-09-16T14:38:56Z] [iter=5] HEARTBEAT target_type=call_site elapsed_min=96.4 files_done=56 resolved=1536 errors=1293 current=com/win32com/server/util.py
[2026-09-16T14:40:09Z] [iter=5] HEARTBEAT target_type=call_site elapsed_min=97.6 files_done=57 resolved=1551 errors=1310 current=Pythonwin/pywin/debugger/debugger.py
[2026-09-16T14:47:37Z] [iter=5] HEARTBEAT target_type=call_site elapsed_min=105.1 files_done=58 resolved=1617 errors=1415 current=isapi/samples/redirector_asynch.py
[2026-09-16T14:52:47Z] [iter=5] HEARTBEAT target_type=call_site elapsed_min=110.2 files_done=60 resolved=1652 errors=1488 current=isapi/samples/redirector_with_filter.py
[2026-09-16T14:53:18Z] [iter=5] HEARTBEAT target_type=call_site elapsed_min=110.7 files_done=61 resolved=1655 errors=1495 current=com/win32comext/adsi/demos/scp.py
[2026-09-16T14:56:00Z] [iter=5] HEARTBEAT target_type=call_site elapsed_min=113.4 files_done=62 resolved=1703 errors=1533 current=com/win32comext/axdebug/expressions.py
[2026-09-16T14:57:08Z] [iter=5] HEARTBEAT target_type=call_site elapsed_min=114.6 files_done=63 resolved=1720 errors=1549 current=win32/scripts/rasutil.py
[2026-09-16T14:57:55Z] [iter=5] HEARTBEAT target_type=call_site elapsed_min=115.4 files_done=65 resolved=1732 errors=1560 current=Pythonwin/pywin/Demos/createwin.py
[2026-09-16T14:58:37Z] [iter=5] HEARTBEAT target_type=call_site elapsed_min=116.1 files_done=66 resolved=1733 errors=1570 current=com/win32com/test/testClipboard.py
[2026-09-16T15:00:06Z] [iter=5] HEARTBEAT target_type=call_site elapsed_min=117.6 files_done=67 resolved=1743 errors=1591 current=Pythonwin/pywin/mfc/object.py
[2026-09-16T15:02:06Z] [iter=5] HEARTBEAT target_type=call_site elapsed_min=119.5 files_done=69 resolved=1814 errors=1619 current=Pythonwin/pywin/mfc/activex.py
[2026-09-16T15:02:49Z] [iter=5] HEARTBEAT target_type=call_site elapsed_min=120.3 files_done=70 resolved=1819 errors=1629 current=win32/Demos/NetValidatePasswordPolicy.py
[2026-09-16T15:03:50Z] [iter=5] HEARTBEAT target_type=call_site elapsed_min=121.3 files_done=72 resolved=1845 errors=1643 current=win32/Demos/win32gui_devicenotify.py
[2026-09-16T15:05:11Z] [iter=5] HEARTBEAT target_type=call_site elapsed_min=122.6 files_done=76 resolved=1908 errors=1662 current=win32/Demos/security/sspi/fetch_url.py
[2026-09-16T15:06:03Z] [iter=5] HEARTBEAT target_type=call_site elapsed_min=123.5 files_done=79 resolved=1933 errors=1674 current=com/win32comext/shell/demos/browse_for_folder.py
[2026-09-16T15:09:37Z] [iter=5] HEARTBEAT target_type=call_site elapsed_min=127.1 files_done=81 resolved=1980 errors=1724 current=com/win32comext/shell/test/testShellItem.py
[2026-09-16T15:10:12Z] [iter=5] HEARTBEAT target_type=call_site elapsed_min=127.6 files_done=83 resolved=1986 errors=1732 current=win32/Demos/winprocess.py
[2026-09-16T15:10:46Z] [iter=5] HEARTBEAT target_type=call_site elapsed_min=128.2 files_done=84 resolved=2002 errors=1740 current=Pythonwin/pywin/debugger/dbgpyapp.py
[2026-09-16T15:11:24Z] [iter=5] HEARTBEAT target_type=call_site elapsed_min=128.8 files_done=86 resolved=2005 errors=1749 current=win32/Demos/security/setsecurityinfo.py
[2026-09-16T15:12:03Z] [iter=5] HEARTBEAT target_type=call_site elapsed_min=129.5 files_done=88 resolved=2012 errors=1758 current=com/win32comext/shell/demos/IShellLinkDataList.py
[2026-09-16T15:14:27Z] [iter=5] HEARTBEAT target_type=call_site elapsed_min=131.9 files_done=90 resolved=2081 errors=1791 current=Pythonwin/pywin/dialogs/list.py
[2026-09-16T15:15:14Z] [iter=5] HEARTBEAT target_type=call_site elapsed_min=132.7 files_done=91 resolved=2086 errors=1802 current=com/win32com/server/dispatcher.py
[2026-09-16T15:18:34Z] [iter=5] HEARTBEAT target_type=call_site elapsed_min=136.0 files_done=92 resolved=2096 errors=1849 current=com/win32comext/authorization/demos/EditSecurity.py
[2026-09-16T15:19:08Z] [iter=5] HEARTBEAT target_type=call_site elapsed_min=136.6 files_done=94 resolved=2106 errors=1857 current=Pythonwin/pywin/framework/editor/ModuleBrowser.py
[2026-09-16T15:21:03Z] [iter=5] HEARTBEAT target_type=call_site elapsed_min=138.5 files_done=95 resolved=2117 errors=1884 current=win32/Lib/netbios.py
[2026-09-16T15:22:15Z] [iter=5] HEARTBEAT target_type=call_site elapsed_min=139.7 files_done=96 resolved=2137 errors=1901 current=Pythonwin/pywin/framework/editor/frame.py
[2026-09-16T15:23:49Z] [iter=5] HEARTBEAT target_type=call_site elapsed_min=141.3 files_done=98 resolved=2159 errors=1923 current=win32/test/test_clipboard.py
[2026-09-16T15:33:50Z] [iter=5] HEARTBEAT target_type=call_site elapsed_min=151.3 files_done=100 resolved=2239 errors=2065 current=com/win32com/test/testExchange.py
[2026-09-16T15:34:32Z] [iter=5] HEARTBEAT target_type=call_site elapsed_min=152.0 files_done=101 resolved=2246 errors=2075 current=win32/Lib/win32rcparser.py
[2026-09-16T15:41:39Z] [iter=5] HEARTBEAT target_type=call_site elapsed_min=159.1 files_done=102 resolved=2329 errors=2175 current=Pythonwin/pywin/dialogs/status.py
[2026-09-16T15:43:50Z] [iter=5] HEARTBEAT target_type=call_site elapsed_min=161.3 files_done=103 resolved=2338 errors=2206 current=com/win32com/server/factory.py
[2026-09-16T15:44:28Z] [iter=5] HEARTBEAT target_type=call_site elapsed_min=161.9 files_done=106 resolved=2340 errors=2215 current=win32/test/test_win32api.py
[2026-09-16T15:45:03Z] [iter=5] HEARTBEAT target_type=call_site elapsed_min=162.5 files_done=108 resolved=2380 errors=2223 current=win32/Demos/security/GetTokenInformation.py
[2026-09-16T15:47:10Z] [iter=5] HEARTBEAT target_type=call_site elapsed_min=164.6 files_done=111 resolved=2419 errors=2253 current=Pythonwin/pywin/debugger/configui.py
[2026-09-16T15:49:09Z] [iter=5] HEARTBEAT target_type=call_site elapsed_min=166.6 files_done=113 resolved=2491 errors=2281 current=win32/Demos/security/setkernelobjectsecurity.py
[2026-09-16T15:50:17Z] [iter=5] HEARTBEAT target_type=call_site elapsed_min=167.7 files_done=118 resolved=2532 errors=2297 current=Pythonwin/pywin/tools/browseProjects.py
[2026-09-16T15:52:37Z] [iter=5] HEARTBEAT target_type=call_site elapsed_min=170.1 files_done=119 resolved=2559 errors=2330 current=win32/Demos/mmapfile_demo.py
[2026-09-16T15:54:55Z] [iter=5] HEARTBEAT target_type=call_site elapsed_min=172.4 files_done=122 resolved=2578 errors=2362 current=win32/Demos/BackupSeek_streamheaders.py
[2026-09-16T15:56:13Z] [iter=5] HEARTBEAT target_type=call_site elapsed_min=173.7 files_done=124 resolved=2593 errors=2380 current=com/win32com/test/testStreams.py
[2026-09-16T15:57:50Z] [iter=5] HEARTBEAT target_type=call_site elapsed_min=175.3 files_done=125 resolved=2611 errors=2403 current=win32/Demos/c_extension/setup.py
[2026-09-16T15:59:32Z] [iter=5] HEARTBEAT target_type=call_site elapsed_min=177.0 files_done=127 resolved=2624 errors=2427 current=win32/Demos/win32gui_demo.py
[2026-09-16T16:01:28Z] [iter=5] HEARTBEAT target_type=call_site elapsed_min=178.9 files_done=130 resolved=2677 errors=2454 current=Pythonwin/pywin/mfc/docview.py
[2026-09-16T16:03:14Z] [iter=5] HEARTBEAT target_type=call_site elapsed_min=180.7 files_done=131 resolved=2677 errors=2479 current=com/win32com/olectl.py
[2026-09-16T16:06:24Z] [iter=5] HEARTBEAT target_type=call_site elapsed_min=183.8 files_done=132 resolved=2678 errors=2524 current=Pythonwin/pywin/tools/TraceCollector.py
[2026-09-16T16:07:58Z] [iter=5] HEARTBEAT target_type=call_site elapsed_min=185.4 files_done=134 resolved=2692 errors=2546 current=win32/Demos/win32comport_demo.py
[2026-09-16T16:09:20Z] [iter=5] HEARTBEAT target_type=call_site elapsed_min=186.8 files_done=137 resolved=2711 errors=2565 current=win32/Demos/win32cred_demo.py
[2026-09-16T16:09:58Z] [iter=5] HEARTBEAT target_type=call_site elapsed_min=187.4 files_done=139 resolved=2724 errors=2574 current=win32/Demos/win32gui_taskbar.py
[2026-09-16T16:11:20Z] [iter=5] HEARTBEAT target_type=call_site elapsed_min=188.8 files_done=141 resolved=2750 errors=2593 current=Pythonwin/pywin/scintilla/document.py
[2026-09-16T16:12:55Z] [iter=5] HEARTBEAT target_type=call_site elapsed_min=190.4 files_done=142 resolved=2768 errors=2615 current=Pythonwin/pywin/framework/dlgappcore.py
[2026-09-16T16:14:46Z] [iter=5] HEARTBEAT target_type=call_site elapsed_min=192.2 files_done=145 resolved=2786 errors=2641 current=com/win32comext/axdebug/debugger.py
[2026-09-16T16:16:03Z] [iter=5] HEARTBEAT target_type=call_site elapsed_min=193.5 files_done=146 resolved=2793 errors=2659 current=com/win32comext/axscript/test/leakTest.py
[2026-09-16T16:16:59Z] [iter=5] HEARTBEAT target_type=call_site elapsed_min=194.4 files_done=147 resolved=2800 errors=2672 current=com/win32comext/taskscheduler/test/test_localsystem.py
[2026-09-16T16:18:28Z] [iter=5] HEARTBEAT target_type=call_site elapsed_min=195.9 files_done=149 resolved=2820 errors=2693 current=com/win32comext/ifilter/ifiltercon.py
[2026-09-16T16:19:19Z] [iter=5] HEARTBEAT target_type=call_site elapsed_min=196.8 files_done=151 resolved=2830 errors=2705 current=com/win32com/client/connect.py
[2026-09-16T16:20:32Z] [iter=5] HEARTBEAT target_type=call_site elapsed_min=198.0 files_done=153 resolved=2856 errors=2722 current=Pythonwin/pywin/tools/hierlist.py
[2026-09-16T16:23:01Z] [iter=5] HEARTBEAT target_type=call_site elapsed_min=200.5 files_done=154 resolved=2878 errors=2757 current=win32/Lib/win32pdhutil.py
[2026-09-16T16:23:56Z] [iter=5] HEARTBEAT target_type=call_site elapsed_min=201.4 files_done=155 resolved=2886 errors=2770 current=Pythonwin/pywin/framework/intpyapp.py
[2026-09-16T16:27:08Z] [iter=5] HEARTBEAT target_type=call_site elapsed_min=204.6 files_done=156 resolved=2907 errors=2815 current=com/win32comext/shell/test/testShellFolder.py
[2026-09-16T16:28:28Z] [iter=5] HEARTBEAT target_type=call_site elapsed_min=205.9 files_done=158 resolved=2914 errors=2834 current=win32/Lib/mmsystem.py
[2026-09-16T16:30:03Z] [iter=5] HEARTBEAT target_type=call_site elapsed_min=207.5 files_done=160 resolved=2938 errors=2856 current=win32/Demos/security/set_file_audit.py
[2026-09-16T16:30:52Z] [iter=5] HEARTBEAT target_type=call_site elapsed_min=208.3 files_done=164 resolved=3013 errors=2867 current=com/win32comext/ifilter/demo/filterDemo.py
[2026-09-16T16:31:51Z] [iter=5] HEARTBEAT target_type=call_site elapsed_min=209.3 files_done=165 resolved=3027 errors=2881 current=win32/scripts/setup_d.py
[2026-09-16T16:32:34Z] [iter=5] HEARTBEAT target_type=call_site elapsed_min=210.0 files_done=166 resolved=3042 errors=2891 current=AutoDuck/InsertExternalOverviews.py
[2026-09-16T16:33:38Z] [iter=5] HEARTBEAT target_type=call_site elapsed_min=211.1 files_done=168 resolved=3054 errors=2906 current=com/win32com/demos/dump_clipboard.py
[2026-09-16T16:34:17Z] [iter=5] HEARTBEAT target_type=call_site elapsed_min=211.7 files_done=173 resolved=3076 errors=2915 current=com/win32comext/mapi/mapiutil.py
[2026-09-16T16:34:57Z] [iter=5] HEARTBEAT target_type=call_site elapsed_min=212.4 files_done=174 resolved=3105 errors=2924 current=com/win32com/test/testMSOffice.py
[2026-09-16T16:36:42Z] [iter=5] HEARTBEAT target_type=call_site elapsed_min=214.2 files_done=175 resolved=3110 errors=2949 current=Pythonwin/pywin/idle/IdleHistory.py
[2026-09-16T16:37:13Z] [iter=5] HEARTBEAT target_type=call_site elapsed_min=214.7 files_done=176 resolved=3119 errors=2956 current=win32/Demos/timer_demo.py
[2026-09-16T16:38:04Z] [iter=5] HEARTBEAT target_type=call_site elapsed_min=215.5 files_done=178 resolved=3139 errors=2968 current=com/win32comext/shell/demos/servers/context_menu.py
[2026-09-16T16:38:35Z] [iter=5] HEARTBEAT target_type=call_site elapsed_min=216.0 files_done=180 resolved=3165 errors=2975 current=com/win32com/demos/eventsFreeThreaded.py
[2026-09-16T16:39:30Z] [iter=5] HEARTBEAT target_type=call_site elapsed_min=216.9 files_done=182 resolved=3195 errors=2988 current=com/win32com/test/testPersist.py
[2026-09-16T16:40:17Z] [iter=5] HEARTBEAT target_type=call_site elapsed_min=217.7 files_done=183 resolved=3221 errors=2999 current=win32/Demos/win32wnet/testwnet.py
[2026-09-16T16:41:33Z] [iter=5] HEARTBEAT target_type=call_site elapsed_min=219.0 files_done=185 resolved=3232 errors=3017 current=com/win32comext/adsi/demos/test.py
[2026-09-16T16:42:20Z] [iter=5] HEARTBEAT target_type=call_site elapsed_min=219.8 files_done=186 resolved=3246 errors=3028 current=win32/Demos/win32fileDemo.py
[2026-09-16T16:43:02Z] [iter=5] HEARTBEAT target_type=call_site elapsed_min=220.5 files_done=189 resolved=3271 errors=3038 current=win32/Demos/FileSecurityTest.py
[2026-09-16T16:44:28Z] [iter=5] HEARTBEAT target_type=call_site elapsed_min=221.9 files_done=192 resolved=3319 errors=3058 current=com/win32comext/mapi/demos/mapisend.py
[2026-09-16T16:45:02Z] [iter=5] HEARTBEAT target_type=call_site elapsed_min=222.5 files_done=195 resolved=3325 errors=3066 current=com/win32com/test/testServers.py
[2026-09-16T16:45:49Z] [iter=5] HEARTBEAT target_type=call_site elapsed_min=223.3 files_done=197 resolved=3338 errors=3077 current=Pythonwin/pywin/idle/AutoExpand.py
[2026-09-16T16:46:33Z] [iter=5] HEARTBEAT target_type=call_site elapsed_min=224.0 files_done=200 resolved=3371 errors=3087 current=com/win32com/servers/test_pycomtest.py
[2026-09-16T16:48:19Z] [iter=5] HEARTBEAT target_type=call_site elapsed_min=225.8 files_done=201 resolved=3374 errors=3112 current=com/win32com/test/pippo_server.py
[2026-09-16T16:49:14Z] [iter=5] HEARTBEAT target_type=call_site elapsed_min=226.7 files_done=204 resolved=3393 errors=3125 current=com/win32comext/axdebug/util.py
[2026-09-16T16:50:06Z] [iter=5] HEARTBEAT target_type=call_site elapsed_min=227.5 files_done=206 resolved=3401 errors=3137 current=win32/Demos/security/localized_names.py
[2026-09-16T16:50:57Z] [iter=5] HEARTBEAT target_type=call_site elapsed_min=228.4 files_done=209 resolved=3418 errors=3149 current=win32/Lib/winxptheme.py
[2026-09-16T16:51:44Z] [iter=5] HEARTBEAT target_type=call_site elapsed_min=229.2 files_done=215 resolved=3465 errors=3210 current=com/win32com/demos/trybag.py
[2026-09-16T16:52:56Z] [iter=5] HEARTBEAT target_type=call_site elapsed_min=230.4 files_done=216 resolved=3465 errors=3227 current=win32/test/test_win32event.py
[2026-09-16T16:53:56Z] [iter=5] HEARTBEAT target_type=call_site elapsed_min=231.4 files_done=219 resolved=3485 errors=3241 current=isapi/samples/test.py
[2026-09-16T16:54:26Z] [iter=5] HEARTBEAT target_type=call_site elapsed_min=231.9 files_done=220 resolved=3496 errors=3248 current=com/win32com/test/testGatewayAddresses.py
[2026-09-16T16:56:12Z] [iter=5] HEARTBEAT target_type=call_site elapsed_min=233.6 files_done=221 resolved=3502 errors=3273 current=com/win32com/server/localserver.py
[2026-09-16T16:56:59Z] [iter=5] HEARTBEAT target_type=call_site elapsed_min=234.4 files_done=224 resolved=3506 errors=3284 current=win32/scripts/regsetup.py
[2026-09-16T17:00:03Z] [iter=5] HEARTBEAT target_type=call_site elapsed_min=237.5 files_done=225 resolved=3569 errors=3327 current=win32/test/test_win32pipe.py
[2026-09-16T17:01:53Z] [iter=5] HEARTBEAT target_type=call_site elapsed_min=239.3 files_done=227 resolved=3600 errors=3353 current=com/win32comext/bits/test/show_all_jobs.py
[2026-09-16T17:02:41Z] [iter=5] CHECKPOINT TRIGGERED elapsed_min=240.1 files_completed=855 new_files_this_iter=231 mem_mb=1984 MB
[2026-09-16T17:02:41Z] [iter=5] Writing partial enrichment graph path=/home/runner/work/forx/forx/storage/aggregate/lsp/58f58184e4374cca9d177a5ca31c95705367df68.nq.gz triples=173082
[2026-09-16T17:02:44Z] [iter=5] Checkpoint written, exiting with code 7
[2026-09-16T17:02:44Z] [iter=5] PHASE END: enrich (checkpointed) elapsed_s=14407 elapsed_min=240.1 files_completed=855
