[2026-09-19T01:12:51Z] === ENRICH ITERATION 3 START | repo=mhammond/pywin32 sha=8a2bb033 ===
[2026-09-19T01:12:51Z] [iter=3] PHASE START: enrich repo=mhammond/pywin32 sha=8a2bb033 runlog=/home/runner/work/forx/forx/storage/aggregate/lsp/logs/8a2bb033-enrich-iter-003.log output=/home/runner/work/forx/forx/storage/aggregate/lsp/8a2bb0337d9fc48b651c18db50f33a7c17827d66.nq.gz
[2026-09-19T01:12:51Z] [iter=3] Step 1: Loading AST into disk-backed store mem_mb=78 MB
[2026-09-19T01:16:11Z] [iter=3] AST store loaded triples=11181001 load_secs=197 mem_mb=1008 MB
[2026-09-19T01:16:11Z] [iter=3] Step 2: Finding LSP targets mem_mb=1008 MB
[2026-09-19T01:16:25Z] [iter=3] LSP targets found call_sites=83208 imports=0 extends=709 implements=0 secs=14
[2026-09-19T01:16:27Z] [iter=3] Loaded checkpoint partial graph triples=49899
[2026-09-19T01:16:36Z] [iter=3] Step 2.7: Building position index (one-shot, shared across resolvers) mem_mb=1008 MB
[2026-09-19T01:17:24Z] [iter=3] Position index built positions=815965 nodes_with_types=1014156 secs=49 mem_mb=1868 MB
[2026-09-19T01:17:24Z] [iter=3] Step 3: Starting LSP resolution mem_mb=1868 MB already_completed_types=[] already_completed_files=133
[2026-09-19T01:17:24Z] [iter=3] Resolving target type target_type=call_site count=83208
[2026-09-19T01:17:26Z] [iter=3] HEARTBEAT target_type=call_site elapsed_min=4.6 files_done=0 resolved=0 errors=0 current=Pythonwin/Scintilla/src/LexPython.cxx
[2026-09-19T01:18:49Z] [iter=3] HEARTBEAT target_type=call_site elapsed_min=6.0 files_done=1 resolved=6 errors=30 current=com/win32comext/axdebug/src/PyIApplicationDebugger.cpp
[2026-09-19T01:19:43Z] [iter=3] HEARTBEAT target_type=call_site elapsed_min=6.9 files_done=3 resolved=7 errors=50 current=com/win32comext/shell/src/PyIRelatedItem.cpp
[2026-09-19T01:21:49Z] [iter=3] HEARTBEAT target_type=call_site elapsed_min=9.0 files_done=6 resolved=7 errors=97 current=Pythonwin/pythonpsheet.cpp
[2026-09-19T01:22:43Z] [iter=3] HEARTBEAT target_type=call_site elapsed_min=9.9 files_done=10 resolved=7 errors=117 current=com/win32com/src/extensions/PyIBindCtx.cpp
[2026-09-19T01:24:08Z] [iter=3] HEARTBEAT target_type=call_site elapsed_min=11.3 files_done=16 resolved=21 errors=148 current=Pythonwin/Scintilla/src/LexNsis.cxx
[2026-09-19T01:25:32Z] [iter=3] HEARTBEAT target_type=call_site elapsed_min=12.7 files_done=17 resolved=24 errors=179 current=com/win32comext/shell/src/PyIEmptyVolumeCache.cpp
[2026-09-19T01:27:51Z] [iter=3] HEARTBEAT target_type=call_site elapsed_min=15.0 files_done=20 resolved=41 errors=230 current=win32/src/odbc.cpp
[2026-09-19T01:30:40Z] [iter=3] HEARTBEAT target_type=call_site elapsed_min=17.8 files_done=21 resolved=62 errors=290 current=com/win32comext/axcontrol/src/PyIOleInPlaceSiteWindowless.cpp
[2026-09-19T01:31:40Z] [iter=3] HEARTBEAT target_type=call_site elapsed_min=18.8 files_done=22 resolved=62 errors=312 current=Pythonwin/win32uiole.cpp
[2026-09-19T01:32:17Z] [iter=3] HEARTBEAT target_type=call_site elapsed_min=19.4 files_done=23 resolved=62 errors=326 current=com/win32comext/shell/src/PyIFileOperation.cpp
[2026-09-19T01:33:11Z] [iter=3] HEARTBEAT target_type=call_site elapsed_min=20.3 files_done=24 resolved=62 errors=345 current=com/win32com/src/univgw.cpp
[2026-09-19T01:33:54Z] [iter=3] HEARTBEAT target_type=call_site elapsed_min=21.0 files_done=26 resolved=65 errors=360 current=win32/src/PerfMon/perfmondata.cpp
[2026-09-19T01:37:30Z] [iter=3] HEARTBEAT target_type=call_site elapsed_min=24.6 files_done=29 resolved=65 errors=490 current=win32/src/win32security_sspi.cpp
[2026-09-19T01:39:04Z] [iter=3] HEARTBEAT target_type=call_site elapsed_min=26.2 files_done=30 resolved=66 errors=524 current=com/win32com/src/extensions/PyIPersistFile.cpp
[2026-09-19T01:51:48Z] [iter=3] HEARTBEAT target_type=call_site elapsed_min=38.9 files_done=32 resolved=66 errors=788 current=com/TestSources/PyCOMTest/DSCArrayTest.h
[2026-09-19T01:53:33Z] [iter=3] HEARTBEAT target_type=call_site elapsed_min=40.7 files_done=36 resolved=77 errors=824 current=com/win32comext/ifilter/src/PyIFilter.cpp
[2026-09-19T01:55:09Z] [iter=3] HEARTBEAT target_type=call_site elapsed_min=42.3 files_done=37 resolved=77 errors=857 current=com/win32comext/axdebug/src/PyIDebugProperties.cpp
[2026-09-19T01:55:49Z] [iter=3] HEARTBEAT target_type=call_site elapsed_min=43.0 files_done=38 resolved=77 errors=871 current=com/win32comext/shell/src/PyIUniformResourceLocator.cpp
[2026-09-19T01:56:37Z] [iter=3] HEARTBEAT target_type=call_site elapsed_min=43.8 files_done=41 resolved=77 errors=888 current=com/win32com/src/extensions/PyICreateTypeInfo.cpp
[2026-09-19T02:00:08Z] [iter=3] HEARTBEAT target_type=call_site elapsed_min=47.3 files_done=43 resolved=77 errors=964 current=Pythonwin/Scintilla/src/LexEScript.cxx
[2026-09-19T02:01:38Z] [iter=3] HEARTBEAT target_type=call_site elapsed_min=48.8 files_done=44 resolved=100 errors=996 current=com/win32com/src/include/PyIPersistStreamInit.h
[2026-09-19T02:02:14Z] [iter=3] HEARTBEAT target_type=call_site elapsed_min=49.4 files_done=46 resolved=100 errors=1009 current=Pythonwin/win32toolbar.cpp
[2026-09-19T02:06:21Z] [iter=3] HEARTBEAT target_type=call_site elapsed_min=53.5 files_done=47 resolved=100 errors=1097 current=com/win32com/src/extensions/PyGStream.cpp
[2026-09-19T02:11:52Z] [iter=3] HEARTBEAT target_type=call_site elapsed_min=59.0 files_done=49 resolved=100 errors=1209 current=com/win32comext/axdebug/src/PyIDebugExpressionContext.cpp
[2026-09-19T02:13:07Z] [iter=3] HEARTBEAT target_type=call_site elapsed_min=60.3 files_done=52 resolved=111 errors=1236 current=com/win32comext/propsys/src/PyIPropertyDescription.cpp
[2026-09-19T02:14:01Z] [iter=3] HEARTBEAT target_type=call_site elapsed_min=61.2 files_done=53 resolved=111 errors=1255 current=win32/src/PySECURITY_ATTRIBUTES.cpp
[2026-09-19T02:14:31Z] [iter=3] HEARTBEAT target_type=call_site elapsed_min=61.7 files_done=56 resolved=111 errors=1266 current=com/win32com/src/extensions/PyTYPEATTR.cpp
[2026-09-19T02:15:16Z] [iter=3] HEARTBEAT target_type=call_site elapsed_min=62.4 files_done=57 resolved=111 errors=1282 current=Pythonwin/pythonview.cpp
[2026-09-19T02:15:55Z] [iter=3] HEARTBEAT target_type=call_site elapsed_min=63.1 files_done=58 resolved=111 errors=1296 current=Pythonwin/Scintilla/src/KeyWords.cxx
[2026-09-19T02:20:02Z] [iter=3] HEARTBEAT target_type=call_site elapsed_min=67.2 files_done=59 resolved=111 errors=1385 current=com/win32com/src/PyComHelpers.cpp
[2026-09-19T02:21:14Z] [iter=3] HEARTBEAT target_type=call_site elapsed_min=68.4 files_done=61 resolved=111 errors=1411 current=Pythonwin/Scintilla/src/LexR.cxx
[2026-09-19T02:22:15Z] [iter=3] HEARTBEAT target_type=call_site elapsed_min=69.4 files_done=62 resolved=115 errors=1433 current=Pythonwin/Scintilla/win32/ScintillaWin.cxx
[2026-09-19T02:26:03Z] [iter=3] HEARTBEAT target_type=call_site elapsed_min=73.2 files_done=63 resolved=125 errors=1515 current=com/win32comext/axscript/src/PyGActiveScript.cpp
[2026-09-19T02:29:51Z] [iter=3] HEARTBEAT target_type=call_site elapsed_min=77.0 files_done=66 resolved=131 errors=1599 current=com/win32comext/authorization/src/PyGSecurityInformation.cpp
[2026-09-19T02:30:46Z] [iter=3] HEARTBEAT target_type=call_site elapsed_min=77.9 files_done=68 resolved=131 errors=1619 current=com/win32comext/shell/src/PyICategorizer.cpp
[2026-09-19T02:32:41Z] [iter=3] HEARTBEAT target_type=call_site elapsed_min=79.8 files_done=71 resolved=134 errors=1660 current=Pythonwin/win32dlg.h
[2026-09-19T02:33:20Z] [iter=3] HEARTBEAT target_type=call_site elapsed_min=80.5 files_done=76 resolved=134 errors=1674 current=com/win32comext/axcontrol/src/PyIOleInPlaceActiveObject.cpp
[2026-09-19T02:34:29Z] [iter=3] HEARTBEAT target_type=call_site elapsed_min=81.6 files_done=80 resolved=134 errors=1699 current=win32/src/wincerapi_reg.cpp
[2026-09-19T02:35:32Z] [iter=3] HEARTBEAT target_type=call_site elapsed_min=82.7 files_done=81 resolved=141 errors=1722 current=com/win32comext/bits/src/PyIBackgroundCopyError.cpp
[2026-09-19T02:36:50Z] [iter=3] HEARTBEAT target_type=call_site elapsed_min=84.0 files_done=84 resolved=141 errors=1750 current=Pythonwin/win32app.cpp
[2026-09-19T02:37:49Z] [iter=3] HEARTBEAT target_type=call_site elapsed_min=85.0 files_done=85 resolved=141 errors=1771 current=Pythonwin/Scintilla/src/Document.h
[2026-09-19T02:38:40Z] [iter=3] HEARTBEAT target_type=call_site elapsed_min=85.8 files_done=87 resolved=141 errors=1789 current=com/win32comext/axdebug/src/PyIDebugDocumentTextAuthor.cpp
[2026-09-19T02:40:12Z] [iter=3] HEARTBEAT target_type=call_site elapsed_min=87.3 files_done=89 resolved=146 errors=1822 current=Pythonwin/win32splitter.h
[2026-09-19T02:44:25Z] [iter=3] HEARTBEAT target_type=call_site elapsed_min=91.6 files_done=93 resolved=179 errors=1914 current=Pythonwin/Scintilla/src/LexVHDL.cxx
[2026-09-19T02:46:08Z] [iter=3] HEARTBEAT target_type=call_site elapsed_min=93.3 files_done=94 resolved=214 errors=1951 current=win32/src/win32net/win32netuse.cpp
[2026-09-19T02:47:39Z] [iter=3] HEARTBEAT target_type=call_site elapsed_min=94.8 files_done=95 resolved=214 errors=1984 current=com/win32comext/shell/src/PyIObjectArray.cpp
[2026-09-19T02:49:58Z] [iter=3] HEARTBEAT target_type=call_site elapsed_min=97.1 files_done=98 resolved=214 errors=2034 current=com/win32comext/shell/src/PyIExplorerCommand.cpp
[2026-09-19T02:50:31Z] [iter=3] HEARTBEAT target_type=call_site elapsed_min=97.7 files_done=99 resolved=214 errors=2046 current=Pythonwin/Scintilla/src/PositionCache.cxx
[2026-09-19T02:52:33Z] [iter=3] HEARTBEAT target_type=call_site elapsed_min=99.7 files_done=100 resolved=218 errors=2090 current=com/win32comext/shell/src/PyIExplorerPaneVisibility.cpp
[2026-09-19T02:53:44Z] [iter=3] HEARTBEAT target_type=call_site elapsed_min=100.9 files_done=103 resolved=218 errors=2116 current=com/win32comext/axcontrol/src/PyIOleInPlaceSiteEx.cpp
[2026-09-19T02:54:34Z] [iter=3] HEARTBEAT target_type=call_site elapsed_min=101.7 files_done=106 resolved=218 errors=2134 current=com/win32comext/axdebug/src/PyIRemoteDebugApplicationThread.cpp
[2026-09-19T02:55:22Z] [iter=3] HEARTBEAT target_type=call_site elapsed_min=102.5 files_done=107 resolved=218 errors=2151 current=win32/src/win32net/win32netuser.cpp
[2026-09-19T03:01:56Z] [iter=3] HEARTBEAT target_type=call_site elapsed_min=109.1 files_done=108 resolved=218 errors=2293 current=com/win32comext/mapi/src/mapiutil.cpp
[2026-09-19T03:03:23Z] [iter=3] HEARTBEAT target_type=call_site elapsed_min=110.5 files_done=109 resolved=219 errors=2324 current=com/win32comext/shell/src/PyICustomDestinationList.cpp
[2026-09-19T03:04:18Z] [iter=3] HEARTBEAT target_type=call_site elapsed_min=111.4 files_done=110 resolved=219 errors=2344 current=Pythonwin/win32doc.cpp
[2026-09-19T03:05:25Z] [iter=3] HEARTBEAT target_type=call_site elapsed_min=112.6 files_done=111 resolved=219 errors=2368 current=Pythonwin/Scintilla/src/LexRuby.cxx
[2026-09-19T03:10:35Z] [iter=3] HEARTBEAT target_type=call_site elapsed_min=117.7 files_done=112 resolved=276 errors=2480 current=win32/src/win32rasmodule.cpp
[2026-09-19T03:12:37Z] [iter=3] HEARTBEAT target_type=call_site elapsed_min=119.8 files_done=113 resolved=276 errors=2525 current=Pythonwin/Scintilla/src/LexMatlab.cxx
[2026-09-19T03:13:13Z] [iter=3] HEARTBEAT target_type=call_site elapsed_min=120.4 files_done=119 resolved=276 errors=2588 current=Pythonwin/win32menu.cpp
[2026-09-19T03:13:54Z] [iter=3] HEARTBEAT target_type=call_site elapsed_min=121.0 files_done=120 resolved=276 errors=2603 current=com/win32com/src/extensions/PyIServerSecurity.cpp
[2026-09-19T03:14:49Z] [iter=3] HEARTBEAT target_type=call_site elapsed_min=122.0 files_done=123 resolved=287 errors=2623 current=com/win32comext/shell/src/PyIShellView.cpp
[2026-09-19T03:15:22Z] [iter=3] HEARTBEAT target_type=call_site elapsed_min=122.5 files_done=124 resolved=287 errors=2635 current=win32/src/win32profilemodule.cpp
[2026-09-19T03:17:02Z] [iter=3] HEARTBEAT target_type=call_site elapsed_min=124.2 files_done=125 resolved=291 errors=2671 current=win32/src/win32inet_winhttp.cpp
[2026-09-19T03:17:33Z] [iter=3] HEARTBEAT target_type=call_site elapsed_min=124.7 files_done=126 resolved=291 errors=2682 current=com/win32comext/mapi/src/mapi_headers/MAPIUtil.h
[2026-09-19T03:19:47Z] [iter=3] HEARTBEAT target_type=call_site elapsed_min=126.9 files_done=127 resolved=291 errors=2731 current=Pythonwin/Scintilla/src/LexPS.cxx
[2026-09-19T03:21:41Z] [iter=3] HEARTBEAT target_type=call_site elapsed_min=128.8 files_done=128 resolved=292 errors=2773 current=Pythonwin/Scintilla/src/LexMSSQL.cxx
[2026-09-19T03:24:25Z] [iter=3] HEARTBEAT target_type=call_site elapsed_min=131.6 files_done=132 resolved=300 errors=2833 current=win32/src/win32crypt/win32crypt_structs.cpp
[2026-09-19T03:25:12Z] [iter=3] HEARTBEAT target_type=call_site elapsed_min=132.3 files_done=133 resolved=301 errors=2850 current=Pythonwin/win32uioleClientItem.cpp
[2026-09-19T03:26:17Z] [iter=3] HEARTBEAT target_type=call_site elapsed_min=133.4 files_done=134 resolved=301 errors=2874 current=Pythonwin/win32brush.cpp
[2026-09-19T03:28:38Z] [iter=3] HEARTBEAT target_type=call_site elapsed_min=135.8 files_done=139 resolved=301 errors=2926 current=com/win32comext/axdebug/src/PyIActiveScriptDebug.cpp
[2026-09-19T03:29:38Z] [iter=3] HEARTBEAT target_type=call_site elapsed_min=136.8 files_done=141 resolved=301 errors=2948 current=com/win32comext/internet/src/PyIInternetPriority.cpp
[2026-09-19T03:30:42Z] [iter=3] HEARTBEAT target_type=call_site elapsed_min=137.8 files_done=143 resolved=302 errors=2972 current=com/win32comext/axcontrol/src/PyIOleCommandTarget.cpp
[2026-09-19T03:33:47Z] [iter=3] HEARTBEAT target_type=call_site elapsed_min=140.9 files_done=146 resolved=309 errors=3040 current=Pythonwin/Scintilla/src/RESearch.cxx
[2026-09-19T03:37:56Z] [iter=3] HEARTBEAT target_type=call_site elapsed_min=145.1 files_done=147 resolved=309 errors=3130 current=com/win32comext/axscript/src/PyIMultiInfos.cpp
[2026-09-19T03:40:14Z] [iter=3] HEARTBEAT target_type=call_site elapsed_min=147.4 files_done=152 resolved=323 errors=3180 current=win32/src/win32crypt/PyCRYPTKEY.cpp
[2026-09-19T03:41:03Z] [iter=3] HEARTBEAT target_type=call_site elapsed_min=148.2 files_done=156 resolved=323 errors=3198 current=Pythonwin/Scintilla/src/LexTeX.cxx
[2026-09-19T03:43:04Z] [iter=3] HEARTBEAT target_type=call_site elapsed_min=150.2 files_done=157 resolved=374 errors=3241 current=com/win32com/src/extensions/PyIPersistPropertyBag.cpp
[2026-09-19T03:44:26Z] [iter=3] HEARTBEAT target_type=call_site elapsed_min=151.6 files_done=159 resolved=377 errors=3270 current=com/win32comext/shell/src/PyIShellItem.cpp
[2026-09-19T03:45:19Z] [iter=3] HEARTBEAT target_type=call_site elapsed_min=152.5 files_done=163 resolved=387 errors=3288 current=com/win32comext/shell/src/PyIShellLibrary.cpp
[2026-09-19T03:47:30Z] [iter=3] HEARTBEAT target_type=call_site elapsed_min=154.6 files_done=164 resolved=387 errors=3334 current=com/win32comext/internet/src/PyIDocHostUIHandler.cpp
[2026-09-19T03:48:23Z] [iter=3] HEARTBEAT target_type=call_site elapsed_min=155.5 files_done=165 resolved=387 errors=3353 current=Pythonwin/ddeserver.cpp
[2026-09-19T03:48:55Z] [iter=3] HEARTBEAT target_type=call_site elapsed_min=156.1 files_done=168 resolved=387 errors=3364 current=com/win32com/src/extensions/PyIEnumString.cpp
[2026-09-19T03:49:44Z] [iter=3] HEARTBEAT target_type=call_site elapsed_min=156.9 files_done=172 resolved=387 errors=3382 current=Pythonwin/win32oleDlgInsert.cpp
[2026-09-19T03:50:37Z] [iter=3] HEARTBEAT target_type=call_site elapsed_min=157.8 files_done=174 resolved=387 errors=3401 current=com/win32comext/axdebug/src/PyIDebugApplicationThread.cpp
[2026-09-19T03:51:24Z] [iter=3] HEARTBEAT target_type=call_site elapsed_min=158.5 files_done=177 resolved=387 errors=3418 current=com/win32comext/propsys/src/PyIPropertyStore.cpp
[2026-09-19T03:54:28Z] [iter=3] HEARTBEAT target_type=call_site elapsed_min=161.6 files_done=179 resolved=393 errors=3484 current=Pythonwin/win32ctledit.cpp
[2026-09-19T03:55:18Z] [iter=3] HEARTBEAT target_type=call_site elapsed_min=162.4 files_done=180 resolved=393 errors=3502 current=Pythonwin/Scintilla/src/CallTip.cxx
[2026-09-19T03:55:51Z] [iter=3] HEARTBEAT target_type=call_site elapsed_min=163.0 files_done=181 resolved=398 errors=3514 current=com/win32comext/shell/src/PyIDropTargetHelper.cpp
[2026-09-19T03:58:06Z] [iter=3] HEARTBEAT target_type=call_site elapsed_min=165.2 files_done=184 resolved=449 errors=3562 current=Pythonwin/Scintilla/src/LexSpecman.cxx
[2026-09-19T03:59:55Z] [iter=3] HEARTBEAT target_type=call_site elapsed_min=167.1 files_done=185 resolved=452 errors=3601 current=Pythonwin/pythondoc.cpp
[2026-09-19T04:01:25Z] [iter=3] HEARTBEAT target_type=call_site elapsed_min=168.6 files_done=187 resolved=465 errors=3634 current=Pythonwin/Scintilla/src/LexTCL.cxx
[2026-09-19T04:02:56Z] [iter=3] HEARTBEAT target_type=call_site elapsed_min=170.1 files_done=188 resolved=471 errors=3667 current=Pythonwin/Scintilla/src/LexCPP.cxx
[2026-09-19T04:05:57Z] [iter=3] HEARTBEAT target_type=call_site elapsed_min=173.1 files_done=189 resolved=473 errors=3732 current=win32/src/PyTime.cpp
[2026-09-19T04:09:20Z] [iter=3] HEARTBEAT target_type=call_site elapsed_min=176.5 files_done=192 resolved=477 errors=3804 current=com/win32comext/axdebug/src/PyIDebugExpression.cpp
[2026-09-19T04:11:47Z] [iter=3] HEARTBEAT target_type=call_site elapsed_min=178.9 files_done=194 resolved=477 errors=3857 current=com/win32comext/shell/src/PyITransferDestination.cpp
[2026-09-19T04:13:35Z] [iter=3] HEARTBEAT target_type=call_site elapsed_min=180.7 files_done=198 resolved=481 errors=3897 current=Pythonwin/Scintilla/src/LexAbaqus.cxx
[2026-09-19T04:15:46Z] [iter=3] HEARTBEAT target_type=call_site elapsed_min=182.9 files_done=199 resolved=492 errors=3945 current=com/win32comext/axcontrol/src/PyIOleInPlaceSite.cpp
[2026-09-19T04:16:40Z] [iter=3] HEARTBEAT target_type=call_site elapsed_min=183.8 files_done=200 resolved=492 errors=3964 current=Pythonwin/win32template.cpp
[2026-09-19T04:17:12Z] [iter=3] HEARTBEAT target_type=call_site elapsed_min=184.3 files_done=202 resolved=492 errors=3975 current=com/win32comext/axcontrol/src/PyIOleControl.cpp
[2026-09-19T04:17:57Z] [iter=3] HEARTBEAT target_type=call_site elapsed_min=185.1 files_done=204 resolved=492 errors=3991 current=com/win32comext/shell/src/PyIEnumShellItems.cpp
[2026-09-19T04:18:47Z] [iter=3] HEARTBEAT target_type=call_site elapsed_min=185.9 files_done=207 resolved=501 errors=4009 current=com/win32com/src/extensions/PyIEnumConnectionPoints.cpp
[2026-09-19T04:19:38Z] [iter=3] HEARTBEAT target_type=call_site elapsed_min=186.8 files_done=210 resolved=501 errors=4027 current=com/win32comext/mapi/src/PyIMAPIAdviseSink.cpp
[2026-09-19T04:21:16Z] [iter=3] HEARTBEAT target_type=call_site elapsed_min=188.4 files_done=218 resolved=516 errors=4061 current=win32/src/PerfMon/MappingManager.cpp
[2026-09-19T04:23:26Z] [iter=3] HEARTBEAT target_type=call_site elapsed_min=190.6 files_done=222 resolved=522 errors=4107 current=com/win32comext/axscript/src/PyIActiveScriptParseProcedure.cpp
[2026-09-19T04:25:08Z] [iter=3] HEARTBEAT target_type=call_site elapsed_min=192.3 files_done=224 resolved=531 errors=4143 current=Pythonwin/Scintilla/src/LexAsn1.cxx
[2026-09-19T04:26:19Z] [iter=3] HEARTBEAT target_type=call_site elapsed_min=193.5 files_done=225 resolved=531 errors=4169 current=com/TestSources/PyCOMTest/PyCOMImpl.h
[2026-09-19T04:28:04Z] [iter=3] HEARTBEAT target_type=call_site elapsed_min=195.2 files_done=229 resolved=537 errors=4206 current=Pythonwin/Scintilla/src/ExternalLexer.cxx
[2026-09-19T04:28:42Z] [iter=3] HEARTBEAT target_type=call_site elapsed_min=195.8 files_done=230 resolved=540 errors=4219 current=com/win32comext/propsys/src/PyIPropertyEnumType.cpp
[2026-09-19T04:29:32Z] [iter=3] HEARTBEAT target_type=call_site elapsed_min=196.7 files_done=236 resolved=540 errors=4237 current=Pythonwin/pythondoc.h
[2026-09-19T04:30:59Z] [iter=3] HEARTBEAT target_type=call_site elapsed_min=198.1 files_done=238 resolved=540 errors=4268 current=com/win32com/src/extensions/PyIStream.cpp
[2026-09-19T04:31:54Z] [iter=3] HEARTBEAT target_type=call_site elapsed_min=199.0 files_done=242 resolved=540 errors=4288 current=com/win32com/src/extensions/PyIPersistStorage.cpp
[2026-09-19T04:34:37Z] [iter=3] HEARTBEAT target_type=call_site elapsed_min=201.8 files_done=247 resolved=558 errors=4425 current=com/win32comext/propsys/src/PyIInitializeWithStream.cpp
[2026-09-19T04:36:12Z] [iter=3] HEARTBEAT target_type=call_site elapsed_min=203.4 files_done=251 resolved=567 errors=4460 current=Pythonwin/Scintilla/include/SString.h
[2026-09-19T04:37:07Z] [iter=3] HEARTBEAT target_type=call_site elapsed_min=204.3 files_done=252 resolved=567 errors=4480 current=com/win32com/src/extensions/PyICreateTypeLib2.cpp
[2026-09-19T04:38:02Z] [iter=3] HEARTBEAT target_type=call_site elapsed_min=205.2 files_done=256 resolved=567 errors=4500 current=com/win32comext/bits/src/PyIBackgroundCopyFile.cpp
[2026-09-19T04:38:48Z] [iter=3] HEARTBEAT target_type=call_site elapsed_min=205.9 files_done=264 resolved=567 errors=4517 current=com/win32comext/propsys/src/PyIPropertyDescriptionList.cpp
[2026-09-19T04:39:18Z] [iter=3] HEARTBEAT target_type=call_site elapsed_min=206.4 files_done=267 resolved=567 errors=4528 current=win32/src/mmapfilemodule.cpp
[2026-09-19T04:39:57Z] [iter=3] HEARTBEAT target_type=call_site elapsed_min=207.1 files_done=270 resolved=567 errors=4542 current=Pythonwin/Scintilla/src/PropSet.cxx
[2026-09-19T04:40:46Z] [iter=3] HEARTBEAT target_type=call_site elapsed_min=207.9 files_done=271 resolved=572 errors=4559 current=com/win32comext/mapi/src/mapi_stub_library/MapiStubLibrary.cpp
[2026-09-19T04:44:02Z] [iter=3] HEARTBEAT target_type=call_site elapsed_min=211.2 files_done=272 resolved=572 errors=4629 current=com/win32comext/shell/src/PyIContextMenu2.cpp
[2026-09-19T04:46:34Z] [iter=3] HEARTBEAT target_type=call_site elapsed_min=213.7 files_done=277 resolved=577 errors=4682 current=com/win32comext/propsys/src/PyIPersistSerializedPropStorage.cpp
[2026-09-19T04:48:24Z] [iter=3] HEARTBEAT target_type=call_site elapsed_min=215.5 files_done=279 resolved=579 errors=4720 current=Pythonwin/Scintilla/src/AutoComplete.cxx
[2026-09-19T04:49:23Z] [iter=3] HEARTBEAT target_type=call_site elapsed_min=216.5 files_done=281 resolved=587 errors=4741 current=com/win32comext/directsound/src/PyDSBUFFERDESC.cpp
[2026-09-19T04:51:47Z] [iter=3] HEARTBEAT target_type=call_site elapsed_min=218.9 files_done=284 resolved=587 errors=4808 current=com/win32comext/taskscheduler/src/PyIProvideTaskPage.cpp
[2026-09-19T04:55:17Z] [iter=3] HEARTBEAT target_type=call_site elapsed_min=222.4 files_done=286 resolved=587 errors=4884 current=com/win32comext/shell/src/PyIColumnProvider.cpp
[2026-09-19T04:56:10Z] [iter=3] HEARTBEAT target_type=call_site elapsed_min=223.3 files_done=289 resolved=587 errors=4902 current=com/win32comext/axdebug/src/PyIMachineDebugManager.cpp
[2026-09-19T04:56:43Z] [iter=3] HEARTBEAT target_type=call_site elapsed_min=223.9 files_done=297 resolved=587 errors=4914 current=com/win32com/src/extensions/PyICreateTypeLib.cpp
[2026-09-19T04:58:03Z] [iter=3] HEARTBEAT target_type=call_site elapsed_min=225.2 files_done=301 resolved=594 errors=4942 current=win32/src/stddde.h
[2026-09-19T04:59:09Z] [iter=3] HEARTBEAT target_type=call_site elapsed_min=226.3 files_done=305 resolved=594 errors=4966 current=com/win32comext/shell/src/PyIExtractIconW.cpp
[2026-09-19T04:59:47Z] [iter=3] HEARTBEAT target_type=call_site elapsed_min=226.9 files_done=308 resolved=594 errors=4980 current=win32/src/PerfMon/PerfObjectType.cpp
[2026-09-19T05:00:33Z] [iter=3] HEARTBEAT target_type=call_site elapsed_min=227.7 files_done=311 resolved=594 errors=4997 current=win32/src/win32wnet/PyNCB.cpp
[2026-09-19T05:01:08Z] [iter=3] HEARTBEAT target_type=call_site elapsed_min=228.3 files_done=312 resolved=594 errors=5010 current=com/win32com/src/extensions/PyVARDESC.cpp
[2026-09-19T05:03:47Z] [iter=3] HEARTBEAT target_type=call_site elapsed_min=230.9 files_done=314 resolved=594 errors=5068 current=com/win32com/src/include/PyIPersistFile.h
[2026-09-19T05:04:17Z] [iter=3] HEARTBEAT target_type=call_site elapsed_min=231.4 files_done=325 resolved=594 errors=5091 current=com/win32com/src/PythonCOMLoader.cpp
[2026-09-19T05:05:40Z] [iter=3] HEARTBEAT target_type=call_site elapsed_min=232.8 files_done=329 resolved=603 errors=5121 current=com/win32comext/axscript/src/PyGObjectSafety.cpp
[2026-09-19T05:06:21Z] [iter=3] HEARTBEAT target_type=call_site elapsed_min=233.5 files_done=333 resolved=603 errors=5136 current=com/win32com/src/extensions/PyIProvideClassInfo.cpp
[2026-09-19T05:07:45Z] [iter=3] HEARTBEAT target_type=call_site elapsed_min=234.9 files_done=335 resolved=610 errors=5166 current=com/win32com/src/extensions/PyIDropTarget.cpp
[2026-09-19T05:09:00Z] [iter=3] HEARTBEAT target_type=call_site elapsed_min=236.1 files_done=342 resolved=610 errors=5193 current=Pythonwin/Scintilla/src/CharClassify.cxx
[2026-09-19T05:09:39Z] [iter=3] HEARTBEAT target_type=call_site elapsed_min=236.8 files_done=345 resolved=611 errors=5207 current=Pythonwin/Scintilla/src/SVector.h
[2026-09-19T05:10:15Z] [iter=3] HEARTBEAT target_type=call_site elapsed_min=237.4 files_done=346 resolved=611 errors=5220 current=com/win32comext/shell/src/PyIEnumObjects.cpp
[2026-09-19T05:11:14Z] [iter=3] HEARTBEAT target_type=call_site elapsed_min=238.4 files_done=350 resolved=613 errors=5241 current=com/win32com/src/extensions/PyICatInformation.cpp
[2026-09-19T05:13:07Z] [iter=3] CHECKPOINT TRIGGERED elapsed_min=240.3 files_completed=486 new_files_this_iter=353 mem_mb=1964 MB
[2026-09-19T05:13:07Z] [iter=3] Writing partial enrichment graph path=/home/runner/work/forx/forx/storage/aggregate/lsp/8a2bb0337d9fc48b651c18db50f33a7c17827d66.nq.gz triples=95234
[2026-09-19T05:13:09Z] [iter=3] Checkpoint written, exiting with code 7
[2026-09-19T05:13:09Z] [iter=3] PHASE END: enrich (checkpointed) elapsed_s=14416 elapsed_min=240.3 files_completed=486
