[2026-09-18T21:05:41Z] === ENRICH ITERATION 2 START | repo=mhammond/pywin32 sha=8a2bb033 ===
[2026-09-18T21:05:41Z] [iter=2] PHASE START: enrich repo=mhammond/pywin32 sha=8a2bb033 runlog=/home/runner/work/forx/forx/storage/aggregate/lsp/logs/8a2bb033-enrich-iter-002.log output=/home/runner/work/forx/forx/storage/aggregate/lsp/8a2bb0337d9fc48b651c18db50f33a7c17827d66.nq.gz
[2026-09-18T21:05:41Z] [iter=2] Step 1: Loading AST into disk-backed store mem_mb=78 MB
[2026-09-18T21:07:39Z] [iter=2] AST store loaded triples=11181001 load_secs=113 mem_mb=1043 MB
[2026-09-18T21:07:39Z] [iter=2] Step 2: Finding LSP targets mem_mb=1043 MB
[2026-09-18T21:07:58Z] [iter=2] LSP targets found call_sites=83208 imports=0 extends=709 implements=0 secs=20
[2026-09-18T21:08:00Z] [iter=2] Loaded checkpoint partial graph triples=27894
[2026-09-18T21:08:12Z] [iter=2] Step 2.7: Building position index (one-shot, shared across resolvers) mem_mb=1043 MB
[2026-09-18T21:09:18Z] [iter=2] Position index built positions=815965 nodes_with_types=1014156 secs=66 mem_mb=1926 MB
[2026-09-18T21:09:18Z] [iter=2] Step 3: Starting LSP resolution mem_mb=1926 MB already_completed_types=[] already_completed_files=52
[2026-09-18T21:09:18Z] [iter=2] Resolving target type target_type=call_site count=83208
[2026-09-18T21:09:20Z] [iter=2] HEARTBEAT target_type=call_site elapsed_min=3.6 files_done=0 resolved=0 errors=0 current=Pythonwin/Scintilla/src/LexHTML.cxx
[2026-09-18T21:23:49Z] [iter=2] HEARTBEAT target_type=call_site elapsed_min=18.1 files_done=1 resolved=33 errors=181 current=com/win32comext/axdebug/src/PyIActiveScriptSiteDebug.cpp
[2026-09-18T21:32:52Z] [iter=2] HEARTBEAT target_type=call_site elapsed_min=27.2 files_done=3 resolved=33 errors=294 current=Pythonwin/Scintilla/src/LexASY.cxx
[2026-09-18T21:35:20Z] [iter=2] HEARTBEAT target_type=call_site elapsed_min=29.7 files_done=4 resolved=36 errors=325 current=Pythonwin/Scintilla/src/LexPOV.cxx
[2026-09-18T21:37:20Z] [iter=2] HEARTBEAT target_type=call_site elapsed_min=31.6 files_done=5 resolved=41 errors=350 current=com/win32com/src/extensions/PyIStorage.cpp
[2026-09-18T21:39:15Z] [iter=2] HEARTBEAT target_type=call_site elapsed_min=33.6 files_done=7 resolved=41 errors=578 current=com/win32com/src/extensions/PyIPropertySetStorage.cpp
[2026-09-18T21:46:21Z] [iter=2] HEARTBEAT target_type=call_site elapsed_min=40.7 files_done=12 resolved=42 errors=667 current=com/win32comext/taskscheduler/src/PyIScheduledWorkItem.cpp
[2026-09-18T21:48:12Z] [iter=2] HEARTBEAT target_type=call_site elapsed_min=42.5 files_done=13 resolved=42 errors=690 current=com/win32com/src/ErrorUtils.cpp
[2026-09-18T22:15:47Z] [iter=2] HEARTBEAT target_type=call_site elapsed_min=70.1 files_done=14 resolved=42 errors=1033 current=com/win32com/src/oleargs.cpp
[2026-09-18T22:18:54Z] [iter=2] HEARTBEAT target_type=call_site elapsed_min=73.2 files_done=15 resolved=45 errors=1072 current=Pythonwin/win32view.cpp
[2026-09-18T22:22:54Z] [iter=2] HEARTBEAT target_type=call_site elapsed_min=77.2 files_done=16 resolved=45 errors=1122 current=com/win32comext/directsound/src/PyIDirectSoundCaptureBuffer.cpp
[2026-09-18T22:24:11Z] [iter=2] HEARTBEAT target_type=call_site elapsed_min=78.5 files_done=18 resolved=45 errors=1138 current=Pythonwin/win32uiExt.h
[2026-09-18T22:34:36Z] [iter=2] HEARTBEAT target_type=call_site elapsed_min=88.9 files_done=19 resolved=45 errors=1268 current=win32/src/win32crypt/win32cryptmodule.cpp
[2026-09-18T22:41:26Z] [iter=2] HEARTBEAT target_type=call_site elapsed_min=95.8 files_done=22 resolved=46 errors=1354 current=com/win32comext/shell/src/PyIAsyncOperation.cpp
[2026-09-18T22:44:23Z] [iter=2] HEARTBEAT target_type=call_site elapsed_min=98.7 files_done=24 resolved=46 errors=1391 current=com/win32com/src/univgw_dataconv.cpp
[2026-09-18T22:45:01Z] [iter=2] HEARTBEAT target_type=call_site elapsed_min=99.3 files_done=26 resolved=49 errors=1399 current=com/win32comext/directsound/src/PyDSCAPS.cpp
[2026-09-18T22:46:47Z] [iter=2] HEARTBEAT target_type=call_site elapsed_min=101.1 files_done=27 resolved=49 errors=1421 current=Pythonwin/win32bitmap.cpp
[2026-09-18T22:51:10Z] [iter=2] HEARTBEAT target_type=call_site elapsed_min=105.5 files_done=28 resolved=49 errors=1476 current=com/win32comext/shell/src/PyIShellLink.cpp
[2026-09-18T22:54:03Z] [iter=2] HEARTBEAT target_type=call_site elapsed_min=108.4 files_done=29 resolved=49 errors=1512 current=win32/src/PyOVERLAPPED.cpp
[2026-09-18T22:57:15Z] [iter=2] HEARTBEAT target_type=call_site elapsed_min=111.6 files_done=31 resolved=49 errors=1600 current=Pythonwin/Scintilla/src/LexYAML.cxx
[2026-09-18T22:59:15Z] [iter=2] HEARTBEAT target_type=call_site elapsed_min=113.6 files_done=33 resolved=52 errors=1625 current=com/win32com/src/PyIDispatch.cpp
[2026-09-18T23:00:27Z] [iter=2] HEARTBEAT target_type=call_site elapsed_min=114.8 files_done=35 resolved=55 errors=1640 current=Pythonwin/Scintilla/src/LexPerl.cxx
[2026-09-18T23:14:20Z] [iter=2] HEARTBEAT target_type=call_site elapsed_min=128.6 files_done=36 resolved=61 errors=1813 current=win32/src/win32net/win32netsession.cpp
[2026-09-18T23:14:54Z] [iter=2] HEARTBEAT target_type=call_site elapsed_min=129.2 files_done=38 resolved=61 errors=1820 current=Pythonwin/Scintilla/src/Document.cxx
[2026-09-18T23:33:03Z] [iter=2] HEARTBEAT target_type=call_site elapsed_min=147.4 files_done=39 resolved=74 errors=2048 current=com/win32comext/adsi/src/PyADSIUtil.cpp
[2026-09-18T23:35:41Z] [iter=2] HEARTBEAT target_type=call_site elapsed_min=150.0 files_done=40 resolved=80 errors=2081 current=win32/src/PyUnicode.cpp
[2026-09-18T23:36:14Z] [iter=2] HEARTBEAT target_type=call_site elapsed_min=150.5 files_done=41 resolved=87 errors=2088 current=com/win32com/src/include/PyIMoniker.h
[2026-09-18T23:38:37Z] [iter=2] HEARTBEAT target_type=call_site elapsed_min=152.9 files_done=44 resolved=87 errors=2118 current=com/win32com/src/extensions/PyGEnumVariant.cpp
[2026-09-18T23:39:30Z] [iter=2] HEARTBEAT target_type=call_site elapsed_min=153.8 files_done=46 resolved=87 errors=2129 current=com/win32comext/axdebug/src/PyIDebugStackFrame.cpp
[2026-09-18T23:40:47Z] [iter=2] HEARTBEAT target_type=call_site elapsed_min=155.1 files_done=48 resolved=87 errors=2145 current=Pythonwin/Scintilla/src/LexLua.cxx
[2026-09-18T23:44:17Z] [iter=2] HEARTBEAT target_type=call_site elapsed_min=158.6 files_done=49 resolved=95 errors=2189 current=com/win32com/src/extensions/PyIDataObject.cpp
[2026-09-18T23:47:10Z] [iter=2] HEARTBEAT target_type=call_site elapsed_min=161.5 files_done=52 resolved=113 errors=2287 current=Pythonwin/Scintilla/src/LexMPT.cxx
[2026-09-18T23:47:48Z] [iter=2] HEARTBEAT target_type=call_site elapsed_min=162.1 files_done=53 resolved=114 errors=2295 current=com/win32comext/adsi/src/PyIADs.cpp
[2026-09-18T23:49:47Z] [iter=2] HEARTBEAT target_type=call_site elapsed_min=164.1 files_done=55 resolved=114 errors=2320 current=Pythonwin/Scintilla/src/LexPB.cxx
[2026-09-18T23:52:10Z] [iter=2] HEARTBEAT target_type=call_site elapsed_min=166.5 files_done=56 resolved=121 errors=2350 current=com/win32com/src/extensions/PyILockBytes.cpp
[2026-09-18T23:56:22Z] [iter=2] HEARTBEAT target_type=call_site elapsed_min=170.7 files_done=58 resolved=130 errors=2403 current=win32/src/win32crypt/PyCERTSTORE.cpp
[2026-09-19T00:00:05Z] [iter=2] HEARTBEAT target_type=call_site elapsed_min=174.4 files_done=60 resolved=143 errors=2450 current=win32/src/win32dynamicdialog.cpp
[2026-09-19T00:03:34Z] [iter=2] HEARTBEAT target_type=call_site elapsed_min=177.9 files_done=64 resolved=151 errors=2494 current=com/win32com/src/extensions/PyICatRegister.cpp
[2026-09-19T00:04:45Z] [iter=2] HEARTBEAT target_type=call_site elapsed_min=179.1 files_done=67 resolved=155 errors=2509 current=com/win32comext/axdebug/src/PyIRemoteDebugApplicationEvents.cpp
[2026-09-19T00:06:43Z] [iter=2] HEARTBEAT target_type=call_site elapsed_min=181.0 files_done=68 resolved=155 errors=2534 current=com/win32comext/bits/src/PyIBackgroundCopyJob3.cpp
[2026-09-19T00:10:02Z] [iter=2] HEARTBEAT target_type=call_site elapsed_min=184.3 files_done=70 resolved=155 errors=2576 current=Pythonwin/Scintilla/src/LexPascal.cxx
[2026-09-19T00:13:11Z] [iter=2] HEARTBEAT target_type=call_site elapsed_min=187.5 files_done=71 resolved=168 errors=2616 current=Pythonwin/Scintilla/src/LexOthers.cxx
[2026-09-19T00:20:12Z] [iter=2] HEARTBEAT target_type=call_site elapsed_min=194.5 files_done=72 resolved=206 errors=2705 current=Pythonwin/win32ctrlRichEdit.cpp
[2026-09-19T00:22:52Z] [iter=2] HEARTBEAT target_type=call_site elapsed_min=197.2 files_done=73 resolved=206 errors=2739 current=Pythonwin/Scintilla/src/SplitVector.h
[2026-09-19T00:24:22Z] [iter=2] HEARTBEAT target_type=call_site elapsed_min=198.7 files_done=74 resolved=206 errors=2758 current=win32/src/win32net/win32netmisc.cpp
[2026-09-19T00:47:03Z] [iter=2] HEARTBEAT target_type=call_site elapsed_min=221.4 files_done=75 resolved=207 errors=3046 current=Pythonwin/Scintilla/src/LexVerilog.cxx
[2026-09-19T00:51:52Z] [iter=2] HEARTBEAT target_type=call_site elapsed_min=226.2 files_done=76 resolved=209 errors=3107 current=com/win32comext/internet/src/PyIInternetSecurityManager.cpp
[2026-09-19T00:59:21Z] [iter=2] HEARTBEAT target_type=call_site elapsed_min=233.7 files_done=78 resolved=211 errors=3202 current=Pythonwin/Scintilla/src/LexAU3.cxx
[2026-09-19T01:03:33Z] [iter=2] HEARTBEAT target_type=call_site elapsed_min=237.9 files_done=79 resolved=267 errors=3255 current=com/win32comext/internet/src/PyIInternetProtocolRoot.cpp
[2026-09-19T01:04:25Z] [iter=2] HEARTBEAT target_type=call_site elapsed_min=238.7 files_done=80 resolved=267 errors=3266 current=com/win32com/src/extensions/PyIDropSource.cpp
[2026-09-19T01:05:46Z] [iter=2] CHECKPOINT TRIGGERED elapsed_min=240.1 files_completed=133 new_files_this_iter=81 mem_mb=1970 MB
[2026-09-19T01:05:46Z] [iter=2] Writing partial enrichment graph path=/home/runner/work/forx/forx/storage/aggregate/lsp/8a2bb0337d9fc48b651c18db50f33a7c17827d66.nq.gz triples=49899
[2026-09-19T01:05:47Z] [iter=2] Checkpoint written, exiting with code 7
[2026-09-19T01:05:47Z] [iter=2] PHASE END: enrich (checkpointed) elapsed_s=14404 elapsed_min=240.1 files_completed=133
