[2026-09-24T12:41:57Z] === ENRICH ITERATION 3 START | repo=mhammond/pywin32 sha=8b328dff ===
[2026-09-24T12:41:57Z] [iter=3] PHASE START: enrich repo=mhammond/pywin32 sha=8b328dff runlog=/home/runner/work/forx/forx/storage/aggregate/lsp/logs/8b328dff-enrich-iter-003.log output=/home/runner/work/forx/forx/storage/aggregate/lsp/8b328dffac71b7afaf2d72f47c4048f27a32f6c8.nq.gz
[2026-09-24T12:41:57Z] [iter=3] Step 1: Loading AST into disk-backed store mem_mb=78 MB
[2026-09-24T12:46:13Z] [iter=3] AST store loaded triples=12873194 load_secs=252 mem_mb=1075 MB
[2026-09-24T12:46:13Z] [iter=3] Step 2: Finding LSP targets mem_mb=1075 MB
[2026-09-24T12:46:33Z] [iter=3] LSP targets found call_sites=94883 imports=0 extends=767 implements=0 secs=20
[2026-09-24T12:46:35Z] [iter=3] Loaded checkpoint partial graph triples=45331
[2026-09-24T12:46:47Z] [iter=3] Step 2.7: Building position index (one-shot, shared across resolvers) mem_mb=1075 MB
[2026-09-24T12:47:55Z] [iter=3] Position index built positions=936085 nodes_with_types=1164543 secs=68 mem_mb=2158 MB
[2026-09-24T12:47:55Z] [iter=3] Step 3: Starting LSP resolution mem_mb=2158 MB already_completed_types=[] already_completed_files=56
[2026-09-24T12:47:55Z] [iter=3] Resolving target type target_type=call_site count=94883
[2026-09-24T12:47:58Z] [iter=3] HEARTBEAT target_type=call_site elapsed_min=6.0 files_done=0 resolved=0 errors=0 current=Pythonwin/win32view.cpp
[2026-09-24T12:51:36Z] [iter=3] HEARTBEAT target_type=call_site elapsed_min=9.7 files_done=1 resolved=0 errors=50 current=Pythonwin/Scintilla/lexers/LexBaan.cxx
[2026-09-24T12:52:39Z] [iter=3] HEARTBEAT target_type=call_site elapsed_min=10.7 files_done=3 resolved=58 errors=64 current=Pythonwin/Scintilla/src/Decoration.cxx
[2026-09-24T12:55:32Z] [iter=3] HEARTBEAT target_type=call_site elapsed_min=13.6 files_done=4 resolved=90 errors=103 current=win32/src/PyACL.cpp
[2026-09-24T12:56:20Z] [iter=3] HEARTBEAT target_type=call_site elapsed_min=14.4 files_done=5 resolved=90 errors=114 current=Pythonwin/Scintilla/lexers/LexDiff.cxx
[2026-09-24T13:20:26Z] [iter=3] HEARTBEAT target_type=call_site elapsed_min=38.5 files_done=7 resolved=107 errors=439 current=com/win32com/src/ErrorUtils.cpp
[2026-09-24T13:46:08Z] [iter=3] HEARTBEAT target_type=call_site elapsed_min=64.2 files_done=8 resolved=107 errors=784 current=Pythonwin/Scintilla/src/Indicator.cxx
[2026-09-24T13:47:20Z] [iter=3] HEARTBEAT target_type=call_site elapsed_min=65.4 files_done=9 resolved=118 errors=800 current=Pythonwin/Scintilla/lexers/LexOScript.cxx
[2026-09-24T13:48:58Z] [iter=3] HEARTBEAT target_type=call_site elapsed_min=67.0 files_done=10 resolved=135 errors=822 current=Pythonwin/win32uimodule.cpp
[2026-09-24T14:09:01Z] [iter=3] HEARTBEAT target_type=call_site elapsed_min=87.1 files_done=11 resolved=137 errors=1093 current=Pythonwin/win32control.cpp
[2026-09-24T14:17:54Z] [iter=3] HEARTBEAT target_type=call_site elapsed_min=95.9 files_done=12 resolved=137 errors=1213 current=Pythonwin/Scintilla/lexers/LexHollywood.cxx
[2026-09-24T14:18:25Z] [iter=3] HEARTBEAT target_type=call_site elapsed_min=96.5 files_done=14 resolved=154 errors=1220 current=Pythonwin/Scintilla/lexers/LexMarkdown.cxx
[2026-09-24T14:20:52Z] [iter=3] HEARTBEAT target_type=call_site elapsed_min=98.9 files_done=16 resolved=209 errors=1253 current=com/win32comext/axdebug/src/PyIDebugApplication.cpp
[2026-09-24T14:22:39Z] [iter=3] HEARTBEAT target_type=call_site elapsed_min=100.7 files_done=17 resolved=209 errors=1277 current=com/win32comext/shell/src/PyIShellIconOverlayManager.cpp
[2026-09-24T14:23:41Z] [iter=3] HEARTBEAT target_type=call_site elapsed_min=101.7 files_done=19 resolved=209 errors=1291 current=com/win32comext/axcontrol/src/AXControl.cpp
[2026-09-24T14:26:02Z] [iter=3] HEARTBEAT target_type=call_site elapsed_min=104.1 files_done=20 resolved=209 errors=1323 current=Pythonwin/Scintilla/src/PositionCache.cxx
[2026-09-24T14:30:19Z] [iter=3] HEARTBEAT target_type=call_site elapsed_min=108.4 files_done=21 resolved=219 errors=1381 current=Pythonwin/Scintilla/lexers/LexSmalltalk.cxx
[2026-09-24T14:33:12Z] [iter=3] HEARTBEAT target_type=call_site elapsed_min=111.3 files_done=22 resolved=221 errors=1421 current=Pythonwin/Scintilla/lexers/LexAVE.cxx
[2026-09-24T14:34:00Z] [iter=3] HEARTBEAT target_type=call_site elapsed_min=112.1 files_done=23 resolved=235 errors=1432 current=win32/src/win32net/win32netsession.cpp
[2026-09-24T14:35:02Z] [iter=3] HEARTBEAT target_type=call_site elapsed_min=113.1 files_done=29 resolved=238 errors=1446 current=com/win32comext/shell/src/PyIEmptyVolumeCacheCallBack.cpp
[2026-09-24T14:47:39Z] [iter=3] HEARTBEAT target_type=call_site elapsed_min=125.7 files_done=31 resolved=238 errors=1621 current=com/win32comext/propsys/src/PyIPropertyEnumType.cpp
[2026-09-24T14:49:36Z] [iter=3] HEARTBEAT target_type=call_site elapsed_min=127.7 files_done=33 resolved=248 errors=1648 current=com/win32com/src/PyIDispatch.cpp
[2026-09-24T14:50:37Z] [iter=3] HEARTBEAT target_type=call_site elapsed_min=128.7 files_done=35 resolved=250 errors=1662 current=com/win32comext/shell/src/PyIShellFolder.cpp
[2026-09-24T14:51:52Z] [iter=3] HEARTBEAT target_type=call_site elapsed_min=129.9 files_done=36 resolved=250 errors=1679 current=win32/src/PyUnicode.cpp
[2026-09-24T14:52:22Z] [iter=3] HEARTBEAT target_type=call_site elapsed_min=130.4 files_done=37 resolved=253 errors=1686 current=com/win32comext/shell/src/PyIShellItem2.cpp
[2026-09-24T14:53:15Z] [iter=3] HEARTBEAT target_type=call_site elapsed_min=131.3 files_done=38 resolved=253 errors=1698 current=isapi/src/PyFilterObjects.cpp
[2026-09-24T14:54:03Z] [iter=3] HEARTBEAT target_type=call_site elapsed_min=132.1 files_done=39 resolved=253 errors=1709 current=Pythonwin/Scintilla/lexers/LexTADS3.cxx
[2026-09-24T14:58:54Z] [iter=3] HEARTBEAT target_type=call_site elapsed_min=137.0 files_done=40 resolved=268 errors=1775 current=com/win32comext/axdebug/src/PyIDebugApplicationNode.cpp
[2026-09-24T14:59:39Z] [iter=3] HEARTBEAT target_type=call_site elapsed_min=137.7 files_done=41 resolved=268 errors=1785 current=com/win32com/src/extensions/PyIDataObject.cpp
[2026-09-24T15:00:59Z] [iter=3] HEARTBEAT target_type=call_site elapsed_min=139.0 files_done=44 resolved=269 errors=1803 current=Pythonwin/Scintilla/lexlib/LexAccessor.h
[2026-09-24T15:02:27Z] [iter=3] HEARTBEAT target_type=call_site elapsed_min=140.5 files_done=46 resolved=276 errors=1823 current=Pythonwin/Scintilla/lexers/LexCPP.cxx
[2026-09-24T15:06:43Z] [iter=3] HEARTBEAT target_type=call_site elapsed_min=144.8 files_done=47 resolved=304 errors=1881 current=com/win32com/src/extensions/PyIType.cpp
[2026-09-24T15:07:32Z] [iter=3] HEARTBEAT target_type=call_site elapsed_min=145.6 files_done=51 resolved=304 errors=1892 current=win32/src/win32net/win32netgroup.cpp
[2026-09-24T15:09:28Z] [iter=3] HEARTBEAT target_type=call_site elapsed_min=147.5 files_done=52 resolved=304 errors=1918 current=com/win32comext/axdebug/src/PyIProcessDebugManager.cpp
[2026-09-24T15:12:27Z] [iter=3] HEARTBEAT target_type=call_site elapsed_min=150.5 files_done=55 resolved=304 errors=1958 current=com/win32com/src/extensions/PyIStorage.cpp
[2026-09-24T15:15:52Z] [iter=3] HEARTBEAT target_type=call_site elapsed_min=153.9 files_done=59 resolved=308 errors=2208 current=Pythonwin/dibapi.cpp
[2026-09-24T15:17:25Z] [iter=3] HEARTBEAT target_type=call_site elapsed_min=155.5 files_done=60 resolved=308 errors=2229 current=Pythonwin/Scintilla/lexers/LexAsm.cxx
[2026-09-24T15:19:07Z] [iter=3] HEARTBEAT target_type=call_site elapsed_min=157.2 files_done=62 resolved=311 errors=2252 current=Pythonwin/Scintilla/src/SplitVector.h
[2026-09-24T15:19:52Z] [iter=3] HEARTBEAT target_type=call_site elapsed_min=157.9 files_done=64 resolved=311 errors=2262 current=Pythonwin/Scintilla/src/RunStyles.cxx
[2026-09-24T15:22:10Z] [iter=3] HEARTBEAT target_type=call_site elapsed_min=160.2 files_done=65 resolved=317 errors=2293 current=win32/src/win32crypt/win32cryptmodule.cpp
[2026-09-24T15:22:50Z] [iter=3] HEARTBEAT target_type=call_site elapsed_min=160.9 files_done=66 resolved=317 errors=2302 current=com/win32comext/axcontrol/src/PyIOleInPlaceSiteWindowless.cpp
[2026-09-24T15:24:27Z] [iter=3] HEARTBEAT target_type=call_site elapsed_min=162.5 files_done=67 resolved=317 errors=2324 current=Pythonwin/Scintilla/src/Partitioning.h
[2026-09-24T15:26:05Z] [iter=3] HEARTBEAT target_type=call_site elapsed_min=164.1 files_done=68 resolved=322 errors=2346 current=com/win32comext/axscript/src/PyIActiveScriptSite.cpp
[2026-09-24T15:31:57Z] [iter=3] HEARTBEAT target_type=call_site elapsed_min=170.0 files_done=70 resolved=325 errors=2425 current=Pythonwin/win32app.cpp
[2026-09-24T15:33:16Z] [iter=3] HEARTBEAT target_type=call_site elapsed_min=171.3 files_done=71 resolved=325 errors=2443 current=com/win32comext/mapi/src/MAPIStubLibrary/library/mapiStubLibrary.cpp
[2026-09-24T15:42:09Z] [iter=3] HEARTBEAT target_type=call_site elapsed_min=180.2 files_done=72 resolved=325 errors=2563 current=com/win32comext/directsound/src/PyIDirectSoundCaptureBuffer.cpp
[2026-09-24T15:43:21Z] [iter=3] HEARTBEAT target_type=call_site elapsed_min=181.4 files_done=74 resolved=325 errors=2579 current=com/win32comext/shell/src/PyIExplorerBrowser.cpp
[2026-09-24T15:44:19Z] [iter=3] HEARTBEAT target_type=call_site elapsed_min=182.4 files_done=75 resolved=325 errors=2592 current=Pythonwin/Scintilla/lexers/LexMetapost.cxx
[2026-09-24T15:46:54Z] [iter=3] HEARTBEAT target_type=call_site elapsed_min=184.9 files_done=76 resolved=334 errors=2627 current=Pythonwin/Scintilla/lexers/LexTCMD.cxx
[2026-09-24T15:49:41Z] [iter=3] HEARTBEAT target_type=call_site elapsed_min=187.7 files_done=77 resolved=349 errors=2665 current=com/win32com/src/PyRecord.cpp
[2026-09-24T15:50:35Z] [iter=3] HEARTBEAT target_type=call_site elapsed_min=188.6 files_done=78 resolved=349 errors=2677 current=Pythonwin/Scintilla/src/ViewStyle.cxx
[2026-09-24T15:51:55Z] [iter=3] HEARTBEAT target_type=call_site elapsed_min=190.0 files_done=79 resolved=350 errors=2695 current=win32/src/win32wnet/win32wnet.cpp
[2026-09-24T15:52:40Z] [iter=3] HEARTBEAT target_type=call_site elapsed_min=190.7 files_done=80 resolved=350 errors=2705 current=Pythonwin/Scintilla/lexers/LexPython.cxx
[2026-09-24T15:55:06Z] [iter=3] HEARTBEAT target_type=call_site elapsed_min=193.2 files_done=81 resolved=351 errors=2738 current=Pythonwin/win32util.cpp
[2026-09-24T15:55:54Z] [iter=3] HEARTBEAT target_type=call_site elapsed_min=194.0 files_done=82 resolved=351 errors=2749 current=Pythonwin/Scintilla/lexers/LexCSS.cxx
[2026-09-24T15:57:46Z] [iter=3] HEARTBEAT target_type=call_site elapsed_min=195.8 files_done=83 resolved=353 errors=2774 current=Pythonwin/win32template.cpp
[2026-09-24T16:00:53Z] [iter=3] HEARTBEAT target_type=call_site elapsed_min=198.9 files_done=85 resolved=353 errors=2816 current=com/win32comext/axdebug/src/PyIEnumDebugApplicationNodes.cpp
[2026-09-24T16:05:16Z] [iter=3] HEARTBEAT target_type=call_site elapsed_min=203.3 files_done=87 resolved=353 errors=2875 current=win32/src/win32security_sspi.cpp
[2026-09-24T16:07:48Z] [iter=3] HEARTBEAT target_type=call_site elapsed_min=205.9 files_done=88 resolved=354 errors=2909 current=Pythonwin/Scintilla/lexers/LexBatch.cxx
[2026-09-24T16:09:43Z] [iter=3] HEARTBEAT target_type=call_site elapsed_min=207.8 files_done=89 resolved=359 errors=2935 current=com/win32comext/bits/src/bits.cpp
[2026-09-24T16:13:23Z] [iter=3] HEARTBEAT target_type=call_site elapsed_min=211.4 files_done=90 resolved=359 errors=2984 current=win32/src/win32trace.cpp
[2026-09-24T16:14:16Z] [iter=3] HEARTBEAT target_type=call_site elapsed_min=212.3 files_done=91 resolved=359 errors=2996 current=com/win32comext/internet/src/internet.cpp
[2026-09-24T16:17:18Z] [iter=3] HEARTBEAT target_type=call_site elapsed_min=215.3 files_done=92 resolved=359 errors=3037 current=com/win32comext/shell/src/PyIExplorerBrowserEvents.cpp
[2026-09-24T16:17:49Z] [iter=3] HEARTBEAT target_type=call_site elapsed_min=215.9 files_done=93 resolved=359 errors=3044 current=Pythonwin/Scintilla/src/Selection.cxx
[2026-09-24T16:21:14Z] [iter=3] HEARTBEAT target_type=call_site elapsed_min=219.3 files_done=94 resolved=361 errors=3090 current=com/win32com/src/extensions/PyIClientSecurity.cpp
[2026-09-24T16:24:57Z] [iter=3] HEARTBEAT target_type=call_site elapsed_min=223.0 files_done=96 resolved=361 errors=3140 current=com/win32com/src/extensions/PyIPersistStorage.cpp
[2026-09-24T16:26:31Z] [iter=3] HEARTBEAT target_type=call_site elapsed_min=224.6 files_done=98 resolved=362 errors=3161 current=Pythonwin/Scintilla/lexers/LexLaTeX.cxx
[2026-09-24T16:27:29Z] [iter=3] HEARTBEAT target_type=call_site elapsed_min=225.5 files_done=99 resolved=376 errors=3174 current=Pythonwin/Scintilla/src/MarginView.cxx
[2026-09-24T16:30:36Z] [iter=3] HEARTBEAT target_type=call_site elapsed_min=228.7 files_done=100 resolved=378 errors=3216 current=com/win32comext/adsi/src/PyDSOPObjects.cpp
[2026-09-24T16:32:13Z] [iter=3] HEARTBEAT target_type=call_site elapsed_min=230.3 files_done=102 resolved=382 errors=3238 current=win32/src/win32security_ds.cpp
[2026-09-24T16:35:00Z] [iter=3] HEARTBEAT target_type=call_site elapsed_min=233.1 files_done=103 resolved=382 errors=3276 current=Pythonwin/Scintilla/lexers/LexRust.cxx
[2026-09-24T16:41:12Z] [iter=3] HEARTBEAT target_type=call_site elapsed_min=239.3 files_done=104 resolved=384 errors=3361 current=com/win32comext/propsys/src/PyIPropertyEnumTypeList.cpp
[2026-09-24T16:42:09Z] [iter=3] CHECKPOINT TRIGGERED elapsed_min=240.2 files_completed=164 new_files_this_iter=108 mem_mb=2211 MB
[2026-09-24T16:42:09Z] [iter=3] Writing partial enrichment graph path=/home/runner/work/forx/forx/storage/aggregate/lsp/8b328dffac71b7afaf2d72f47c4048f27a32f6c8.nq.gz triples=74032
[2026-09-24T16:42:10Z] [iter=3] Checkpoint written, exiting with code 7
[2026-09-24T16:42:10Z] [iter=3] PHASE END: enrich (checkpointed) elapsed_s=14412 elapsed_min=240.2 files_completed=164
