[2026-09-26T07:07:34Z] === ENRICH ITERATION 7 START | repo=mhammond/pywin32 sha=8b328dff ===
[2026-09-26T07:07:34Z] [iter=7] PHASE START: enrich repo=mhammond/pywin32 sha=8b328dff runlog=/home/runner/work/forx/forx/storage/aggregate/lsp/logs/8b328dff-enrich-iter-007.log output=/home/runner/work/forx/forx/storage/aggregate/lsp/8b328dffac71b7afaf2d72f47c4048f27a32f6c8.nq.gz
[2026-09-26T07:07:34Z] [iter=7] Step 1: Loading AST into disk-backed store mem_mb=78 MB
[2026-09-26T07:10:45Z] [iter=7] AST store loaded triples=12873194 load_secs=188 mem_mb=1022 MB
[2026-09-26T07:10:45Z] [iter=7] Step 2: Finding LSP targets mem_mb=1022 MB
[2026-09-26T07:10:57Z] [iter=7] LSP targets found call_sites=94883 imports=0 extends=767 implements=0 secs=12
[2026-09-26T07:11:01Z] [iter=7] Loaded checkpoint partial graph triples=159070
[2026-09-26T07:11:09Z] [iter=7] Step 2.7: Building position index (one-shot, shared across resolvers) mem_mb=1025 MB
[2026-09-26T07:11:51Z] [iter=7] Position index built positions=936085 nodes_with_types=1164543 secs=42 mem_mb=2451 MB
[2026-09-26T07:11:51Z] [iter=7] Step 3: Starting LSP resolution mem_mb=2451 MB already_completed_types=[] already_completed_files=761
[2026-09-26T07:11:51Z] [iter=7] Resolving target type target_type=call_site count=94883
[2026-09-26T07:11:54Z] [iter=7] HEARTBEAT target_type=call_site elapsed_min=4.3 files_done=0 resolved=0 errors=0 current=adodbapi/test/adodbapitest.py
[2026-09-26T07:20:31Z] [iter=7] HEARTBEAT target_type=call_site elapsed_min=12.9 files_done=1 resolved=7 errors=191 current=isapi/samples/redirector.py
[2026-09-26T07:21:04Z] [iter=7] HEARTBEAT target_type=call_site elapsed_min=13.5 files_done=3 resolved=320 errors=202 current=win32/Lib/pywin32_testutil.py
[2026-09-26T07:22:01Z] [iter=7] HEARTBEAT target_type=call_site elapsed_min=14.4 files_done=4 resolved=369 errors=223 current=win32/Demos/win32gui_dialog.py
[2026-09-26T07:23:04Z] [iter=7] HEARTBEAT target_type=call_site elapsed_min=15.5 files_done=5 resolved=402 errors=246 current=Pythonwin/pywin/debugger/debugger.py
[2026-09-26T07:27:42Z] [iter=7] HEARTBEAT target_type=call_site elapsed_min=20.1 files_done=6 resolved=482 errors=348 current=com/win32comext/propsys/pscon.py
[2026-09-26T07:31:44Z] [iter=7] HEARTBEAT target_type=call_site elapsed_min=24.2 files_done=9 resolved=552 errors=436 current=com/win32comext/mapi/mapiutil.py
[2026-09-26T07:32:17Z] [iter=7] HEARTBEAT target_type=call_site elapsed_min=24.7 files_done=10 resolved=578 errors=448 current=win32/test/test_win32rcparser.py
[2026-09-26T07:33:33Z] [iter=7] HEARTBEAT target_type=call_site elapsed_min=26.0 files_done=13 resolved=619 errors=476 current=Pythonwin/pywin/framework/intpyapp.py
[2026-09-26T07:35:54Z] [iter=7] HEARTBEAT target_type=call_site elapsed_min=28.3 files_done=14 resolved=651 errors=527 current=Pythonwin/pywin/framework/editor/document.py
[2026-09-26T07:37:18Z] [iter=7] HEARTBEAT target_type=call_site elapsed_min=29.7 files_done=15 resolved=677 errors=557 current=Pythonwin/pywin/framework/editor/template.py
[2026-09-26T07:38:04Z] [iter=7] HEARTBEAT target_type=call_site elapsed_min=30.5 files_done=17 resolved=691 errors=574 current=com/win32comext/bits/test/show_all_jobs.py
[2026-09-26T07:39:34Z] [iter=7] HEARTBEAT target_type=call_site elapsed_min=32.0 files_done=20 resolved=759 errors=607 current=com/win32comext/axdebug/adb.py
[2026-09-26T07:42:40Z] [iter=7] HEARTBEAT target_type=call_site elapsed_min=35.1 files_done=21 resolved=797 errors=673 current=com/win32com/test/testShell.py
[2026-09-26T07:43:20Z] [iter=7] HEARTBEAT target_type=call_site elapsed_min=35.8 files_done=22 resolved=858 errors=687 current=win32/Demos/win32gui_devicenotify.py
[2026-09-26T07:44:02Z] [iter=7] HEARTBEAT target_type=call_site elapsed_min=36.5 files_done=24 resolved=889 errors=702 current=Pythonwin/pywin/scintilla/document.py
[2026-09-26T07:45:07Z] [iter=7] HEARTBEAT target_type=call_site elapsed_min=37.6 files_done=25 resolved=923 errors=725 current=win32/Demos/security/regsave_sa.py
[2026-09-26T07:47:14Z] [iter=7] HEARTBEAT target_type=call_site elapsed_min=39.7 files_done=27 resolved=993 errors=770 current=isapi/samples/redirector_asynch.py
[2026-09-26T07:48:16Z] [iter=7] HEARTBEAT target_type=call_site elapsed_min=40.7 files_done=30 resolved=1028 errors=791 current=win32/scripts/setup_d.py
[2026-09-26T07:48:55Z] [iter=7] HEARTBEAT target_type=call_site elapsed_min=41.4 files_done=32 resolved=1091 errors=805 current=win32/Demos/win32gui_menu.py
[2026-09-26T07:49:38Z] [iter=7] HEARTBEAT target_type=call_site elapsed_min=42.1 files_done=36 resolved=1143 errors=820 current=win32/Demos/win32clipboard_bitmapdemo.py
[2026-09-26T07:52:33Z] [iter=7] HEARTBEAT target_type=call_site elapsed_min=45.0 files_done=38 resolved=1170 errors=884 current=AutoDuck/Dump2HHC.py
[2026-09-26T07:53:41Z] [iter=7] HEARTBEAT target_type=call_site elapsed_min=46.1 files_done=39 resolved=1273 errors=908 current=com/win32comext/shell/demos/servers/shell_view.py
[2026-09-26T07:55:59Z] [iter=7] HEARTBEAT target_type=call_site elapsed_min=48.4 files_done=40 resolved=1339 errors=957 current=com/win32com/client/makepy.py
[2026-09-26T07:58:07Z] [iter=7] HEARTBEAT target_type=call_site elapsed_min=50.6 files_done=41 resolved=1393 errors=1003 current=win32/test/test_clipboard.py
[2026-09-26T07:58:43Z] [iter=7] HEARTBEAT target_type=call_site elapsed_min=51.1 files_done=45 resolved=1468 errors=1016 current=win32/Lib/win32serviceutil.py
[2026-09-26T08:01:14Z] [iter=7] HEARTBEAT target_type=call_site elapsed_min=53.7 files_done=46 resolved=1569 errors=1070 current=Pythonwin/pywin/test/test_pywin.py
[2026-09-26T08:02:57Z] [iter=7] HEARTBEAT target_type=call_site elapsed_min=55.4 files_done=47 resolved=1679 errors=1105 current=win32/test/test_win32guistruct.py
[2026-09-26T08:03:33Z] [iter=7] HEARTBEAT target_type=call_site elapsed_min=56.0 files_done=48 resolved=1737 errors=1118 current=com/win32comext/shell/demos/IUniformResourceLocator.py
[2026-09-26T08:05:54Z] [iter=7] HEARTBEAT target_type=call_site elapsed_min=58.3 files_done=52 resolved=1769 errors=1168 current=com/win32comext/axscript/client/pyscript.py
[2026-09-26T08:06:58Z] [iter=7] HEARTBEAT target_type=call_site elapsed_min=59.4 files_done=53 resolved=1786 errors=1190 current=Pythonwin/pywin/framework/interact.py
[2026-09-26T08:11:34Z] [iter=7] HEARTBEAT target_type=call_site elapsed_min=64.0 files_done=54 resolved=1852 errors=1288 current=win32/test/test_exceptions.py
[2026-09-26T08:12:33Z] [iter=7] HEARTBEAT target_type=call_site elapsed_min=65.0 files_done=55 resolved=1919 errors=1309 current=Pythonwin/pywin/idle/FormatParagraph.py
[2026-09-26T08:13:15Z] [iter=7] HEARTBEAT target_type=call_site elapsed_min=65.7 files_done=56 resolved=1948 errors=1324 current=com/win32com/client/genpy.py
[2026-09-26T08:16:57Z] [iter=7] HEARTBEAT target_type=call_site elapsed_min=69.4 files_done=57 resolved=2202 errors=1401 current=AutoDuck/BuildHHP.py
[2026-09-26T08:17:42Z] [iter=7] HEARTBEAT target_type=call_site elapsed_min=70.1 files_done=59 resolved=2243 errors=1417 current=Pythonwin/pywin/scintilla/view.py
[2026-09-26T08:22:48Z] [iter=7] HEARTBEAT target_type=call_site elapsed_min=75.2 files_done=60 resolved=2301 errors=1527 current=win32/test/test_win32event.py
[2026-09-26T08:24:25Z] [iter=7] HEARTBEAT target_type=call_site elapsed_min=76.8 files_done=62 resolved=2372 errors=1561 current=win32/test/test_win32clipboard.py
[2026-09-26T08:25:18Z] [iter=7] HEARTBEAT target_type=call_site elapsed_min=77.7 files_done=64 resolved=2382 errors=1580 current=com/win32comext/mapi/demos/mapisend.py
[2026-09-26T08:26:34Z] [iter=7] HEARTBEAT target_type=call_site elapsed_min=79.0 files_done=66 resolved=2441 errors=1608 current=Pythonwin/pywin/framework/cmdline.py
[2026-09-26T08:29:43Z] [iter=7] HEARTBEAT target_type=call_site elapsed_min=82.1 files_done=68 resolved=2514 errors=1677 current=com/win32com/test/daodump.py
[2026-09-26T08:32:05Z] [iter=7] HEARTBEAT target_type=call_site elapsed_min=84.5 files_done=70 resolved=2609 errors=1728 current=Pythonwin/pywin/framework/editor/color/coloreditor.py
[2026-09-26T08:39:26Z] [iter=7] HEARTBEAT target_type=call_site elapsed_min=91.9 files_done=71 resolved=2623 errors=1886 current=win32/Demos/security/sspi/fetch_url.py
[2026-09-26T08:43:58Z] [iter=7] HEARTBEAT target_type=call_site elapsed_min=96.4 files_done=73 resolved=2737 errors=1983 current=Pythonwin/pywin/scintilla/control.py
[2026-09-26T08:45:31Z] [iter=7] HEARTBEAT target_type=call_site elapsed_min=97.9 files_done=74 resolved=2782 errors=2015 current=Pythonwin/pywin/tools/regedit.py
[2026-09-26T08:47:24Z] [iter=7] HEARTBEAT target_type=call_site elapsed_min=99.8 files_done=75 resolved=2788 errors=2056 current=com/win32comext/axscript/test/leakTest.py
[2026-09-26T08:48:00Z] [iter=7] HEARTBEAT target_type=call_site elapsed_min=100.4 files_done=76 resolved=2806 errors=2069 current=com/win32com/demos/outlookAddin.py
[2026-09-26T08:48:44Z] [iter=7] HEARTBEAT target_type=call_site elapsed_min=101.2 files_done=78 resolved=2840 errors=2085 current=win32/Demos/win32rcparser_demo.py
[2026-09-26T08:49:23Z] [iter=7] HEARTBEAT target_type=call_site elapsed_min=101.8 files_done=80 resolved=2861 errors=2099 current=win32/Demos/BackupSeek_streamheaders.py
[2026-09-26T08:50:28Z] [iter=7] HEARTBEAT target_type=call_site elapsed_min=102.9 files_done=82 resolved=2898 errors=2122 current=Pythonwin/pywin/tools/hierlist.py
[2026-09-26T08:52:02Z] [iter=7] HEARTBEAT target_type=call_site elapsed_min=104.5 files_done=83 resolved=2914 errors=2156 current=Pythonwin/pywin/scintilla/find.py
[2026-09-26T08:53:30Z] [iter=7] HEARTBEAT target_type=call_site elapsed_min=105.9 files_done=84 resolved=2925 errors=2187 current=Pythonwin/pywin/idle/AutoIndent.py
[2026-09-26T08:55:53Z] [iter=7] HEARTBEAT target_type=call_site elapsed_min=108.3 files_done=85 resolved=2955 errors=2237 current=win32/Demos/win32gui_demo.py
[2026-09-26T08:57:48Z] [iter=7] HEARTBEAT target_type=call_site elapsed_min=110.2 files_done=87 resolved=3005 errors=2279 current=com/win32com/client/dynamic.py
[2026-09-26T09:00:44Z] [iter=7] HEARTBEAT target_type=call_site elapsed_min=113.2 files_done=88 resolved=3065 errors=2342 current=win32/test/test_win32wnet.py
[2026-09-26T09:01:44Z] [iter=7] HEARTBEAT target_type=call_site elapsed_min=114.2 files_done=91 resolved=3116 errors=2364 current=Pythonwin/pywin/Demos/demoutils.py
[2026-09-26T09:02:21Z] [iter=7] HEARTBEAT target_type=call_site elapsed_min=114.8 files_done=94 resolved=3165 errors=2377 current=Pythonwin/pywin/framework/editor/editor.py
[2026-09-26T09:03:35Z] [iter=7] HEARTBEAT target_type=call_site elapsed_min=116.0 files_done=95 resolved=3182 errors=2403 current=com/win32comext/axdebug/stackframe.py
[2026-09-26T09:04:28Z] [iter=7] HEARTBEAT target_type=call_site elapsed_min=116.9 files_done=96 resolved=3184 errors=2422 current=com/win32com/test/testMSOffice.py
[2026-09-26T09:05:26Z] [iter=7] HEARTBEAT target_type=call_site elapsed_min=117.9 files_done=97 resolved=3208 errors=2442 current=com/win32com/test/testExplorer.py
[2026-09-26T09:06:02Z] [iter=7] HEARTBEAT target_type=call_site elapsed_min=118.5 files_done=98 resolved=3216 errors=2455 current=com/win32com/demos/excelRTDServer.py
[2026-09-26T09:07:07Z] [iter=7] HEARTBEAT target_type=call_site elapsed_min=119.5 files_done=99 resolved=3240 errors=2478 current=com/win32comext/axscript/test/testHost.py
[2026-09-26T09:08:04Z] [iter=7] HEARTBEAT target_type=call_site elapsed_min=120.5 files_done=100 resolved=3266 errors=2498 current=adodbapi/adodbapi.py
[2026-09-26T09:12:10Z] [iter=7] HEARTBEAT target_type=call_site elapsed_min=124.6 files_done=101 resolved=3362 errors=2587 current=win32/scripts/regsetup.py
[2026-09-26T09:14:08Z] [iter=7] HEARTBEAT target_type=call_site elapsed_min=126.6 files_done=102 resolved=3441 errors=2630 current=Pythonwin/pywin/Demos/splittst.py
[2026-09-26T09:17:18Z] [iter=7] HEARTBEAT target_type=call_site elapsed_min=129.7 files_done=104 resolved=3503 errors=2696 current=com/win32com/client/__init__.py
[2026-09-26T09:19:12Z] [iter=7] HEARTBEAT target_type=call_site elapsed_min=131.6 files_done=105 resolved=3560 errors=2736 current=win32/Lib/winioctlcon.py
[2026-09-26T09:27:41Z] [iter=7] HEARTBEAT target_type=call_site elapsed_min=140.1 files_done=106 resolved=3561 errors=2918 current=win32/Demos/win32gui_taskbar.py
[2026-09-26T09:29:07Z] [iter=7] HEARTBEAT target_type=call_site elapsed_min=141.5 files_done=109 resolved=3632 errors=2949 current=win32/test/testall.py
[2026-09-26T09:30:55Z] [iter=7] HEARTBEAT target_type=call_site elapsed_min=143.4 files_done=111 resolved=3718 errors=2988 current=Pythonwin/pywin/mfc/dialog.py
[2026-09-26T09:31:55Z] [iter=7] HEARTBEAT target_type=call_site elapsed_min=144.4 files_done=112 resolved=3726 errors=3008 current=adodbapi/test/adodbapitestconfig.py
[2026-09-26T09:32:27Z] [iter=7] HEARTBEAT target_type=call_site elapsed_min=144.9 files_done=113 resolved=3750 errors=3019 current=win32/Demos/rastest.py
[2026-09-26T09:33:08Z] [iter=7] HEARTBEAT target_type=call_site elapsed_min=145.6 files_done=115 resolved=3798 errors=3034 current=win32/Demos/win32comport_demo.py
[2026-09-26T09:35:21Z] [iter=7] HEARTBEAT target_type=call_site elapsed_min=147.8 files_done=117 resolved=3818 errors=3082 current=Pythonwin/pywin/framework/editor/configui.py
[2026-09-26T09:38:14Z] [iter=7] HEARTBEAT target_type=call_site elapsed_min=150.7 files_done=118 resolved=3823 errors=3144 current=isapi/test/extension_simple.py
[2026-09-26T09:38:49Z] [iter=7] HEARTBEAT target_type=call_site elapsed_min=151.3 files_done=120 resolved=3853 errors=3156 current=com/win32comext/axscript/client/error.py
[2026-09-26T09:39:44Z] [iter=7] HEARTBEAT target_type=call_site elapsed_min=152.2 files_done=121 resolved=3880 errors=3175 current=AutoDuck/makedfromi.py
[2026-09-26T09:40:57Z] [iter=7] HEARTBEAT target_type=call_site elapsed_min=153.4 files_done=123 resolved=3989 errors=3201 current=Pythonwin/pywin/scintilla/formatter.py
[2026-09-26T09:43:23Z] [iter=7] HEARTBEAT target_type=call_site elapsed_min=155.8 files_done=124 resolved=4025 errors=3254 current=com/win32comext/axdebug/gateways.py
[2026-09-26T09:44:11Z] [iter=7] HEARTBEAT target_type=call_site elapsed_min=156.6 files_done=127 resolved=4085 errors=3271 current=setup.py
[2026-09-26T09:46:52Z] [iter=7] HEARTBEAT target_type=call_site elapsed_min=159.3 files_done=128 resolved=4396 errors=3325 current=AutoDuck/fixHelpCompression.py
[2026-09-26T09:49:12Z] [iter=7] HEARTBEAT target_type=call_site elapsed_min=161.6 files_done=132 resolved=4469 errors=3371 current=com/win32com/demos/iebutton.py
[2026-09-26T09:49:42Z] [iter=7] HEARTBEAT target_type=call_site elapsed_min=162.1 files_done=134 resolved=4527 errors=3381 current=com/win32comext/adsi/demos/scp.py
[2026-09-26T09:51:38Z] [iter=7] HEARTBEAT target_type=call_site elapsed_min=164.1 files_done=135 resolved=4578 errors=3419 current=Pythonwin/pywin/framework/intpydde.py
[2026-09-26T09:52:37Z] [iter=7] HEARTBEAT target_type=call_site elapsed_min=165.1 files_done=137 resolved=4589 errors=3439 current=isapi/samples/redirector_with_filter.py
[2026-09-26T09:53:51Z] [iter=7] HEARTBEAT target_type=call_site elapsed_min=166.3 files_done=140 resolved=4629 errors=3465 current=com/win32com/test/testDates.py
[2026-09-26T09:54:53Z] [iter=7] HEARTBEAT target_type=call_site elapsed_min=167.3 files_done=142 resolved=4666 errors=3487 current=win32/Demos/dde/ddeserver.py
[2026-09-26T09:55:26Z] [iter=7] HEARTBEAT target_type=call_site elapsed_min=167.9 files_done=145 resolved=4715 errors=3499 current=win32/Demos/win32fileDemo.py
[2026-09-26T09:56:32Z] [iter=7] HEARTBEAT target_type=call_site elapsed_min=169.0 files_done=147 resolved=4721 errors=3523 current=Pythonwin/pywin/Demos/toolbar.py
[2026-09-26T09:57:51Z] [iter=7] HEARTBEAT target_type=call_site elapsed_min=170.3 files_done=150 resolved=4743 errors=3552 current=win32/test/test_odbc.py
[2026-09-26T09:58:29Z] [iter=7] HEARTBEAT target_type=call_site elapsed_min=170.9 files_done=151 resolved=4779 errors=3566 current=win32/Demos/pipes/cat.py
[2026-09-26T09:59:16Z] [iter=7] HEARTBEAT target_type=call_site elapsed_min=171.7 files_done=154 resolved=4817 errors=3583 current=com/win32com/universal.py
[2026-09-26T09:59:52Z] [iter=7] HEARTBEAT target_type=call_site elapsed_min=172.3 files_done=155 resolved=4844 errors=3596 current=com/win32comext/taskscheduler/test/test_addtask_1.py
[2026-09-26T10:01:06Z] [iter=7] HEARTBEAT target_type=call_site elapsed_min=173.5 files_done=158 resolved=4885 errors=3623 current=com/win32comext/shell/test/testShellItem.py
[2026-09-26T10:01:41Z] [iter=7] HEARTBEAT target_type=call_site elapsed_min=174.1 files_done=163 resolved=4946 errors=3635 current=win32/Demos/security/account_rights.py
[2026-09-26T10:02:22Z] [iter=7] HEARTBEAT target_type=call_site elapsed_min=174.8 files_done=165 resolved=4962 errors=3650 current=com/win32comext/axscript/client/pyscript_rexec.py
[2026-09-26T10:03:49Z] [iter=7] HEARTBEAT target_type=call_site elapsed_min=176.2 files_done=167 resolved=4976 errors=3682 current=com/win32comext/axdebug/expressions.py
[2026-09-26T10:04:32Z] [iter=7] HEARTBEAT target_type=call_site elapsed_min=177.0 files_done=168 resolved=4998 errors=3698 current=win32/Demos/security/set_file_audit.py
[2026-09-26T10:05:32Z] [iter=7] HEARTBEAT target_type=call_site elapsed_min=178.0 files_done=171 resolved=5021 errors=3720 current=com/win32com/test/errorSemantics.py
[2026-09-26T10:06:56Z] [iter=7] HEARTBEAT target_type=call_site elapsed_min=179.4 files_done=172 resolved=5060 errors=3751 current=win32/Demos/security/setnamedsecurityinfo.py
[2026-09-26T10:07:35Z] [iter=7] HEARTBEAT target_type=call_site elapsed_min=180.0 files_done=175 resolved=5111 errors=3765 current=Pythonwin/pywin/Demos/fontdemo.py
[2026-09-26T10:08:18Z] [iter=7] HEARTBEAT target_type=call_site elapsed_min=180.7 files_done=177 resolved=5119 errors=3781 current=com/win32comext/ifilter/ifiltercon.py
[2026-09-26T10:10:01Z] [iter=7] HEARTBEAT target_type=call_site elapsed_min=182.5 files_done=181 resolved=5151 errors=3817 current=com/win32comext/axdebug/debugger.py
[2026-09-26T10:10:51Z] [iter=7] HEARTBEAT target_type=call_site elapsed_min=183.3 files_done=182 resolved=5166 errors=3835 current=win32/Demos/service/pipeTestServiceClient.py
[2026-09-26T10:11:51Z] [iter=7] HEARTBEAT target_type=call_site elapsed_min=184.3 files_done=184 resolved=5218 errors=3857 current=com/win32comext/shell/demos/ITransferAdviseSink.py
[2026-09-26T10:13:27Z] [iter=7] HEARTBEAT target_type=call_site elapsed_min=185.9 files_done=186 resolved=5238 errors=3891 current=win32/Demos/service/pipeTestService.py
[2026-09-26T10:14:26Z] [iter=7] HEARTBEAT target_type=call_site elapsed_min=186.9 files_done=188 resolved=5266 errors=3912 current=win32/Demos/EvtFormatMessage.py
[2026-09-26T10:15:38Z] [iter=7] HEARTBEAT target_type=call_site elapsed_min=188.1 files_done=191 resolved=5302 errors=3937 current=isapi/samples/test.py
[2026-09-26T10:16:10Z] [iter=7] HEARTBEAT target_type=call_site elapsed_min=188.6 files_done=193 resolved=5346 errors=3948 current=com/win32comext/axscript/client/scriptdispatch.py
[2026-09-26T10:16:45Z] [iter=7] HEARTBEAT target_type=call_site elapsed_min=189.2 files_done=194 resolved=5361 errors=3960 current=com/win32comext/shell/demos/IActiveDesktop.py
[2026-09-26T10:17:16Z] [iter=7] HEARTBEAT target_type=call_site elapsed_min=189.7 files_done=198 resolved=5409 errors=3971 current=win32/Demos/security/explicit_entries.py
[2026-09-26T10:17:50Z] [iter=7] HEARTBEAT target_type=call_site elapsed_min=190.3 files_done=201 resolved=5477 errors=3983 current=Pythonwin/pywin/Demos/ocx/ocxtest.py
[2026-09-26T10:18:48Z] [iter=7] HEARTBEAT target_type=call_site elapsed_min=191.2 files_done=202 resolved=5496 errors=4004 current=com/win32com/test/GenTestScripts.py
[2026-09-26T10:19:33Z] [iter=7] HEARTBEAT target_type=call_site elapsed_min=192.0 files_done=206 resolved=5561 errors=4020 current=Pythonwin/pywin/Demos/ocx/demoutils.py
[2026-09-26T10:20:10Z] [iter=7] HEARTBEAT target_type=call_site elapsed_min=192.6 files_done=210 resolved=5586 errors=4033 current=Pythonwin/pywin/test/test_exe.py
[2026-09-26T10:21:20Z] [iter=7] HEARTBEAT target_type=call_site elapsed_min=193.8 files_done=213 resolved=5649 errors=4058 current=.github/workflows/download-arm64-libs.py
[2026-09-26T10:21:50Z] [iter=7] HEARTBEAT target_type=call_site elapsed_min=194.3 files_done=217 resolved=5679 errors=4069 current=com/win32com/servers/test_pycomtest.py
[2026-09-26T10:23:00Z] [iter=7] HEARTBEAT target_type=call_site elapsed_min=195.4 files_done=218 resolved=5684 errors=4094 current=Pythonwin/pywin/mfc/window.py
[2026-09-26T10:23:39Z] [iter=7] HEARTBEAT target_type=call_site elapsed_min=196.1 files_done=222 resolved=5700 errors=4108 current=Pythonwin/pywin/Demos/objdoc.py
[2026-09-26T10:24:18Z] [iter=7] HEARTBEAT target_type=call_site elapsed_min=196.7 files_done=224 resolved=5708 errors=4122 current=win32/Lib/regcheck.py
[2026-09-26T10:25:06Z] [iter=7] HEARTBEAT target_type=call_site elapsed_min=197.5 files_done=225 resolved=5729 errors=4139 current=win32/test/test_win32gui.py
[2026-09-26T10:25:44Z] [iter=7] HEARTBEAT target_type=call_site elapsed_min=198.2 files_done=229 resolved=5809 errors=4152 current=com/win32comext/directsound/test/ds_record.py
[2026-09-26T10:26:25Z] [iter=7] HEARTBEAT target_type=call_site elapsed_min=198.8 files_done=231 resolved=5823 errors=4166 current=com/win32comext/adsi/adsicon.py
[2026-09-26T10:27:26Z] [iter=7] HEARTBEAT target_type=call_site elapsed_min=199.9 files_done=232 resolved=5823 errors=4187 current=com/win32comext/adsi/demos/test.py
[2026-09-26T10:27:57Z] [iter=7] HEARTBEAT target_type=call_site elapsed_min=200.4 files_done=233 resolved=5875 errors=4198 current=win32/Demos/security/set_file_owner.py
[2026-09-26T10:28:31Z] [iter=7] HEARTBEAT target_type=call_site elapsed_min=200.9 files_done=237 resolved=5901 errors=4210 current=com/win32comext/axscript/server/axsite.py
[2026-09-26T10:29:06Z] [iter=7] HEARTBEAT target_type=call_site elapsed_min=201.5 files_done=240 resolved=5928 errors=4222 current=Pythonwin/pywin/scintilla/keycodes.py
[2026-09-26T10:30:40Z] [iter=7] HEARTBEAT target_type=call_site elapsed_min=203.1 files_done=241 resolved=5949 errors=4254 current=win32/Demos/security/lsaregevent.py
[2026-09-26T10:31:30Z] [iter=7] HEARTBEAT target_type=call_site elapsed_min=203.9 files_done=243 resolved=5957 errors=4271 current=isapi/__init__.py
[2026-09-26T10:32:41Z] [iter=7] HEARTBEAT target_type=call_site elapsed_min=205.1 files_done=247 resolved=5988 errors=4295 current=win32/Demos/winprocess.py
[2026-09-26T10:33:28Z] [iter=7] HEARTBEAT target_type=call_site elapsed_min=205.9 files_done=249 resolved=6012 errors=4312 current=Pythonwin/pywin/dialogs/login.py
[2026-09-26T10:33:59Z] [iter=7] HEARTBEAT target_type=call_site elapsed_min=206.4 files_done=250 resolved=6029 errors=4323 current=com/win32com/test/testArrays.py
[2026-09-26T10:34:40Z] [iter=7] HEARTBEAT target_type=call_site elapsed_min=207.1 files_done=251 resolved=6034 errors=4337 current=win32/scripts/VersionStamp/BrandProject.py
[2026-09-26T10:35:34Z] [iter=7] HEARTBEAT target_type=call_site elapsed_min=208.0 files_done=254 resolved=6065 errors=4355 current=Pythonwin/pywin/Demos/dibdemo.py
[2026-09-26T10:36:08Z] [iter=7] HEARTBEAT target_type=call_site elapsed_min=208.6 files_done=257 resolved=6108 errors=4366 current=adodbapi/test/test_adodbapi_dbapi20.py
[2026-09-26T10:37:49Z] [iter=7] HEARTBEAT target_type=call_site elapsed_min=210.3 files_done=258 resolved=6125 errors=4401 current=isapi/samples/advanced.py
[2026-09-26T10:39:29Z] [iter=7] HEARTBEAT target_type=call_site elapsed_min=211.9 files_done=261 resolved=6181 errors=4436 current=adodbapi/examples/db_table_names.py
[2026-09-26T10:40:08Z] [iter=7] HEARTBEAT target_type=call_site elapsed_min=212.6 files_done=265 resolved=6229 errors=4450 current=com/win32com/server/exception.py
[2026-09-26T10:40:42Z] [iter=7] HEARTBEAT target_type=call_site elapsed_min=213.1 files_done=268 resolved=6248 errors=4462 current=win32/Demos/win32clipboardDemo.py
[2026-09-26T10:41:13Z] [iter=7] HEARTBEAT target_type=call_site elapsed_min=213.6 files_done=270 resolved=6272 errors=4473 current=win32/Demos/security/localized_names.py
[2026-09-26T10:41:43Z] [iter=7] HEARTBEAT target_type=call_site elapsed_min=214.2 files_done=278 resolved=6303 errors=4484 current=AutoDuck/make.py
[2026-09-26T10:42:29Z] [iter=7] HEARTBEAT target_type=call_site elapsed_min=214.9 files_done=282 resolved=6344 errors=4500 current=win32/Lib/pywintypes.py
[2026-09-26T10:43:33Z] [iter=7] HEARTBEAT target_type=call_site elapsed_min=216.0 files_done=287 resolved=6407 errors=4522 current=Pythonwin/pywin/framework/editor/vss.py
[2026-09-26T10:44:10Z] [iter=7] HEARTBEAT target_type=call_site elapsed_min=216.6 files_done=295 resolved=6451 errors=4535 current=Pythonwin/pywin/debugger/fail.py
[2026-09-26T10:44:47Z] [iter=7] HEARTBEAT target_type=call_site elapsed_min=217.2 files_done=297 resolved=6472 errors=4548 current=win32/Lib/win32pdhquery.py
[2026-09-26T10:45:44Z] [iter=7] HEARTBEAT target_type=call_site elapsed_min=218.2 files_done=298 resolved=6496 errors=4568 current=win32/Demos/win32cred_demo.py
[2026-09-26T10:46:14Z] [iter=7] HEARTBEAT target_type=call_site elapsed_min=218.7 files_done=303 resolved=6539 errors=4579 current=Pythonwin/pywin/debugger/configui.py
[2026-09-26T10:46:48Z] [iter=7] HEARTBEAT target_type=call_site elapsed_min=219.2 files_done=306 resolved=6551 errors=4591 current=Pythonwin/pywin/Demos/app/dlgappdemo.py
[2026-09-26T10:47:27Z] [iter=7] HEARTBEAT target_type=call_site elapsed_min=219.9 files_done=308 resolved=6556 errors=4605 current=com/win32comext/axdebug/documents.py
[2026-09-26T10:48:31Z] [iter=7] HEARTBEAT target_type=call_site elapsed_min=220.9 files_done=311 resolved=6575 errors=4628 current=win32/Lib/rasutil.py
[2026-09-26T10:49:04Z] [iter=7] HEARTBEAT target_type=call_site elapsed_min=221.5 files_done=313 resolved=6582 errors=4640 current=win32/Demos/EvtSubscribe_pull.py
[2026-09-26T10:49:43Z] [iter=7] HEARTBEAT target_type=call_site elapsed_min=222.1 files_done=317 resolved=6613 errors=4654 current=com/win32com/server/factory.py
[2026-09-26T10:50:16Z] [iter=7] HEARTBEAT target_type=call_site elapsed_min=222.7 files_done=320 resolved=6624 errors=4666 current=win32/Demos/service/serviceEvents.py
[2026-09-26T10:50:52Z] [iter=7] HEARTBEAT target_type=call_site elapsed_min=223.3 files_done=325 resolved=6642 errors=4679 current=win32/Demos/RegCreateKeyTransacted.py
[2026-09-26T10:51:44Z] [iter=7] HEARTBEAT target_type=call_site elapsed_min=224.2 files_done=334 resolved=6669 errors=4698 current=Pythonwin/pywin/tools/TraceCollector.py
[2026-09-26T10:52:20Z] [iter=7] HEARTBEAT target_type=call_site elapsed_min=224.8 files_done=340 resolved=6692 errors=4711 current=win32/test/test_win32net.py
[2026-09-26T10:52:51Z] [iter=7] HEARTBEAT target_type=call_site elapsed_min=225.3 files_done=350 resolved=6744 errors=4722 current=win32/test/test_win32print.py
[2026-09-26T10:53:40Z] [iter=7] HEARTBEAT target_type=call_site elapsed_min=226.1 files_done=356 resolved=6773 errors=4740 current=win32/test/test_win32ts.py
[2026-09-26T10:54:14Z] [iter=7] HEARTBEAT target_type=call_site elapsed_min=226.7 files_done=366 resolved=6795 errors=4752 current=com/win32comext/taskscheduler/test/test_localsystem.py
[2026-09-26T10:54:45Z] [iter=7] HEARTBEAT target_type=call_site elapsed_min=227.2 files_done=374 resolved=6808 errors=4762 current=win32/Lib/afxres.py
[2026-09-26T10:55:27Z] [iter=7] Target type resolved target_type=call_site resolved=6825 errors=4777 secs=13416 mem_mb=2517 MB
[2026-09-26T10:55:27Z] [iter=7] Resolving target type target_type=extends_clause count=767
[2026-09-26T10:55:27Z] [iter=7] HEARTBEAT target_type=extends_clause elapsed_min=227.9 files_done=0 resolved=0 errors=0 current=com/win32comext/axdebug/src/PyIDebugApplicationNode.h
[2026-09-26T10:55:30Z] [iter=7] Target type resolved target_type=extends_clause resolved=522 errors=0 secs=3 mem_mb=2517 MB
[2026-09-26T10:56:30Z] [iter=7] Step 5: Writing final enrichment file triples=562218
[2026-09-26T10:56:34Z] [iter=7] Enrichment file written path=/home/runner/work/forx/forx/storage/aggregate/lsp/8b328dffac71b7afaf2d72f47c4048f27a32f6c8.nq.gz size_kb=15057
[2026-09-26T10:56:34Z] [iter=7] Checkpoint cleared (enrichment complete)
[2026-09-26T10:56:34Z] [iter=7] PHASE END: enrich elapsed_s=13740 elapsed_min=229.0 total_triples=562218
