[2026-09-20T06:28:45Z] === ENRICH ITERATION 4 START | repo=mhammond/pywin32 sha=ee8ff7ba ===
[2026-09-20T06:28:45Z] [iter=4] PHASE START: enrich repo=mhammond/pywin32 sha=ee8ff7ba runlog=/home/runner/work/forx/forx/storage/aggregate/lsp/logs/ee8ff7ba-enrich-iter-004.log output=/home/runner/work/forx/forx/storage/aggregate/lsp/ee8ff7ba36a11e59732c55b5d01434a16a90818d.nq.gz
[2026-09-20T06:28:45Z] [iter=4] Step 1: Loading AST into disk-backed store mem_mb=78 MB
[2026-09-20T06:30:35Z] [iter=4] AST store loaded triples=10469515 load_secs=106 mem_mb=1050 MB
[2026-09-20T06:30:35Z] [iter=4] Step 2: Finding LSP targets mem_mb=1050 MB
[2026-09-20T06:30:55Z] [iter=4] LSP targets found call_sites=75775 imports=0 extends=600 implements=0 secs=19
[2026-09-20T06:31:01Z] [iter=4] Loaded checkpoint partial graph triples=135887
[2026-09-20T06:31:13Z] [iter=4] Step 2.7: Building position index (one-shot, shared across resolvers) mem_mb=1050 MB
[2026-09-20T06:32:26Z] [iter=4] Position index built positions=759954 nodes_with_types=945839 secs=74 mem_mb=1924 MB
[2026-09-20T06:32:26Z] [iter=4] Step 3: Starting LSP resolution mem_mb=1924 MB already_completed_types=[] already_completed_files=504
[2026-09-20T06:32:26Z] [iter=4] Resolving target type target_type=call_site count=75775
[2026-09-20T06:32:30Z] [iter=4] HEARTBEAT target_type=call_site elapsed_min=3.8 files_done=0 resolved=0 errors=0 current=Pythonwin/win32view.cpp
[2026-09-20T06:36:09Z] [iter=4] HEARTBEAT target_type=call_site elapsed_min=7.4 files_done=1 resolved=0 errors=50 current=Pythonwin/Scintilla/include/SString.h
[2026-09-20T06:37:37Z] [iter=4] HEARTBEAT target_type=call_site elapsed_min=8.9 files_done=2 resolved=0 errors=70 current=com/win32comext/authorization/src/PyGSecurityInformation.cpp
[2026-09-20T06:38:21Z] [iter=4] HEARTBEAT target_type=call_site elapsed_min=9.6 files_done=3 resolved=0 errors=80 current=com/win32comext/shell/src/PyIShellView.cpp
[2026-09-20T06:39:27Z] [iter=4] HEARTBEAT target_type=call_site elapsed_min=10.7 files_done=4 resolved=0 errors=95 current=com/win32com/src/extensions/PyITypeObjects.cpp
[2026-09-20T06:41:31Z] [iter=4] HEARTBEAT target_type=call_site elapsed_min=12.8 files_done=7 resolved=5 errors=123 current=win32/src/PyDEVMODE.cpp
[2026-09-20T06:47:26Z] [iter=4] HEARTBEAT target_type=call_site elapsed_min=18.7 files_done=8 resolved=5 errors=203 current=com/win32comext/axcontrol/src/PyIObjectWithSite.cpp
[2026-09-20T06:48:49Z] [iter=4] HEARTBEAT target_type=call_site elapsed_min=20.1 files_done=10 resolved=5 errors=222 current=Pythonwin/win32uioledoc.cpp
[2026-09-20T06:49:24Z] [iter=4] HEARTBEAT target_type=call_site elapsed_min=20.7 files_done=11 resolved=5 errors=230 current=Pythonwin/win32dc.cpp
[2026-09-20T06:55:56Z] [iter=4] HEARTBEAT target_type=call_site elapsed_min=27.2 files_done=12 resolved=5 errors=320 current=win32/src/win32net/win32netsession.cpp
[2026-09-20T06:56:53Z] [iter=4] HEARTBEAT target_type=call_site elapsed_min=28.1 files_done=15 resolved=5 errors=333 current=com/win32comext/axdebug/src/PyIDebugExpression.cpp
[2026-09-20T06:58:51Z] [iter=4] HEARTBEAT target_type=call_site elapsed_min=30.1 files_done=17 resolved=5 errors=360 current=com/win32com/src/oleargs.cpp
[2026-09-20T07:01:36Z] [iter=4] HEARTBEAT target_type=call_site elapsed_min=32.9 files_done=18 resolved=5 errors=398 current=Pythonwin/Scintilla/src/LexPB.cxx
[2026-09-20T07:03:38Z] [iter=4] HEARTBEAT target_type=call_site elapsed_min=34.9 files_done=19 resolved=12 errors=426 current=Pythonwin/pythondoc.h
[2026-09-20T07:04:18Z] [iter=4] HEARTBEAT target_type=call_site elapsed_min=35.6 files_done=20 resolved=12 errors=435 current=com/win32comext/shell/src/PyIShellBrowser.cpp
[2026-09-20T07:05:41Z] [iter=4] HEARTBEAT target_type=call_site elapsed_min=36.9 files_done=21 resolved=12 errors=454 current=com/win32com/src/extensions/PyGEnumVariant.cpp
[2026-09-20T07:09:02Z] [iter=4] HEARTBEAT target_type=call_site elapsed_min=40.3 files_done=24 resolved=12 errors=500 current=isapi/src/pyISAPI.cpp
[2026-09-20T07:09:41Z] [iter=4] HEARTBEAT target_type=call_site elapsed_min=40.9 files_done=26 resolved=12 errors=509 current=win32/src/PyACL.cpp
[2026-09-20T07:10:51Z] [iter=4] HEARTBEAT target_type=call_site elapsed_min=42.1 files_done=27 resolved=12 errors=525 current=com/win32com/src/extensions/PyIPersistFile.cpp
[2026-09-20T07:11:34Z] [iter=4] HEARTBEAT target_type=call_site elapsed_min=42.8 files_done=30 resolved=12 errors=535 current=com/win32com/src/extensions/PyIEnumSTATPROPSETSTG.cpp
[2026-09-20T07:12:49Z] [iter=4] HEARTBEAT target_type=call_site elapsed_min=44.1 files_done=34 resolved=20 errors=552 current=Pythonwin/Scintilla/src/LexHaskell.cxx
[2026-09-20T07:15:08Z] [iter=4] HEARTBEAT target_type=call_site elapsed_min=46.4 files_done=35 resolved=33 errors=584 current=Pythonwin/Scintilla/src/LexSpecman.cxx
[2026-09-20T07:17:46Z] [iter=4] HEARTBEAT target_type=call_site elapsed_min=49.0 files_done=36 resolved=36 errors=620 current=com/win32com/src/extensions/PyTYPEATTR.cpp
[2026-09-20T07:18:55Z] [iter=4] HEARTBEAT target_type=call_site elapsed_min=50.2 files_done=37 resolved=36 errors=636 current=Pythonwin/Scintilla/src/LexVHDL.cxx
[2026-09-20T07:20:57Z] [iter=4] HEARTBEAT target_type=call_site elapsed_min=52.2 files_done=38 resolved=71 errors=664 current=Pythonwin/Scintilla/src/LexMatlab.cxx
[2026-09-20T07:22:16Z] [iter=4] HEARTBEAT target_type=call_site elapsed_min=53.5 files_done=41 resolved=71 errors=732 current=Pythonwin/Scintilla/src/LexPascal.cxx
[2026-09-20T07:24:23Z] [iter=4] HEARTBEAT target_type=call_site elapsed_min=55.6 files_done=42 resolved=84 errors=761 current=Pythonwin/stddde.cpp
[2026-09-20T07:25:33Z] [iter=4] HEARTBEAT target_type=call_site elapsed_min=56.8 files_done=43 resolved=85 errors=777 current=Pythonwin/Scintilla/src/LexYAML.cxx
[2026-09-20T07:26:51Z] [iter=4] HEARTBEAT target_type=call_site elapsed_min=58.1 files_done=44 resolved=88 errors=795 current=com/win32comext/bits/src/PyIBackgroundCopyJob3.cpp
[2026-09-20T07:28:36Z] [iter=4] HEARTBEAT target_type=call_site elapsed_min=59.8 files_done=46 resolved=88 errors=819 current=com/win32comext/axcontrol/src/PyIOleInPlaceFrame.cpp
[2026-09-20T07:39:12Z] [iter=4] HEARTBEAT target_type=call_site elapsed_min=70.5 files_done=48 resolved=88 errors=965 current=com/win32com/src/extensions/PyIEnumString.cpp
[2026-09-20T07:41:40Z] [iter=4] HEARTBEAT target_type=call_site elapsed_min=72.9 files_done=55 resolved=88 errors=1219 current=Pythonwin/Scintilla/src/LexCsound.cxx
[2026-09-20T07:43:25Z] [iter=4] HEARTBEAT target_type=call_site elapsed_min=74.7 files_done=56 resolved=95 errors=1243 current=com/win32comext/bits/src/PyIBackgroundCopyError.cpp
[2026-09-20T07:44:09Z] [iter=4] HEARTBEAT target_type=call_site elapsed_min=75.4 files_done=58 resolved=95 errors=1253 current=win32/src/win32inet_winhttp.cpp
[2026-09-20T07:44:57Z] [iter=4] HEARTBEAT target_type=call_site elapsed_min=76.2 files_done=59 resolved=95 errors=1264 current=Pythonwin/win32notify.cpp
[2026-09-20T07:45:28Z] [iter=4] HEARTBEAT target_type=call_site elapsed_min=76.7 files_done=60 resolved=95 errors=1271 current=com/win32comext/shell/src/PyIShellItem.cpp
[2026-09-20T07:46:07Z] [iter=4] HEARTBEAT target_type=call_site elapsed_min=77.4 files_done=61 resolved=95 errors=1280 current=isapi/src/PyExtensionObjects.cpp
[2026-09-20T07:47:25Z] [iter=4] HEARTBEAT target_type=call_site elapsed_min=78.7 files_done=62 resolved=95 errors=1298 current=com/win32comext/shell/src/PyIEmptyVolumeCache.cpp
[2026-09-20T07:48:14Z] [iter=4] HEARTBEAT target_type=call_site elapsed_min=79.5 files_done=64 resolved=95 errors=1309 current=Pythonwin/dllmain.cpp
[2026-09-20T07:48:53Z] [iter=4] HEARTBEAT target_type=call_site elapsed_min=80.1 files_done=65 resolved=95 errors=1318 current=win32/src/win32credmodule.cpp
[2026-09-20T07:52:57Z] [iter=4] HEARTBEAT target_type=call_site elapsed_min=84.2 files_done=66 resolved=95 errors=1374 current=com/win32com/src/extensions/PyIConnectionPoint.cpp
[2026-09-20T07:53:50Z] [iter=4] HEARTBEAT target_type=call_site elapsed_min=85.1 files_done=71 resolved=100 errors=1386 current=Pythonwin/Win32app.h
[2026-09-20T07:54:37Z] [iter=4] HEARTBEAT target_type=call_site elapsed_min=85.9 files_done=74 resolved=100 errors=1397 current=Pythonwin/ddeconv.cpp
[2026-09-20T07:58:33Z] [iter=4] HEARTBEAT target_type=call_site elapsed_min=89.8 files_done=78 resolved=115 errors=1451 current=win32/src/win32helpmodule.cpp
[2026-09-20T08:18:17Z] [iter=4] HEARTBEAT target_type=call_site elapsed_min=109.5 files_done=79 resolved=115 errors=1722 current=win32/src/win32clipboardmodule.cpp
[2026-09-20T08:20:33Z] [iter=4] HEARTBEAT target_type=call_site elapsed_min=111.8 files_done=80 resolved=115 errors=1753 current=com/win32comext/axcontrol/src/PyIOleInPlaceSite.cpp
[2026-09-20T08:22:00Z] [iter=4] HEARTBEAT target_type=call_site elapsed_min=113.3 files_done=81 resolved=115 errors=1773 current=Pythonwin/Scintilla/src/LineMarker.cxx
[2026-09-20T08:23:06Z] [iter=4] HEARTBEAT target_type=call_site elapsed_min=114.4 files_done=83 resolved=115 errors=1788 current=Pythonwin/Scintilla/src/LexTADS3.cxx
[2026-09-20T08:33:56Z] [iter=4] HEARTBEAT target_type=call_site elapsed_min=125.2 files_done=84 resolved=130 errors=1937 current=win32/src/PyWinTypesmodule.cpp
[2026-09-20T08:36:20Z] [iter=4] HEARTBEAT target_type=call_site elapsed_min=127.6 files_done=85 resolved=133 errors=1970 current=com/win32com/src/extensions/PyIGlobalInterfaceTable.cpp
[2026-09-20T08:40:54Z] [iter=4] HEARTBEAT target_type=call_site elapsed_min=132.2 files_done=87 resolved=138 errors=2033 current=win32/src/win32security_sspi.cpp
[2026-09-20T08:43:40Z] [iter=4] HEARTBEAT target_type=call_site elapsed_min=134.9 files_done=88 resolved=138 errors=2071 current=com/win32comext/axcontrol/src/PyIOleInPlaceSiteWindowless.h
[2026-09-20T08:44:46Z] [iter=4] HEARTBEAT target_type=call_site elapsed_min=136.0 files_done=89 resolved=138 errors=2086 current=com/win32comext/axdebug/src/PyIProcessDebugManager.cpp
[2026-09-20T08:45:52Z] [iter=4] HEARTBEAT target_type=call_site elapsed_min=137.1 files_done=92 resolved=138 errors=2101 current=Pythonwin/win32uiExt.h
[2026-09-20T08:55:24Z] [iter=4] HEARTBEAT target_type=call_site elapsed_min=146.6 files_done=93 resolved=138 errors=2232 current=com/win32comext/axdebug/src/PyIEnumRemoteDebugApplicationThreads.cpp
[2026-09-20T08:59:15Z] [iter=4] HEARTBEAT target_type=call_site elapsed_min=150.5 files_done=95 resolved=138 errors=2285 current=Pythonwin/Scintilla/src/LexProgress.cxx
[2026-09-20T09:02:01Z] [iter=4] HEARTBEAT target_type=call_site elapsed_min=153.3 files_done=96 resolved=144 errors=2323 current=com/win32comext/axscript/src/PyIProvideMultipleClassInfo.h
[2026-09-20T09:02:50Z] [iter=4] HEARTBEAT target_type=call_site elapsed_min=154.1 files_done=98 resolved=144 errors=2334 current=Pythonwin/win32prop.cpp
[2026-09-20T09:05:44Z] [iter=4] HEARTBEAT target_type=call_site elapsed_min=157.0 files_done=99 resolved=144 errors=2374 current=com/win32comext/internet/src/PyIInternetProtocolInfo.cpp
[2026-09-20T09:06:15Z] [iter=4] HEARTBEAT target_type=call_site elapsed_min=157.5 files_done=100 resolved=144 errors=2381 current=com/win32comext/shell/src/PyIShellLinkDataList.cpp
[2026-09-20T09:06:50Z] [iter=4] HEARTBEAT target_type=call_site elapsed_min=158.1 files_done=101 resolved=144 errors=2389 current=com/win32comext/axdebug/src/PyIEnumDebugStackFrames.cpp
[2026-09-20T09:13:21Z] [iter=4] HEARTBEAT target_type=call_site elapsed_min=164.6 files_done=105 resolved=144 errors=2478 current=Pythonwin/Scintilla/src/LexTeX.cxx
[2026-09-20T09:16:12Z] [iter=4] HEARTBEAT target_type=call_site elapsed_min=167.4 files_done=106 resolved=195 errors=2517 current=com/win32comext/mapi/src/PyIMAPIAdviseSink.cpp
[2026-09-20T09:17:13Z] [iter=4] HEARTBEAT target_type=call_site elapsed_min=168.5 files_done=110 resolved=195 errors=2531 current=Pythonwin/Scintilla/src/LexOthers.cxx
[2026-09-20T09:23:11Z] [iter=4] HEARTBEAT target_type=call_site elapsed_min=174.4 files_done=111 resolved=233 errors=2613 current=com/win32comext/axdebug/src/PyIRemoteDebugApplicationThread.cpp
[2026-09-20T09:24:25Z] [iter=4] HEARTBEAT target_type=call_site elapsed_min=175.7 files_done=112 resolved=233 errors=2630 current=Pythonwin/Scintilla/src/LexFlagship.cxx
[2026-09-20T09:26:27Z] [iter=4] HEARTBEAT target_type=call_site elapsed_min=177.7 files_done=113 resolved=239 errors=2658 current=com/win32comext/axdebug/src/PyIProvideExpressionContexts.cpp
[2026-09-20T09:26:58Z] [iter=4] HEARTBEAT target_type=call_site elapsed_min=178.2 files_done=115 resolved=239 errors=2665 current=win32/src/win32security_ds.cpp
[2026-09-20T09:29:43Z] [iter=4] HEARTBEAT target_type=call_site elapsed_min=181.0 files_done=116 resolved=239 errors=2703 current=Pythonwin/Scintilla/src/LexPython.cxx
[2026-09-20T09:31:59Z] [iter=4] HEARTBEAT target_type=call_site elapsed_min=183.2 files_done=117 resolved=246 errors=2734 current=com/win32comext/shell/src/PyIActiveDesktop.cpp
[2026-09-20T09:33:57Z] [iter=4] HEARTBEAT target_type=call_site elapsed_min=185.2 files_done=118 resolved=246 errors=2761 current=com/win32comext/shell/src/PyIExplorerCommand.cpp
[2026-09-20T09:34:54Z] [iter=4] HEARTBEAT target_type=call_site elapsed_min=186.1 files_done=119 resolved=246 errors=2774 current=com/win32comext/directsound/src/PyIDirectSoundBuffer.cpp
[2026-09-20T09:35:51Z] [iter=4] HEARTBEAT target_type=call_site elapsed_min=187.1 files_done=120 resolved=246 errors=2787 current=com/win32com/src/extensions/PySTGMEDIUM.cpp
[2026-09-20T09:38:12Z] [iter=4] HEARTBEAT target_type=call_site elapsed_min=189.4 files_done=122 resolved=249 errors=2819 current=com/win32comext/axscript/src/PyIActiveScriptSite.cpp
[2026-09-20T09:41:11Z] [iter=4] HEARTBEAT target_type=call_site elapsed_min=192.4 files_done=124 resolved=249 errors=2860 current=com/win32comext/bits/src/PyIBackgroundCopyCallback.cpp
[2026-09-20T09:43:09Z] [iter=4] HEARTBEAT target_type=call_site elapsed_min=194.4 files_done=126 resolved=249 errors=2887 current=com/win32comext/directsound/src/PyIDirectSoundNotify.cpp
[2026-09-20T09:44:51Z] [iter=4] HEARTBEAT target_type=call_site elapsed_min=196.1 files_done=128 resolved=249 errors=2910 current=com/win32com/src/extensions/PyICreateTypeInfo.cpp
[2026-09-20T09:45:47Z] [iter=4] HEARTBEAT target_type=call_site elapsed_min=197.0 files_done=130 resolved=249 errors=2923 current=com/win32comext/taskscheduler/src/PyITask.cpp
[2026-09-20T09:46:36Z] [iter=4] HEARTBEAT target_type=call_site elapsed_min=197.8 files_done=131 resolved=249 errors=2934 current=com/win32com/src/extensions/PyIProvideClassInfo.cpp
[2026-09-20T09:48:04Z] [iter=4] HEARTBEAT target_type=call_site elapsed_min=199.3 files_done=133 resolved=249 errors=2954 current=Pythonwin/win32splitter.cpp
[2026-09-20T09:48:48Z] [iter=4] HEARTBEAT target_type=call_site elapsed_min=200.0 files_done=134 resolved=249 errors=2964 current=Pythonwin/dibapi.cpp
[2026-09-20T09:50:20Z] [iter=4] HEARTBEAT target_type=call_site elapsed_min=201.6 files_done=135 resolved=249 errors=2985 current=com/win32comext/axcontrol/src/PyIOleInPlaceObject.cpp
[2026-09-20T09:50:50Z] [iter=4] HEARTBEAT target_type=call_site elapsed_min=202.1 files_done=136 resolved=249 errors=2992 current=Pythonwin/ddemodule.h
[2026-09-20T09:52:40Z] [iter=4] HEARTBEAT target_type=call_site elapsed_min=203.9 files_done=138 resolved=252 errors=3017 current=com/win32comext/axdebug/src/PyIEnumDebugCodeContexts.cpp
[2026-09-20T09:57:59Z] [iter=4] HEARTBEAT target_type=call_site elapsed_min=209.2 files_done=141 resolved=252 errors=3090 current=com/win32comext/shell/src/PyIExtractIcon.cpp
[2026-09-20T10:02:10Z] [iter=4] HEARTBEAT target_type=call_site elapsed_min=213.4 files_done=143 resolved=252 errors=3147 current=win32/src/wincerapi_reg.cpp
[2026-09-20T10:03:51Z] [iter=4] HEARTBEAT target_type=call_site elapsed_min=215.1 files_done=144 resolved=259 errors=3170 current=Pythonwin/win32thread.cpp
[2026-09-20T10:04:39Z] [iter=4] HEARTBEAT target_type=call_site elapsed_min=215.9 files_done=145 resolved=259 errors=3181 current=Pythonwin/Scintilla/src/LexGui4Cli.cxx
[2026-09-20T10:07:27Z] [iter=4] HEARTBEAT target_type=call_site elapsed_min=218.7 files_done=146 resolved=264 errors=3219 current=com/win32comext/shell/src/PyIPersistFolder2.cpp
[2026-09-20T10:28:36Z] [iter=4] HEARTBEAT target_type=call_site elapsed_min=239.9 files_done=149 resolved=265 errors=3508 current=com/win32com/src/extensions/PyIPropertyStorage.cpp
[2026-09-20T10:28:45Z] [iter=4] CHECKPOINT TRIGGERED elapsed_min=240.0 files_completed=653 new_files_this_iter=149 mem_mb=1995 MB
[2026-09-20T10:28:45Z] [iter=4] Writing partial enrichment graph path=/home/runner/work/forx/forx/storage/aggregate/lsp/ee8ff7ba36a11e59732c55b5d01434a16a90818d.nq.gz triples=162645
[2026-09-20T10:28:48Z] [iter=4] Checkpoint written, exiting with code 7
[2026-09-20T10:28:48Z] [iter=4] PHASE END: enrich (checkpointed) elapsed_s=14400 elapsed_min=240.0 files_completed=653
