[2026-09-19T22:09:26Z] === ENRICH ITERATION 2 START | repo=mhammond/pywin32 sha=ee8ff7ba ===
[2026-09-19T22:09:26Z] [iter=2] PHASE START: enrich repo=mhammond/pywin32 sha=ee8ff7ba runlog=/home/runner/work/forx/forx/storage/aggregate/lsp/logs/ee8ff7ba-enrich-iter-002.log output=/home/runner/work/forx/forx/storage/aggregate/lsp/ee8ff7ba36a11e59732c55b5d01434a16a90818d.nq.gz
[2026-09-19T22:09:26Z] [iter=2] Step 1: Loading AST into disk-backed store mem_mb=78 MB
[2026-09-19T22:11:20Z] [iter=2] AST store loaded triples=10469515 load_secs=109 mem_mb=1043 MB
[2026-09-19T22:11:20Z] [iter=2] Step 2: Finding LSP targets mem_mb=1043 MB
[2026-09-19T22:11:40Z] [iter=2] LSP targets found call_sites=75775 imports=0 extends=600 implements=0 secs=20
[2026-09-19T22:11:42Z] [iter=2] Loaded checkpoint partial graph triples=58736
[2026-09-19T22:11:55Z] [iter=2] Step 2.7: Building position index (one-shot, shared across resolvers) mem_mb=1043 MB
[2026-09-19T22:13:11Z] [iter=2] Position index built positions=759954 nodes_with_types=945839 secs=76 mem_mb=1863 MB
[2026-09-19T22:13:11Z] [iter=2] Step 3: Starting LSP resolution mem_mb=1863 MB already_completed_types=[] already_completed_files=93
[2026-09-19T22:13:11Z] [iter=2] Resolving target type target_type=call_site count=75775
[2026-09-19T22:13:12Z] [iter=2] HEARTBEAT target_type=call_site elapsed_min=3.8 files_done=0 resolved=0 errors=0 current=adodbapi/tests/testADOdbapi.py
[2026-09-19T22:19:32Z] [iter=2] HEARTBEAT target_type=call_site elapsed_min=10.1 files_done=1 resolved=69 errors=87 current=com/win32comext/axscript/test/testHost.py
[2026-09-19T22:21:04Z] [iter=2] HEARTBEAT target_type=call_site elapsed_min=11.6 files_done=2 resolved=88 errors=108 current=adodbapi/adodbapi.py
[2026-09-19T22:28:28Z] [iter=2] HEARTBEAT target_type=call_site elapsed_min=19.0 files_done=3 resolved=215 errors=209 current=com/win32com/test/daodump.py
[2026-09-19T22:29:02Z] [iter=2] HEARTBEAT target_type=call_site elapsed_min=19.6 files_done=4 resolved=221 errors=217 current=win32/Demos/win32cred_demo.py
[2026-09-19T22:31:56Z] [iter=2] HEARTBEAT target_type=call_site elapsed_min=22.5 files_done=6 resolved=261 errors=256 current=win32/Lib/winioctlcon.py
[2026-09-19T22:44:51Z] [iter=2] HEARTBEAT target_type=call_site elapsed_min=35.4 files_done=7 resolved=262 errors=435 current=Pythonwin/pywin/Demos/threadedgui.py
[2026-09-19T22:46:05Z] [iter=2] HEARTBEAT target_type=call_site elapsed_min=36.7 files_done=8 resolved=267 errors=452 current=com/win32com/client/genpy.py
[2026-09-19T22:51:37Z] [iter=2] HEARTBEAT target_type=call_site elapsed_min=42.2 files_done=9 resolved=357 errors=525 current=com/win32comext/internet/__init__.py
[2026-09-19T22:54:01Z] [iter=2] HEARTBEAT target_type=call_site elapsed_min=44.6 files_done=11 resolved=376 errors=558 current=com/win32com/test/GenTestScripts.py
[2026-09-19T22:56:25Z] [iter=2] HEARTBEAT target_type=call_site elapsed_min=47.0 files_done=13 resolved=409 errors=591 current=com/win32comext/axdebug/expressions.py
[2026-09-19T22:57:36Z] [iter=2] HEARTBEAT target_type=call_site elapsed_min=48.2 files_done=14 resolved=426 errors=607 current=com/win32comext/adsi/demos/test.py
[2026-09-19T22:58:25Z] [iter=2] HEARTBEAT target_type=call_site elapsed_min=49.0 files_done=15 resolved=440 errors=618 current=Pythonwin/pywin/tools/regpy.py
[2026-09-19T22:59:55Z] [iter=2] HEARTBEAT target_type=call_site elapsed_min=50.5 files_done=19 resolved=466 errors=638 current=Pythonwin/pywin/dialogs/status.py
[2026-09-19T23:02:14Z] [iter=2] HEARTBEAT target_type=call_site elapsed_min=52.8 files_done=20 resolved=475 errors=669 current=com/win32comext/shell/demos/servers/empty_volume_cache.py
[2026-09-19T23:04:07Z] [iter=2] HEARTBEAT target_type=call_site elapsed_min=54.7 files_done=22 resolved=511 errors=694 current=com/win32com/test/testall.py
[2026-09-19T23:05:20Z] [iter=2] HEARTBEAT target_type=call_site elapsed_min=55.9 files_done=23 resolved=561 errors=710 current=win32/Demos/win32gui_demo.py
[2026-09-19T23:05:52Z] [iter=2] HEARTBEAT target_type=call_site elapsed_min=56.4 files_done=25 resolved=614 errors=717 current=pywin32_postinstall.py
[2026-09-19T23:08:50Z] [iter=2] HEARTBEAT target_type=call_site elapsed_min=59.4 files_done=26 resolved=712 errors=756 current=win32/Demos/win32gui_devicenotify.py
[2026-09-19T23:11:01Z] [iter=2] HEARTBEAT target_type=call_site elapsed_min=61.6 files_done=29 resolved=822 errors=784 current=Pythonwin/pywin/idle/PyParse.py
[2026-09-19T23:12:59Z] [iter=2] HEARTBEAT target_type=call_site elapsed_min=63.5 files_done=30 resolved=876 errors=809 current=com/win32com/test/util.py
[2026-09-19T23:14:07Z] [iter=2] HEARTBEAT target_type=call_site elapsed_min=64.7 files_done=31 resolved=909 errors=824 current=Pythonwin/pywin/Demos/app/customprint.py
[2026-09-19T23:14:59Z] [iter=2] HEARTBEAT target_type=call_site elapsed_min=65.5 files_done=32 resolved=914 errors=835 current=win32/Demos/security/set_file_audit.py
[2026-09-19T23:16:42Z] [iter=2] HEARTBEAT target_type=call_site elapsed_min=67.3 files_done=34 resolved=940 errors=858 current=win32/test/handles.py
[2026-09-19T23:18:07Z] [iter=2] HEARTBEAT target_type=call_site elapsed_min=68.7 files_done=36 resolved=983 errors=877 current=AutoDuck/document_object.py
[2026-09-19T23:18:38Z] [iter=2] HEARTBEAT target_type=call_site elapsed_min=69.2 files_done=38 resolved=1001 errors=884 current=win32/Demos/security/security_enums.py
[2026-09-19T23:20:25Z] [iter=2] HEARTBEAT target_type=call_site elapsed_min=71.0 files_done=39 resolved=1008 errors=908 current=win32/Lib/pywintypes.py
[2026-09-19T23:25:33Z] [iter=2] HEARTBEAT target_type=call_site elapsed_min=76.1 files_done=41 resolved=1067 errors=977 current=Pythonwin/pywin/Demos/openGLDemo.py
[2026-09-19T23:26:45Z] [iter=2] HEARTBEAT target_type=call_site elapsed_min=77.3 files_done=42 resolved=1070 errors=993 current=win32/Demos/win32gui_dialog.py
[2026-09-19T23:28:29Z] [iter=2] HEARTBEAT target_type=call_site elapsed_min=79.0 files_done=43 resolved=1096 errors=1016 current=isapi/threaded_extension.py
[2026-09-19T23:30:02Z] [iter=2] HEARTBEAT target_type=call_site elapsed_min=80.6 files_done=45 resolved=1128 errors=1037 current=win32/Demos/security/sspi/socket_server.py
[2026-09-19T23:31:04Z] [iter=2] HEARTBEAT target_type=call_site elapsed_min=81.6 files_done=46 resolved=1142 errors=1051 current=com/win32comext/shell/test/testShellItem.py
[2026-09-19T23:33:37Z] [iter=2] HEARTBEAT target_type=call_site elapsed_min=84.2 files_done=48 resolved=1213 errors=1085 current=win32/Demos/winprocess.py
[2026-09-19T23:34:12Z] [iter=2] HEARTBEAT target_type=call_site elapsed_min=84.8 files_done=49 resolved=1229 errors=1093 current=win32/Demos/RegRestoreKey.py
[2026-09-19T23:35:13Z] [iter=2] HEARTBEAT target_type=call_site elapsed_min=85.8 files_done=51 resolved=1244 errors=1107 current=win32/test/test_pywintypes.py
[2026-09-19T23:37:37Z] [iter=2] HEARTBEAT target_type=call_site elapsed_min=88.2 files_done=53 resolved=1303 errors=1140 current=Pythonwin/pywin/mfc/activex.py
[2026-09-19T23:38:21Z] [iter=2] HEARTBEAT target_type=call_site elapsed_min=88.9 files_done=54 resolved=1308 errors=1150 current=Pythonwin/pywin/Demos/splittst.py
[2026-09-19T23:38:51Z] [iter=2] HEARTBEAT target_type=call_site elapsed_min=89.4 files_done=55 resolved=1308 errors=1157 current=Pythonwin/Scintilla/src/LexGen.py
[2026-09-19T23:40:12Z] [iter=2] HEARTBEAT target_type=call_site elapsed_min=90.8 files_done=56 resolved=1378 errors=1174 current=Pythonwin/pywin/scintilla/formatter.py
[2026-09-19T23:44:06Z] [iter=2] HEARTBEAT target_type=call_site elapsed_min=94.7 files_done=57 resolved=1416 errors=1227 current=Pythonwin/pywin/dialogs/list.py
[2026-09-19T23:44:54Z] [iter=2] HEARTBEAT target_type=call_site elapsed_min=95.5 files_done=58 resolved=1421 errors=1238 current=com/win32com/makegw/makegw.py
[2026-09-19T23:47:42Z] [iter=2] HEARTBEAT target_type=call_site elapsed_min=98.3 files_done=59 resolved=1448 errors=1275 current=win32/Demos/print_desktop.py
[2026-09-19T23:55:18Z] [iter=2] HEARTBEAT target_type=call_site elapsed_min=105.9 files_done=63 resolved=1562 errors=1379 current=win32/Demos/SystemParametersInfo.py
[2026-09-19T23:56:06Z] [iter=2] HEARTBEAT target_type=call_site elapsed_min=106.7 files_done=65 resolved=1604 errors=1390 current=com/win32comext/axdebug/Test/host.py
[2026-09-19T23:56:46Z] [iter=2] HEARTBEAT target_type=call_site elapsed_min=107.3 files_done=66 resolved=1610 errors=1399 current=Pythonwin/pywin/tools/TraceCollector.py
[2026-09-19T23:57:16Z] [iter=2] HEARTBEAT target_type=call_site elapsed_min=107.8 files_done=67 resolved=1610 errors=1406 current=win32/Demos/cerapi.py
[2026-09-19T23:57:55Z] [iter=2] HEARTBEAT target_type=call_site elapsed_min=108.5 files_done=68 resolved=1619 errors=1415 current=win32/Demos/win32comport_demo.py
[2026-09-19T23:58:30Z] [iter=2] HEARTBEAT target_type=call_site elapsed_min=109.1 files_done=70 resolved=1646 errors=1423 current=Pythonwin/pywin/framework/dlgappcore.py
[2026-09-20T00:02:40Z] [iter=2] HEARTBEAT target_type=call_site elapsed_min=113.2 files_done=72 resolved=1677 errors=1479 current=Pythonwin/pywin/framework/editor/configui.py
[2026-09-20T00:07:10Z] [iter=2] HEARTBEAT target_type=call_site elapsed_min=117.7 files_done=73 resolved=1682 errors=1541 current=Pythonwin/pywin/mfc/dialog.py
[2026-09-20T00:08:42Z] [iter=2] HEARTBEAT target_type=call_site elapsed_min=119.3 files_done=74 resolved=1695 errors=1561 current=com/win32comext/mapi/demos/mapisend.py
[2026-09-20T00:09:17Z] [iter=2] HEARTBEAT target_type=call_site elapsed_min=119.8 files_done=76 resolved=1709 errors=1569 current=Pythonwin/pywin/scintilla/IDLEenvironment.py
[2026-09-20T00:16:25Z] [iter=2] HEARTBEAT target_type=call_site elapsed_min=127.0 files_done=77 resolved=1754 errors=1665 current=com/win32comext/shell/test/testSHFileOperation.py
[2026-09-20T00:17:01Z] [iter=2] HEARTBEAT target_type=call_site elapsed_min=127.6 files_done=79 resolved=1772 errors=1673 current=win32/Lib/win32pdhutil.py
[2026-09-20T00:17:58Z] [iter=2] HEARTBEAT target_type=call_site elapsed_min=128.5 files_done=80 resolved=1780 errors=1686 current=com/win32comext/adsi/demos/search.py
[2026-09-20T00:18:46Z] [iter=2] HEARTBEAT target_type=call_site elapsed_min=129.3 files_done=81 resolved=1796 errors=1697 current=win32/scripts/rasutil.py
[2026-09-20T00:21:07Z] [iter=2] HEARTBEAT target_type=call_site elapsed_min=131.7 files_done=83 resolved=1819 errors=1729 current=com/win32com/test/testvbscript_regexp.py
[2026-09-20T00:22:49Z] [iter=2] HEARTBEAT target_type=call_site elapsed_min=133.4 files_done=85 resolved=1830 errors=1752 current=win32/scripts/VersionStamp/BrandProject.py
[2026-09-20T00:23:19Z] [iter=2] HEARTBEAT target_type=call_site elapsed_min=133.9 files_done=86 resolved=1838 errors=1759 current=Pythonwin/pywin/Demos/ocx/msoffice.py
[2026-09-20T00:23:50Z] [iter=2] HEARTBEAT target_type=call_site elapsed_min=134.4 files_done=87 resolved=1839 errors=1766 current=com/win32com/test/testIterators.py
[2026-09-20T00:24:26Z] [iter=2] HEARTBEAT target_type=call_site elapsed_min=135.0 files_done=89 resolved=1955 errors=1774 current=Pythonwin/pywin/Demos/createwin.py
[2026-09-20T00:25:09Z] [iter=2] HEARTBEAT target_type=call_site elapsed_min=135.7 files_done=90 resolved=1956 errors=1784 current=com/win32com/demos/excelAddin.py
[2026-09-20T00:25:40Z] [iter=2] HEARTBEAT target_type=call_site elapsed_min=136.2 files_done=91 resolved=1956 errors=1791 current=adodbapi/tests/test_adodbapi_dbapi20.py
[2026-09-20T00:26:29Z] [iter=2] HEARTBEAT target_type=call_site elapsed_min=137.0 files_done=92 resolved=1968 errors=1802 current=win32/Demos/security/localized_names.py
[2026-09-20T00:27:43Z] [iter=2] HEARTBEAT target_type=call_site elapsed_min=138.3 files_done=94 resolved=1997 errors=1819 current=win32/Demos/win32clipboardDemo.py
[2026-09-20T00:29:16Z] [iter=2] HEARTBEAT target_type=call_site elapsed_min=139.8 files_done=96 resolved=2031 errors=1840 current=com/win32com/test/testMSOffice.py
[2026-09-20T00:31:05Z] [iter=2] HEARTBEAT target_type=call_site elapsed_min=141.6 files_done=97 resolved=2036 errors=1865 current=win32/Demos/security/setsecurityinfo.py
[2026-09-20T00:31:36Z] [iter=2] HEARTBEAT target_type=call_site elapsed_min=142.2 files_done=101 resolved=2046 errors=1872 current=Pythonwin/pywin/mfc/thread.py
[2026-09-20T00:34:22Z] [iter=2] HEARTBEAT target_type=call_site elapsed_min=144.9 files_done=104 resolved=2062 errors=1910 current=win32/Lib/win32traceutil.py
[2026-09-20T00:36:13Z] [iter=2] HEARTBEAT target_type=call_site elapsed_min=146.8 files_done=106 resolved=2098 errors=1935 current=com/win32comext/taskscheduler/test/test_addtask_1.py
[2026-09-20T00:36:48Z] [iter=2] HEARTBEAT target_type=call_site elapsed_min=147.4 files_done=108 resolved=2119 errors=1943 current=win32/test/test_win32inet.py
[2026-09-20T00:39:21Z] [iter=2] HEARTBEAT target_type=call_site elapsed_min=149.9 files_done=111 resolved=2143 errors=1978 current=com/win32comext/shell/demos/explorer_browser.py
[2026-09-20T00:40:26Z] [iter=2] HEARTBEAT target_type=call_site elapsed_min=151.0 files_done=114 resolved=2163 errors=1993 current=com/win32comext/axdebug/codecontainer.py
[2026-09-20T00:42:37Z] [iter=2] HEARTBEAT target_type=call_site elapsed_min=153.2 files_done=115 resolved=2188 errors=2023 current=com/win32comext/axscript/test/testHost4Dbg.py
[2026-09-20T00:43:09Z] [iter=2] HEARTBEAT target_type=call_site elapsed_min=153.7 files_done=118 resolved=2228 errors=2030 current=com/win32comext/taskscheduler/__init__.py
[2026-09-20T00:43:49Z] [iter=2] HEARTBEAT target_type=call_site elapsed_min=154.4 files_done=120 resolved=2232 errors=2039 current=com/win32comext/taskscheduler/test/test_addtask_2.py
[2026-09-20T00:44:41Z] [iter=2] HEARTBEAT target_type=call_site elapsed_min=155.2 files_done=122 resolved=2249 errors=2051 current=com/win32com/demos/connect.py
[2026-09-20T00:45:33Z] [iter=2] HEARTBEAT target_type=call_site elapsed_min=156.1 files_done=123 resolved=2250 errors=2063 current=com/win32comext/axdebug/debugger.py
[2026-09-20T00:46:52Z] [iter=2] HEARTBEAT target_type=call_site elapsed_min=157.4 files_done=124 resolved=2257 errors=2081 current=Pythonwin/pywin/Demos/ocx/webbrowser.py
[2026-09-20T00:47:31Z] [iter=2] HEARTBEAT target_type=call_site elapsed_min=158.1 files_done=126 resolved=2266 errors=2090 current=Pythonwin/pywin/idle/CallTips.py
[2026-09-20T00:48:32Z] [iter=2] HEARTBEAT target_type=call_site elapsed_min=159.1 files_done=127 resolved=2285 errors=2104 current=win32/Demos/security/query_information.py
[2026-09-20T00:49:16Z] [iter=2] HEARTBEAT target_type=call_site elapsed_min=159.8 files_done=129 resolved=2286 errors=2114 current=com/win32comext/adsi/adsicon.py
[2026-09-20T00:50:47Z] [iter=2] HEARTBEAT target_type=call_site elapsed_min=161.3 files_done=130 resolved=2286 errors=2135 current=win32/Lib/pywin32_testutil.py
[2026-09-20T00:52:15Z] [iter=2] HEARTBEAT target_type=call_site elapsed_min=162.8 files_done=131 resolved=2322 errors=2155 current=win32/Demos/win32gui_menu.py
[2026-09-20T00:57:14Z] [iter=2] HEARTBEAT target_type=call_site elapsed_min=167.8 files_done=134 resolved=2402 errors=2223 current=com/win32com/demos/iebutton.py
[2026-09-20T00:57:53Z] [iter=2] HEARTBEAT target_type=call_site elapsed_min=168.5 files_done=136 resolved=2420 errors=2262 current=com/win32comext/shell/demos/IUniformResourceLocator.py
[2026-09-20T00:58:37Z] [iter=2] HEARTBEAT target_type=call_site elapsed_min=169.2 files_done=138 resolved=2424 errors=2272 current=win32/Demos/security/set_file_owner.py
[2026-09-20T00:59:12Z] [iter=2] HEARTBEAT target_type=call_site elapsed_min=169.8 files_done=140 resolved=2427 errors=2280 current=AutoDuck/makedfromi.py
[2026-09-20T00:59:45Z] [iter=2] HEARTBEAT target_type=call_site elapsed_min=170.3 files_done=141 resolved=2483 errors=2287 current=win32/test/test_win32wnet.py
[2026-09-20T01:00:16Z] [iter=2] HEARTBEAT target_type=call_site elapsed_min=170.8 files_done=142 resolved=2502 errors=2294 current=Pythonwin/pywin/Demos/ocx/ocxtest.py
[2026-09-20T01:01:52Z] [iter=2] HEARTBEAT target_type=call_site elapsed_min=172.4 files_done=143 resolved=2506 errors=2316 current=adodbapi/tests/db_print.py
[2026-09-20T01:02:29Z] [iter=2] HEARTBEAT target_type=call_site elapsed_min=173.1 files_done=147 resolved=2548 errors=2324 current=win32/test/test_win32crypt.py
[2026-09-20T01:03:05Z] [iter=2] HEARTBEAT target_type=call_site elapsed_min=173.6 files_done=149 resolved=2564 errors=2332 current=Pythonwin/pywin/framework/editor/vss.py
[2026-09-20T01:08:34Z] [iter=2] HEARTBEAT target_type=call_site elapsed_min=179.1 files_done=152 resolved=2611 errors=2406 current=win32/Demos/win32wnet/testwnet.py
[2026-09-20T01:09:23Z] [iter=2] HEARTBEAT target_type=call_site elapsed_min=179.9 files_done=154 resolved=2627 errors=2417 current=com/win32com/demos/eventsApartmentThreaded.py
[2026-09-20T01:09:58Z] [iter=2] HEARTBEAT target_type=call_site elapsed_min=180.5 files_done=156 resolved=2627 errors=2425 current=win32/Demos/win32clipboard_bitmapdemo.py
[2026-09-20T01:11:31Z] [iter=2] HEARTBEAT target_type=call_site elapsed_min=182.1 files_done=159 resolved=2634 errors=2446 current=win32/Lib/mmsystem.py
[2026-09-20T01:14:46Z] [iter=2] HEARTBEAT target_type=call_site elapsed_min=185.3 files_done=161 resolved=2681 errors=2490 current=com/win32comext/shell/test/testShellFolder.py
[2026-09-20T01:17:47Z] [iter=2] HEARTBEAT target_type=call_site elapsed_min=188.3 files_done=164 resolved=2689 errors=2581 current=Pythonwin/pywin/Demos/menutest.py
[2026-09-20T01:18:23Z] [iter=2] HEARTBEAT target_type=call_site elapsed_min=188.9 files_done=166 resolved=2700 errors=2589 current=win32/Demos/mmapfile_demo.py
[2026-09-20T01:18:59Z] [iter=2] HEARTBEAT target_type=call_site elapsed_min=189.6 files_done=169 resolved=2716 errors=2597 current=com/win32com/test/testAXScript.py
[2026-09-20T01:20:05Z] [iter=2] HEARTBEAT target_type=call_site elapsed_min=190.6 files_done=171 resolved=2745 errors=2612 current=com/win32com/servers/dictionary.py
[2026-09-20T01:20:58Z] [iter=2] HEARTBEAT target_type=call_site elapsed_min=191.5 files_done=172 resolved=2750 errors=2624 current=isapi/samples/redirector_asynch.py
[2026-09-20T01:22:52Z] [iter=2] HEARTBEAT target_type=call_site elapsed_min=193.4 files_done=174 resolved=2762 errors=2650 current=com/win32comext/shell/demos/create_link.py
[2026-09-20T01:23:23Z] [iter=2] HEARTBEAT target_type=call_site elapsed_min=194.0 files_done=176 resolved=2780 errors=2657 current=win32/Lib/regcheck.py
[2026-09-20T01:24:38Z] [iter=2] HEARTBEAT target_type=call_site elapsed_min=195.2 files_done=177 resolved=2785 errors=2674 current=Pythonwin/pywin/debugger/fail.py
[2026-09-20T01:25:08Z] [iter=2] HEARTBEAT target_type=call_site elapsed_min=195.7 files_done=178 resolved=2788 errors=2681 current=com/win32comext/axscript/test/leakTest.py
[2026-09-20T01:26:06Z] [iter=2] HEARTBEAT target_type=call_site elapsed_min=196.7 files_done=179 resolved=2795 errors=2694 current=win32/Demos/security/sspi/fetch_url.py
[2026-09-20T01:26:46Z] [iter=2] HEARTBEAT target_type=call_site elapsed_min=197.3 files_done=182 resolved=2815 errors=2703 current=win32/Demos/win32fileDemo.py
[2026-09-20T01:28:01Z] [iter=2] HEARTBEAT target_type=call_site elapsed_min=198.6 files_done=185 resolved=2833 errors=2720 current=com/win32com/demos/dump_clipboard.py
[2026-09-20T01:30:16Z] [iter=2] HEARTBEAT target_type=call_site elapsed_min=200.8 files_done=188 resolved=2853 errors=2751 current=win32/test/test_win32rcparser.py
[2026-09-20T01:31:34Z] [iter=2] HEARTBEAT target_type=call_site elapsed_min=202.1 files_done=190 resolved=2873 errors=2769 current=win32/test/test_security.py
[2026-09-20T01:32:10Z] [iter=2] HEARTBEAT target_type=call_site elapsed_min=202.7 files_done=194 resolved=2902 errors=2777 current=com/win32comext/shell/demos/dump_link.py
[2026-09-20T01:33:02Z] [iter=2] HEARTBEAT target_type=call_site elapsed_min=203.6 files_done=196 resolved=2912 errors=2789 current=com/win32com/__init__.py
[2026-09-20T01:34:55Z] [iter=2] HEARTBEAT target_type=call_site elapsed_min=205.5 files_done=198 resolved=2937 errors=2815 current=win32/Demos/security/set_policy_info.py
[2026-09-20T01:36:17Z] [iter=2] HEARTBEAT target_type=call_site elapsed_min=206.8 files_done=200 resolved=2942 errors=2834 current=Pythonwin/pywin/framework/stdin.py
[2026-09-20T01:37:25Z] [iter=2] HEARTBEAT target_type=call_site elapsed_min=208.0 files_done=201 resolved=2954 errors=2850 current=isapi/test/extension_simple.py
[2026-09-20T01:38:31Z] [iter=2] HEARTBEAT target_type=call_site elapsed_min=209.1 files_done=205 resolved=2990 errors=2865 current=Pythonwin/pywin/Demos/hiertest.py
[2026-09-20T01:39:48Z] [iter=2] HEARTBEAT target_type=call_site elapsed_min=210.4 files_done=206 resolved=3001 errors=2883 current=com/win32com/test/testStorage.py
[2026-09-20T01:41:10Z] [iter=2] HEARTBEAT target_type=call_site elapsed_min=211.7 files_done=208 resolved=3010 errors=2902 current=Pythonwin/pywin/dialogs/ideoptions.py
[2026-09-20T01:41:48Z] [iter=2] HEARTBEAT target_type=call_site elapsed_min=212.4 files_done=209 resolved=3018 errors=2911 current=com/win32com/client/util.py
[2026-09-20T01:42:23Z] [iter=2] HEARTBEAT target_type=call_site elapsed_min=212.9 files_done=210 resolved=3028 errors=2919 current=com/win32com/test/testGIT.py
[2026-09-20T01:42:58Z] [iter=2] HEARTBEAT target_type=call_site elapsed_min=213.5 files_done=211 resolved=3037 errors=2927 current=com/win32com/test/testServers.py
[2026-09-20T01:43:28Z] [iter=2] HEARTBEAT target_type=call_site elapsed_min=214.0 files_done=212 resolved=3039 errors=2934 current=Pythonwin/pywin/Demos/app/dojobapp.py
[2026-09-20T01:44:11Z] [iter=2] HEARTBEAT target_type=call_site elapsed_min=214.7 files_done=216 resolved=3048 errors=2944 current=com/win32comext/taskscheduler/test/test_addtask.py
[2026-09-20T01:44:42Z] [iter=2] HEARTBEAT target_type=call_site elapsed_min=215.3 files_done=222 resolved=3097 errors=2951 current=com/win32com/test/testxslt.py
[2026-09-20T01:45:12Z] [iter=2] HEARTBEAT target_type=call_site elapsed_min=215.8 files_done=226 resolved=3123 errors=2958 current=com/win32comext/shell/demos/servers/context_menu.py
[2026-09-20T01:45:55Z] [iter=2] HEARTBEAT target_type=call_site elapsed_min=216.5 files_done=228 resolved=3130 errors=2968 current=Pythonwin/pywin/framework/editor/template.py
[2026-09-20T01:46:25Z] [iter=2] HEARTBEAT target_type=call_site elapsed_min=217.0 files_done=231 resolved=3139 errors=2975 current=win32/Demos/CopyFileEx.py
[2026-09-20T01:47:21Z] [iter=2] HEARTBEAT target_type=call_site elapsed_min=217.9 files_done=235 resolved=3155 errors=2988 current=com/win32com/server/connect.py
[2026-09-20T01:48:00Z] [iter=2] HEARTBEAT target_type=call_site elapsed_min=218.6 files_done=236 resolved=3156 errors=2997 current=win32/Demos/security/sa_inherit.py
[2026-09-20T01:48:31Z] [iter=2] HEARTBEAT target_type=call_site elapsed_min=219.1 files_done=238 resolved=3160 errors=3004 current=com/win32comext/axdebug/dump.py
[2026-09-20T01:49:31Z] [iter=2] HEARTBEAT target_type=call_site elapsed_min=220.1 files_done=242 resolved=3168 errors=3018 current=Pythonwin/pywin/Demos/app/demoutils.py
[2026-09-20T01:50:02Z] [iter=2] HEARTBEAT target_type=call_site elapsed_min=220.6 files_done=245 resolved=3174 errors=3025 current=com/win32com/servers/PythonTools.py
[2026-09-20T01:50:32Z] [iter=2] HEARTBEAT target_type=call_site elapsed_min=221.1 files_done=250 resolved=3184 errors=3032 current=com/win32comext/directsound/__init__.py
[2026-09-20T01:51:03Z] [iter=2] HEARTBEAT target_type=call_site elapsed_min=221.6 files_done=253 resolved=3204 errors=3039 current=win32/Demos/security/lsaregevent.py
[2026-09-20T01:51:46Z] [iter=2] HEARTBEAT target_type=call_site elapsed_min=222.3 files_done=255 resolved=3220 errors=3049 current=com/win32com/demos/eventsFreeThreaded.py
[2026-09-20T01:52:29Z] [iter=2] HEARTBEAT target_type=call_site elapsed_min=223.0 files_done=259 resolved=3229 errors=3059 current=Pythonwin/pywin/Demos/app/helloapp.py
[2026-09-20T01:53:00Z] [iter=2] HEARTBEAT target_type=call_site elapsed_min=223.6 files_done=263 resolved=3268 errors=3066 current=Pythonwin/pywin/mfc/window.py
[2026-09-20T01:53:34Z] [iter=2] HEARTBEAT target_type=call_site elapsed_min=224.1 files_done=265 resolved=3270 errors=3074 current=com/win32comext/bits/test/show_all_jobs.py
[2026-09-20T01:54:04Z] [iter=2] HEARTBEAT target_type=call_site elapsed_min=224.6 files_done=268 resolved=3285 errors=3081 current=com/win32com/test/testDictionary.py
[2026-09-20T01:55:26Z] [iter=2] HEARTBEAT target_type=call_site elapsed_min=226.0 files_done=269 resolved=3289 errors=3100 current=win32/Demos/pipes/cat.py
[2026-09-20T01:56:05Z] [iter=2] HEARTBEAT target_type=call_site elapsed_min=226.6 files_done=272 resolved=3316 errors=3109 current=com/win32com/test/testNetscape.py
[2026-09-20T01:57:14Z] [iter=2] HEARTBEAT target_type=call_site elapsed_min=227.8 files_done=279 resolved=3329 errors=3125 current=win32/Lib/winnt.py
[2026-09-20T01:57:48Z] [iter=2] HEARTBEAT target_type=call_site elapsed_min=228.4 files_done=286 resolved=3336 errors=3133 current=win32/Lib/winxptheme.py
[2026-09-20T01:58:19Z] [iter=2] HEARTBEAT target_type=call_site elapsed_min=228.9 files_done=296 resolved=3354 errors=3140 current=com/pythoncom.py
[2026-09-20T01:58:58Z] [iter=2] HEARTBEAT target_type=call_site elapsed_min=229.5 files_done=306 resolved=3364 errors=3149 current=com/win32comext/taskscheduler/test/test_localsystem.py
[2026-09-20T02:00:01Z] [iter=2] HEARTBEAT target_type=call_site elapsed_min=230.6 files_done=317 resolved=3374 errors=3163 current=com/win32comext/axdebug/src/AXDebug.cpp
[2026-09-20T02:08:04Z] [iter=2] HEARTBEAT target_type=call_site elapsed_min=238.6 files_done=318 resolved=3374 errors=3275 current=Pythonwin/Scintilla/src/LexAsn1.cxx
[2026-09-20T02:09:43Z] [iter=2] CHECKPOINT TRIGGERED elapsed_min=240.3 files_completed=411 new_files_this_iter=318 mem_mb=1890 MB
[2026-09-20T02:09:43Z] [iter=2] Writing partial enrichment graph path=/home/runner/work/forx/forx/storage/aggregate/lsp/ee8ff7ba36a11e59732c55b5d01434a16a90818d.nq.gz triples=104244
[2026-09-20T02:09:46Z] [iter=2] Checkpoint written, exiting with code 7
[2026-09-20T02:09:46Z] [iter=2] PHASE END: enrich (checkpointed) elapsed_s=14417 elapsed_min=240.3 files_completed=411
